Component: Arm Compiler for Embedded 6.19 Tool: armlink [5e73cb00]

==============================================================================

Section Cross References

    startup_stm32f405xx.o(RESET) refers to startup_stm32f405xx.o(STACK) for __initial_sp
    startup_stm32f405xx.o(RESET) refers to startup_stm32f405xx.o(.text) for Reset_Handler
    startup_stm32f405xx.o(RESET) refers to stm32f4xx_it.o(.text.NMI_Handler) for NMI_Handler
    startup_stm32f405xx.o(RESET) refers to stm32f4xx_it.o(.text.HardFault_Handler) for HardFault_Handler
    startup_stm32f405xx.o(RESET) refers to stm32f4xx_it.o(.text.MemManage_Handler) for MemManage_Handler
    startup_stm32f405xx.o(RESET) refers to stm32f4xx_it.o(.text.BusFault_Handler) for BusFault_Handler
    startup_stm32f405xx.o(RESET) refers to stm32f4xx_it.o(.text.UsageFault_Handler) for UsageFault_Handler
    startup_stm32f405xx.o(RESET) refers to port.o(.text.SVC_Handler) for SVC_Handler
    startup_stm32f405xx.o(RESET) refers to stm32f4xx_it.o(.text.DebugMon_Handler) for DebugMon_Handler
    startup_stm32f405xx.o(RESET) refers to port.o(.text.PendSV_Handler) for PendSV_Handler
    startup_stm32f405xx.o(RESET) refers to port.o(.text.SysTick_Handler) for SysTick_Handler
    startup_stm32f405xx.o(RESET) refers to stm32f4xx_it.o(.text.CAN1_RX0_IRQHandler) for CAN1_RX0_IRQHandler
    startup_stm32f405xx.o(RESET) refers to stm32f4xx_it.o(.text.CAN1_SCE_IRQHandler) for CAN1_SCE_IRQHandler
    startup_stm32f405xx.o(RESET) refers to stm32f4xx_it.o(.text.TIM3_IRQHandler) for TIM3_IRQHandler
    startup_stm32f405xx.o(RESET) refers to stm32f4xx_it.o(.text.TIM8_UP_TIM13_IRQHandler) for TIM8_UP_TIM13_IRQHandler
    startup_stm32f405xx.o(RESET) refers to stm32f4xx_it.o(.text.TIM8_TRG_COM_TIM14_IRQHandler) for TIM8_TRG_COM_TIM14_IRQHandler
    startup_stm32f405xx.o(RESET) refers to stm32f4xx_it.o(.text.DMA1_Stream7_IRQHandler) for DMA1_Stream7_IRQHandler
    startup_stm32f405xx.o(RESET) refers to stm32f4xx_it.o(.text.UART4_IRQHandler) for UART4_IRQHandler
    startup_stm32f405xx.o(RESET) refers to stm32f4xx_it.o(.text.UART5_IRQHandler) for UART5_IRQHandler
    startup_stm32f405xx.o(RESET) refers to stm32f4xx_it.o(.text.TIM6_DAC_IRQHandler) for TIM6_DAC_IRQHandler
    startup_stm32f405xx.o(RESET) refers to stm32f4xx_it.o(.text.CAN2_RX1_IRQHandler) for CAN2_RX1_IRQHandler
    startup_stm32f405xx.o(RESET) refers to stm32f4xx_it.o(.text.CAN2_SCE_IRQHandler) for CAN2_SCE_IRQHandler
    startup_stm32f405xx.o(.text) refers to system_stm32f4xx.o(.text.SystemInit) for SystemInit
    startup_stm32f405xx.o(.text) refers to entry.o(.ARM.Collect$$$$00000000) for __main
    main.o(.text.main) refers to stm32f4xx_hal.o(.text.HAL_Init) for HAL_Init
    main.o(.text.main) refers to main.o(.text.SystemClock_Config) for SystemClock_Config
    main.o(.text.main) refers to gpio.o(.text.MX_GPIO_Init) for MX_GPIO_Init
    main.o(.text.main) refers to dma.o(.text.MX_DMA_Init) for MX_DMA_Init
    main.o(.text.main) refers to can.o(.text.MX_CAN1_Init) for MX_CAN1_Init
    main.o(.text.main) refers to can.o(.text.MX_CAN2_Init) for MX_CAN2_Init
    main.o(.text.main) refers to tim.o(.text.MX_TIM14_Init) for MX_TIM14_Init
    main.o(.text.main) refers to tim.o(.text.MX_TIM4_Init) for MX_TIM4_Init
    main.o(.text.main) refers to tim.o(.text.MX_TIM6_Init) for MX_TIM6_Init
    main.o(.text.main) refers to usart.o(.text.MX_UART5_Init) for MX_UART5_Init
    main.o(.text.main) refers to usart.o(.text.MX_UART4_Init) for MX_UART4_Init
    main.o(.text.main) refers to spi.o(.text.MX_SPI2_Init) for MX_SPI2_Init
    main.o(.text.main) refers to tim.o(.text.MX_TIM13_Init) for MX_TIM13_Init
    main.o(.text.main) refers to can.o(.bss.hcan1) for hcan1
    main.o(.text.main) refers to can_bsp.o(.text.CAN_Init) for CAN_Init
    main.o(.text.main) refers to can.o(.bss.hcan2) for hcan2
    main.o(.text.main) refers to tim.o(.bss.htim6) for htim6
    main.o(.text.main) refers to stm32f4xx_hal_tim.o(.text.HAL_TIM_Base_Start_IT) for HAL_TIM_Base_Start_IT
    main.o(.text.main) refers to myserial.o(.text.mySerial_Init) for mySerial_Init
    main.o(.text.main) refers to rgb.o(.text.Test_Self_RGB) for Test_Self_RGB
    main.o(.text.main) refers to freertos.o(.text.MX_FREERTOS_Init) for MX_FREERTOS_Init
    main.o(.text.main) refers to cmsis_os.o(.text.osKernelStart) for osKernelStart
    main.o(.ARM.exidx.text.main) refers to main.o(.text.main) for [Anonymous Symbol]
    main.o(.text.SystemClock_Config) refers to memseta.o(.text) for __aeabi_memclr4
    main.o(.text.SystemClock_Config) refers to stm32f4xx_hal_rcc.o(.text.HAL_RCC_OscConfig) for HAL_RCC_OscConfig
    main.o(.text.SystemClock_Config) refers to stm32f4xx_hal_rcc.o(.text.HAL_RCC_ClockConfig) for HAL_RCC_ClockConfig
    main.o(.ARM.exidx.text.SystemClock_Config) refers to main.o(.text.SystemClock_Config) for [Anonymous Symbol]
    main.o(.ARM.exidx.text.Error_Handler) refers to main.o(.text.Error_Handler) for [Anonymous Symbol]
[...]
    HAL_RCC_OscConfig                        0x08002a45   Thumb Code   836  stm32f4xx_hal_rcc.o(.text.HAL_RCC_OscConfig)
    HAL_SPI_Init                             0x08002d89   Thumb Code   172  stm32f4xx_hal_spi.o(.text.HAL_SPI_Init)
    HAL_SPI_MspInit                          0x08002e35   Thumb Code   172  spi.o(.text.HAL_SPI_MspInit)
    HAL_TIMEx_BreakCallback                  0x08002ee1   Thumb Code     2  stm32f4xx_hal_tim_ex.o(.text.HAL_TIMEx_BreakCallback)
    HAL_TIMEx_CommutCallback                 0x08002ee5   Thumb Code     2  stm32f4xx_hal_tim_ex.o(.text.HAL_TIMEx_CommutCallback)
    HAL_TIMEx_MasterConfigSynchronization    0x08002ee9   Thumb Code   174  stm32f4xx_hal_tim_ex.o(.text.HAL_TIMEx_MasterConfigSynchronization)
    HAL_TIM_Base_Init                        0x08002f99   Thumb Code    64  stm32f4xx_hal_tim.o(.text.HAL_TIM_Base_Init)
    HAL_TIM_Base_MspInit                     0x08002fd9   Thumb Code   282  tim.o(.text.HAL_TIM_Base_MspInit)
    HAL_TIM_Base_Start_IT                    0x080030f5   Thumb Code   164  stm32f4xx_hal_tim.o(.text.HAL_TIM_Base_Start_IT)
    HAL_TIM_Base_Stop_IT                     0x08003199   Thumb Code    48  stm32f4xx_hal_tim.o(.text.HAL_TIM_Base_Stop_IT)
    HAL_TIM_ConfigClockSource                0x080031c9   Thumb Code   402  stm32f4xx_hal_tim.o(.text.HAL_TIM_ConfigClockSource)
    HAL_TIM_ErrorCallback                    0x0800335d   Thumb Code     2  stm32f4xx_hal_tim.o(.text.HAL_TIM_ErrorCallback)
    HAL_TIM_IC_CaptureCallback               0x08003361   Thumb Code     2  stm32f4xx_hal_tim.o(.text.HAL_TIM_IC_CaptureCallback)
    HAL_TIM_IRQHandler                       0x08003365   Thumb Code   362  stm32f4xx_hal_tim.o(.text.HAL_TIM_IRQHandler)
    HAL_TIM_OC_DelayElapsedCallback          0x080034d1   Thumb Code     2  stm32f4xx_hal_tim.o(.text.HAL_TIM_OC_DelayElapsedCallback)
    HAL_TIM_PWM_ConfigChannel                0x080034d5   Thumb Code   530  stm32f4xx_hal_tim.o(.text.HAL_TIM_PWM_ConfigChannel)
    HAL_TIM_PWM_Init                         0x080036e9   Thumb Code    64  stm32f4xx_hal_tim.o(.text.HAL_TIM_PWM_Init)
    HAL_TIM_PWM_MspInit                      0x08003729   Thumb Code     2  stm32f4xx_hal_tim.o(.text.HAL_TIM_PWM_MspInit)
    HAL_TIM_PWM_PulseFinishedCallback        0x0800372d   Thumb Code   428  rgb.o(.text.HAL_TIM_PWM_PulseFinishedCallback)
    HAL_TIM_PWM_PulseFinishedHalfCpltCallback 0x080038d9   Thumb Code     2  stm32f4xx_hal_tim.o(.text.HAL_TIM_PWM_PulseFinishedHalfCpltCallback)
    HAL_TIM_PWM_Start_DMA                    0x080038dd   Thumb Code   646  stm32f4xx_hal_tim.o(.text.HAL_TIM_PWM_Start_DMA)
    HAL_TIM_PWM_Stop_DMA                     0x08003b65   Thumb Code   240  stm32f4xx_hal_tim.o(.text.HAL_TIM_PWM_Stop_DMA)
    HAL_TIM_PeriodElapsedCallback            0x08003c55   Thumb Code    32  main.o(.text.HAL_TIM_PeriodElapsedCallback)
    HAL_TIM_TriggerCallback                  0x08003c75   Thumb Code     2  stm32f4xx_hal_tim.o(.text.HAL_TIM_TriggerCallback)
    HAL_UARTEx_RxEventCallback               0x08003c79   Thumb Code     2  stm32f4xx_hal_uart.o(.text.HAL_UARTEx_RxEventCallback)
    HAL_UART_ErrorCallback                   0x08003c7d   Thumb Code     2  stm32f4xx_hal_uart.o(.text.HAL_UART_ErrorCallback)
    HAL_UART_IRQHandler                      0x08003c81   Thumb Code   750  stm32f4xx_hal_uart.o(.text.HAL_UART_IRQHandler)
    HAL_UART_Init                            0x08003f71   Thumb Code    84  stm32f4xx_hal_uart.o(.text.HAL_UART_Init)
    HAL_UART_MspInit                         0x08003fc5   Thumb Code   264  usart.o(.text.HAL_UART_MspInit)
    HAL_UART_Receive_IT                      0x080040cd   Thumb Code    88  stm32f4xx_hal_uart.o(.text.HAL_UART_Receive_IT)
    HAL_UART_RxCpltCallback                  0x08004125   Thumb Code   202  myserial.o(.text.HAL_UART_RxCpltCallback)
    HAL_UART_Transmit                        0x080041f1   Thumb Code   354  stm32f4xx_hal_uart.o(.text.HAL_UART_Transmit)
    HAL_UART_TxCpltCallback                  0x08004355   Thumb Code     2  stm32f4xx_hal_uart.o(.text.HAL_UART_TxCpltCallback)
    HardFault_Handler                        0x08004359   Thumb Code     2  stm32f4xx_it.o(.text.HardFault_Handler)
    MX_CAN1_Init                             0x0800435d   Thumb Code    74  can.o(.text.MX_CAN1_Init)
    MX_CAN2_Init                             0x080043a9   Thumb Code    72  can.o(.text.MX_CAN2_Init)
    MX_DMA_Init                              0x080043f1   Thumb Code    56  dma.o(.text.MX_DMA_Init)
    MX_FREERTOS_Init                         0x08004429   Thumb Code   772  freertos.o(.text.MX_FREERTOS_Init)
    MX_GPIO_Init                             0x0800472d   Thumb Code   170  gpio.o(.text.MX_GPIO_Init)
    MX_SPI2_Init                             0x080047d9   Thumb Code    70  spi.o(.text.MX_SPI2_Init)
    MX_TIM13_Init                            0x08004821   Thumb Code    52  tim.o(.text.MX_TIM13_Init)
    MX_TIM14_Init                            0x08004855   Thumb Code    52  tim.o(.text.MX_TIM14_Init)
    MX_TIM4_Init                             0x08004889   Thumb Code   266  tim.o(.text.MX_TIM4_Init)
    MX_TIM6_Init                             0x08004995   Thumb Code    82  tim.o(.text.MX_TIM6_Init)
    MX_UART4_Init                            0x080049e9   Thumb Code    60  usart.o(.text.MX_UART4_Init)
    MX_UART5_Init                            0x08004a25   Thumb Code    60  usart.o(.text.MX_UART5_Init)
    Mec_Delay                                0x08004a61   Thumb Code    56  mecanum_wheel.o(.text.Mec_Delay)
    MemManage_Handler                        0x08004a99   Thumb Code     2  stm32f4xx_it.o(.text.MemManage_Handler)
    NMI_Handler                              0x08004a9d   Thumb Code     2  stm32f4xx_it.o(.text.NMI_Handler)
    PID_Cal                                  0x08004aa1   Thumb Code   310  run.o(.text.PID_Cal)
    PID_Calculate                            0x08004bd9   Thumb Code   236  pid.o(.text.PID_Calculate)
    PendSV_Handler                           0x08004cd1   Thumb Code   100  port.o(.text.PendSV_Handler)
    RGB_Color_Convert                        0x08004d35   Thumb Code   398  rgb.o(.text.RGB_Color_Convert)
    RM3508_Get_Feedback                      0x08004ec5   Thumb Code   138  rm3508.o(.text.RM3508_Get_Feedback)
    RM3508_Get_Pos                           0x08004f51   Thumb Code    18  rm3508.o(.text.RM3508_Get_Pos)
    RM3508_Set_I                             0x08004f65   Thumb Code   236  rm3508.o(.text.RM3508_Set_I)
    RM3508_Set_NowPos                        0x08005051   Thumb Code    18  rm3508.o(.text.RM3508_Set_NowPos)
    RM3508_Set_Pos                           0x08005065   Thumb Code   356  rm3508.o(.text.RM3508_Set_Pos)
    RM3508_Set_Speed                         0x080051c9   Thumb Code   388  rm3508.o(.text.RM3508_Set_Speed)
    Robot_Pos_Move_PID_V1                    0x08005351   Thumb Code   536  point_control.o(.text.Robot_Pos_Move_PID_V1)
    Robot_Pos_Move_PID_V2                    0x08005569   Thumb Code   536  point_control.o(.text.Robot_Pos_Move_PID_V2)
    Robot_Run_Point_Pid_V1                   0x08005781   Thumb Code   816  point_control.o(.text.Robot_Run_Point_Pid_V1)
    Robot_Run_Point_Pid_V2                   0x08005ab1   Thumb Code   816  point_control.o(.text.Robot_Run_Point_Pid_V2)
    SVC_Handler                              0x08005de1   Thumb Code    36  port.o(.text.SVC_Handler)
    Serial_TIM_Period_Callback               0x08005e05   Thumb Code    90  myserial.o(.text.Serial_TIM_Period_Callback)
    StartDefaultTask                         0x08005e61   Thumb Code   768  freertos.o(.text.StartDefaultTask)
    StartGetBall                             0x08006161   Thumb Code   298  freertos.o(.text.StartGetBall)
    StartGetBall1                            0x08006291   Thumb Code   300  freertos.o(.text.StartGetBall1)
    StartGetBall2                            0x080063c1   Thumb Code  1750  freertos.o(.text.StartGetBall2)
    StartJudge                               0x08006a99   Thumb Code   226  freertos.o(.text.StartJudge)
    StartMoveToBall                          0x08006b81   Thumb Code   680  freertos.o(.text.StartMoveToBall)
    StartPointRun                            0x08006e29   Thumb Code   158  freertos.o(.text.StartPointRun)
    StartPutBall1                            0x08006ec9   Thumb Code   316  freertos.o(.text.StartPutBall1)
    StartPutBall2                            0x08007009   Thumb Code   316  freertos.o(.text.StartPutBall2)
    StartReadyGetBall                        0x08007145   Thumb Code   214  freertos.o(.text.StartReadyGetBall)
    StartReadyPos1                           0x08007221   Thumb Code   172  freertos.o(.text.StartReadyPos1)
    StartSetM567                             0x080072cd   Thumb Code   140  freertos.o(.text.StartSetM567)
    StartStoreBall                           0x08007359   Thumb Code   758  freertos.o(.text.StartStoreBall)
    SysTick_Handler                          0x08007651   Thumb Code    46  port.o(.text.SysTick_Handler)
    SystemClock_Config                       0x08007681   Thumb Code   174  main.o(.text.SystemClock_Config)
    SystemInit                               0x08007731   Thumb Code    18  system_stm32f4xx.o(.text.SystemInit)
    TIM3_IRQHandler                          0x08007745   Thumb Code    12  stm32f4xx_it.o(.text.TIM3_IRQHandler)
    TIM6_DAC_IRQHandler                      0x08007751   Thumb Code    12  stm32f4xx_it.o(.text.TIM6_DAC_IRQHandler)
    TIM8_TRG_COM_TIM14_IRQHandler            0x0800775d   Thumb Code    12  stm32f4xx_it.o(.text.TIM8_TRG_COM_TIM14_IRQHandler)
    TIM8_UP_TIM13_IRQHandler                 0x08007769   Thumb Code    12  stm32f4xx_it.o(.text.TIM8_UP_TIM13_IRQHandler)
    TIM_Base_SetConfig                       0x08007775   Thumb Code   292  stm32f4xx_hal_tim.o(.text.TIM_Base_SetConfig)
    TIM_DMADelayPulseHalfCplt                0x080078fd   Thumb Code    56  stm32f4xx_hal_tim.o(.text.TIM_DMADelayPulseHalfCplt)
    TIM_DMAError                             0x08007935   Thumb Code    88  stm32f4xx_hal_tim.o(.text.TIM_DMAError)
    Test_Self_RGB                            0x0800798d   Thumb Code    32  rgb.o(.text.Test_Self_RGB)
    UART4_IRQHandler                         0x080079ad   Thumb Code    12  stm32f4xx_it.o(.text.UART4_IRQHandler)
    UART5_IRQHandler                         0x080079b9   Thumb Code    12  stm32f4xx_it.o(.text.UART5_IRQHandler)
    UsageFault_Handler                       0x08007b79   Thumb Code     2  stm32f4xx_it.o(.text.UsageFault_Handler)
    fputc                                    0x08007b7d   Thumb Code    38  myserial.o(.text.fputc)
    input_motion                             0x08007ba9   Thumb Code   184  mecanum_wheel.o(.text.input_motion)
    main                                     0x08007c61   Thumb Code   106  main.o(.text.main)
    move_around                              0x08007cd1   Thumb Code   624  mecanum_wheel.o(.text.move_around)
    move_from_to                             0x08007f41   Thumb Code   880  run.o(.text.move_from_to)
    move_motion                              0x080082b1   Thumb Code  1208  mecanum_wheel.o(.text.move_motion)
    move_to                                  0x08008769   Thumb Code   576  run.o(.text.move_to)
    mySerial_Init                            0x080089a9   Thumb Code    88  myserial.o(.text.mySerial_Init)
    osDelay                                  0x08008a01   Thumb Code    16  cmsis_os.o(.text.osDelay)
    osKernelStart                            0x08008a11   Thumb Code    10  cmsis_os.o(.text.osKernelStart)
    osThreadCreate                           0x08008a1d   Thumb Code    96  cmsis_os.o(.text.osThreadCreate)
    pvPortMalloc                             0x08008c8d   Thumb Code   454  heap_4.o(.text.pvPortMalloc)
    pxPortInitialiseStack                    0x08008e55   Thumb Code    40  port.o(.text.pxPortInitialiseStack)
    set_motion                               0x08008e81   Thumb Code   328  mecanum_wheel.o(.text.set_motion)
    start_left                               0x08008fc9   Thumb Code   120  run.o(.text.start_left)
    start_right                              0x08009041   Thumb Code   120  run.o(.text.start_right)
    triangle                                 0x080090b9   Thumb Code   408  run.o(.text.triangle)
    uxListRemove                             0x08009251   Thumb Code    36  list.o(.text.uxListRemove)
    vApplicationGetIdleTaskMemory            0x08009275   Thumb Code    26  freertos.o(.text.vApplicationGetIdleTaskMemory)
    vListInitialise                          0x08009291   Thumb Code    22  list.o(.text.vListInitialise)
    vListInitialiseItem                      0x080092a9   Thumb Code     6  list.o(.text.vListInitialiseItem)
    vListInsert                              0x080092b1   Thumb Code    58  list.o(.text.vListInsert)
    vListInsertEnd                           0x080092ed   Thumb Code    28  list.o(.text.vListInsertEnd)
    vPortEnterCritical                       0x0800931d   Thumb Code    70  port.o(.text.vPortEnterCritical)
    vPortExitCritical                        0x08009365   Thumb Code    46  port.o(.text.vPortExitCritical)
    vPortFree                                0x08009395   Thumb Code   210  heap_4.o(.text.vPortFree)
    vPortSetupTimerInterrupt                 0x08009469   Thumb Code    52  port.o(.text.vPortSetupTimerInterrupt)
    vTaskDelay                               0x0800949d   Thumb Code   194  tasks.o(.text.vTaskDelay)
    vTaskResume                              0x08009561   Thumb Code   162  tasks.o(.text.vTaskResume)
    vTaskStartScheduler                      0x08009605   Thumb Code   120  tasks.o(.text.vTaskStartScheduler)
    vTaskSuspend                             0x08009685   Thumb Code   402  tasks.o(.text.vTaskSuspend)
    vTaskSuspendAll                          0x08009819   Thumb Code    16  tasks.o(.text.vTaskSuspendAll)
    vTaskSwitchContext                       0x08009829   Thumb Code   134  tasks.o(.text.vTaskSwitchContext)
    xPortStartScheduler                      0x080098b1   Thumb Code   306  port.o(.text.xPortStartScheduler)
    xTaskCreate                              0x080099e5   Thumb Code   194  tasks.o(.text.xTaskCreate)
    xTaskCreateStatic                        0x08009aa9   Thumb Code   216  tasks.o(.text.xTaskCreateStatic)
    xTaskIncrementTick                       0x08009b81   Thumb Code   384  tasks.o(.text.xTaskIncrementTick)
    xTaskResumeAll                           0x08009d01   Thumb Code   316  tasks.o(.text.xTaskResumeAll)
    zero_all_pos                             0x08009e3d   Thumb Code    60  mecanum_wheel.o(.text.zero_all_pos)
    __0printf$2                              0x08009e79   Thumb Code    22  printf2.o(i.__0printf$2)
    __1printf$2                              0x08009e79   Thumb Code     0  printf2.o(i.__0printf$2)
    __2printf                                0x08009e79   Thumb Code     0  printf2.o(i.__0printf$2)
    __ARM_fpclassify                         0x08009e99   Thumb Code    48  fpclassify.o(i.__ARM_fpclassify)
    __hardfp_asin                            0x08009ec9   Thumb Code   770  asin.o(i.__hardfp_asin)
    __hardfp_atan                            0x0800a229   Thumb Code   622  atan.o(i.__hardfp_atan)
    __hardfp_atan2                           0x0800a501   Thumb Code   448  atan2.o(i.__hardfp_atan2)
    __hardfp_cos                             0x0800a701   Thumb Code   180  cos.o(i.__hardfp_cos)
    __hardfp_sin                             0x0800a7c9   Thumb Code   180  sin.o(i.__hardfp_sin)
    __hardfp_sqrt                            0x0800a891   Thumb Code   122  sqrt.o(i.__hardfp_sqrt)
    __ieee754_rem_pio2                       0x0800a911   Thumb Code   938  rred.o(i.__ieee754_rem_pio2)
    __kernel_cos                             0x0800ad49   Thumb Code   322  cos_i.o(i.__kernel_cos)
    __kernel_poly                            0x0800aeb9   Thumb Code   248  poly.o(i.__kernel_poly)
    __kernel_sin                             0x0800afb1   Thumb Code   280  sin_i.o(i.__kernel_sin)
    __mathlib_dbl_infnan                     0x0800b0e1   Thumb Code    20  dunder.o(i.__mathlib_dbl_infnan)
    __mathlib_dbl_infnan2                    0x0800b0f5   Thumb Code    20  dunder.o(i.__mathlib_dbl_infnan2)
    __mathlib_dbl_invalid                    0x0800b109   Thumb Code    24  dunder.o(i.__mathlib_dbl_invalid)
    __mathlib_dbl_underflow                  0x0800b129   Thumb Code    24  dunder.o(i.__mathlib_dbl_underflow)
    __scatterload_copy                       0x0800b149   Thumb Code    14  handlers.o(i.__scatterload_copy)
    __scatterload_null                       0x0800b157   Thumb Code     2  handlers.o(i.__scatterload_null)
    __scatterload_zeroinit                   0x0800b159   Thumb Code    14  handlers.o(i.__scatterload_zeroinit)
    __set_errno                              0x0800b169   Thumb Code     6  errno.o(i.__set_errno)
    _is_digit                                0x0800b175   Thumb Code    14  scanf_fp.o(i._is_digit)
    atan                                     0x0800b259   Thumb Code    16  atan.o(i.atan)
    fabs                                     0x0800b269   Thumb Code    24  fabs.o(i.fabs)
    sqrt                                     0x0800b281   Thumb Code   110  sqrt.o(i.sqrt)
    __mathlib_zero                           0x0800b408   Data           8  qnan.o(.constdata)
    __ctype_categories                       0x0800b508   Data          64  ctype_c.o(.constdata)
    AHBPrescTable                            0x0800b628   Data          16  system_stm32f4xx.o(.rodata.AHBPrescTable)
    APBPrescTable                            0x0800b638   Data           8  system_stm32f4xx.o(.rodata.APBPrescTable)
    Region$$Table$$Base                      0x0800b6e4   Number         0  anon$$obj.o(Region$$Table)
    Region$$Table$$Limit                     0x0800b704   Number         0  anon$$obj.o(Region$$Table)
    __stdout                                 0x20000000   Data           4  stdout.o(.data)
    BOX                                      0x20000008   Data           1  arm_control.o(.data.BOX)
    M3508_Pos_Pid                            0x2000000c   Data         576  rm3508.o(.data.M3508_Pos_Pid)
    M3508_Speed_Pid                          0x2000024c   Data         576  rm3508.o(.data.M3508_Speed_Pid)
    M5_GET1_2                                0x2000048c   Data           4  arm_control.o(.data.M5_GET1_2)
    M5_GET2_2                                0x20000490   Data           4  arm_control.o(.data.M5_GET2_2)
    M5_GET3_2                                0x20000494   Data           4  arm_control.o(.data.M5_GET3_2)
    M5_GET4_2                                0x20000498   Data           4  arm_control.o(.data.M5_GET4_2)
    M5_GET5_2                                0x2000049c   Data           4  arm_control.o(.data.M5_GET5_2)
    M5_PUT_2                                 0x200004a0   Data           4  arm_control.o(.data.M5_PUT_2)
    M5_READY                                 0x200004a4   Data           4  arm_control.o(.data.M5_READY)
    M5_READY1                                0x200004a8   Data           4  arm_control.o(.data.M5_READY1)
    M6_GET1_2                                0x200004ac   Data           4  arm_control.o(.data.M6_GET1_2)
    M6_GET2_2                                0x200004b0   Data           4  arm_control.o(.data.M6_GET2_2)
    M6_GET3_2                                0x200004b4   Data           4  arm_control.o(.data.M6_GET3_2)
    M6_GET4_2                                0x200004b8   Data           4  arm_control.o(.data.M6_GET4_2)
    M6_GET5_2                                0x200004bc   Data           4  arm_control.o(.data.M6_GET5_2)
    M6_GET_1                                 0x200004c0   Data           4  arm_control.o(.data.M6_GET_1)
    M6_PUT_1                                 0x200004c4   Data           4  arm_control.o(.data.M6_PUT_1)
    M6_PUT_2                                 0x200004c8   Data           4  arm_control.o(.data.M6_PUT_2)
    M6_READY                                 0x200004cc   Data           4  arm_control.o(.data.M6_READY)
    M6_READY1                                0x200004d0   Data           4  arm_control.o(.data.M6_READY1)
    M7_GET1_2                                0x200004d4   Data           4  arm_control.o(.data.M7_GET1_2)
    M7_GET2_2                                0x200004d8   Data           4  arm_control.o(.data.M7_GET2_2)
    M7_GET3_2                                0x200004dc   Data           4  arm_control.o(.data.M7_GET3_2)
    M7_GET4_2                                0x200004e0   Data           4  arm_control.o(.data.M7_GET4_2)
    M7_GET5_2                                0x200004e4   Data           4  arm_control.o(.data.M7_GET5_2)
    M7_GET_1                                 0x200004e8   Data           4  arm_control.o(.data.M7_GET_1)
    M7_PUT_1                                 0x200004ec   Data           4  arm_control.o(.data.M7_PUT_1)
    M7_PUT_2                                 0x200004f0   Data           4  arm_control.o(.data.M7_PUT_2)
    M7_READY                                 0x200004f4   Data           4  arm_control.o(.data.M7_READY)
    M7_READY1                                0x200004f8   Data           4  arm_control.o(.data.M7_READY1)
    Move_PID                                 0x200004fc   Data         216  run.o(.data.Move_PID)
    PID_R                                    0x200005d4   Data          56  pid.o(.data.PID_R)
    PID_X                                    0x2000060c   Data          56  pid.o(.data.PID_X)
    PID_Y                                    0x20000644   Data          56  pid.o(.data.PID_Y)
    Path1_PID_31                             0x20000680   Data         168  point_control.o(.data.Path1_PID_31)
    Path1_PID_32                             0x20000728   Data         168  point_control.o(.data.Path1_PID_32)
    Path1_PID_33                             0x200007d0   Data         168  point_control.o(.data.Path1_PID_33)
    Path_PID_31                              0x20000878   Data         168  point_control.o(.data.Path_PID_31)
    Path_PID_32                              0x20000920   Data         168  point_control.o(.data.Path_PID_32)
    Path_PID_33                              0x200009c8   Data         168  point_control.o(.data.Path_PID_33)
    RGB_TX_Finish_Flag                       0x20000a70   Data           1  rgb.o(.data.RGB_TX_Finish_Flag)
    SystemCoreClock                          0x20000a74   Data           4  system_stm32f4xx.o(.data.SystemCoreClock)
    arm_flag                                 0x20000a78   Data           1  myserial.o(.data.arm_flag)
    uwTickFreq                               0x20000a7c   Data           4  stm32f4xx_hal.o(.data.uwTickFreq)
    uwTickPrio                               0x20000a80   Data           4  stm32f4xx_hal.o(.data.uwTickPrio)
    ColorBuf_0                               0x20000a88   Data          50  rgb.o(.bss.ColorBuf_0)
    ColorBuf_1                               0x20000aba   Data          50  rgb.o(.bss.ColorBuf_1)
    Color_RGB                                0x20000aec   Data         510  rgb.o(.bss.Color_RGB)
    DEBUG                                    0x20000cec   Data           4  myserial.o(.bss.DEBUG)
    GET_BALL_1                               0x20000cf0   Data           1  arm_control.o(.bss.GET_BALL_1)
    GET_BALL_2                               0x20000cf1   Data           1  arm_control.o(.bss.GET_BALL_2)
    M5_Pos                                   0x20000cf8   Data           4  run.o(.bss.M5_Pos)
    M6_Pos                                   0x20000cfc   Data           4  run.o(.bss.M6_Pos)
    M7_Pos                                   0x20000d00   Data           4  run.o(.bss.M7_Pos)
    PUT_BALL_1                               0x20000d04   Data           1  arm_control.o(.bss.PUT_BALL_1)
    PUT_BALL_2                               0x20000d05   Data           1  arm_control.o(.bss.PUT_BALL_2)
    Point_Count                              0x20000d06   Data           1  point_control.o(.bss.Point_Count)
    Point_Err                                0x20000d08   Data           4  point_control.o(.bss.Point_Err)
    Point_Err_r                              0x20000d0c   Data           4  point_control.o(.bss.Point_Err_r)
    RGB_Index                                0x20000d10   Data           2  rgb.o(.bss.RGB_Index)
    RGB_ResetBuf                             0x20000d12   Data         460  rgb.o(.bss.RGB_ResetBuf)
    RGB_TX_Flag                              0x20000ede   Data           1  rgb.o(.bss.RGB_TX_Flag)
    RM3508_Feedback_Buf                      0x20000edf   Data          56  rm3508.o(.bss.RM3508_Feedback_Buf)
    RM3508_Pos                               0x20000f18   Data          32  rm3508.o(.bss.RM3508_Pos)
    RM3508_Sendbuf1                          0x20000f58   Data           8  rm3508.o(.bss.RM3508_Sendbuf1)
    RM3508_Sendbuf2                          0x20000f60   Data           8  rm3508.o(.bss.RM3508_Sendbuf2)
    Robot                                    0x20000f88   Data         112  point_control.o(.bss.Robot)
    STOP_FLAG                                0x20000ff8   Data           1  arm_control.o(.bss.STOP_FLAG)
    Uart1_RxBuff                             0x20000ffc   Data         256  myserial.o(.bss.Uart1_RxBuff)
    Uart1_RxFlag                             0x200010fc   Data           1  myserial.o(.bss.Uart1_RxFlag)
    Uart1_Rx_Cnt                             0x200010fd   Data           1  myserial.o(.bss.Uart1_Rx_Cnt)
    Uart2_RxBuff                             0x20001100   Data         256  myserial.o(.bss.Uart2_RxBuff)
    Uart2_RxFlag                             0x20001200   Data           1  myserial.o(.bss.Uart2_RxFlag)
    Uart2_Rx_Cnt                             0x20001201   Data           1  myserial.o(.bss.Uart2_Rx_Cnt)
    aRxBuffer1                               0x20001202   Data           1  myserial.o(.bss.aRxBuffer1)
    aRxBuffer2                               0x20001203   Data           1  myserial.o(.bss.aRxBuffer2)
    adjust                                   0x20001204   Data           1  arm_control.o(.bss.adjust)
    area_flag                                0x20001205   Data           1  myserial.o(.bss.area_flag)
    arm_mode                                 0x20001206   Data           1  run.o(.bss.arm_mode)
    around_pitch                             0x20001208   Data           4  myserial.o(.bss.around_pitch)
    around_row                               0x2000120c   Data           4  myserial.o(.bss.around_row)
    ball_cnt                                 0x20001210   Data           1  myserial.o(.bss.ball_cnt)
    ball_pos                                 0x20001211   Data           6  myserial.o(.bss.ball_pos)
    current_meter                            0x20001218   Data          24  run.o(.bss.current_meter)
    current_target_m_main                    0x20001230   Data          16  run.o(.bss.current_target_m_main)
    defaultTaskHandle                        0x20001240   Data           4  freertos.o(.bss.defaultTaskHandle)
    go_get_ball                              0x20001244   Data           1  myserial.o(.bss.go_get_ball)
    hcan1                                    0x20001248   Data          56  can.o(.bss.hcan1)
    hcan2                                    0x20001280   Data          56  can.o(.bss.hcan2)
    hdma_tim4_ch3                            0x200012b8   Data         100  tim.o(.bss.hdma_tim4_ch3)
    hspi2                                    0x2000131c   Data          92  spi.o(.bss.hspi2)
    htim13                                   0x20001378   Data         104  tim.o(.bss.htim13)
    htim14                                   0x200013e0   Data         104  tim.o(.bss.htim14)
    htim3                                    0x20001448   Data         104  stm32f4xx_hal_timebase_tim.o(.bss.htim3)
    htim4                                    0x200014b0   Data         104  tim.o(.bss.htim4)
    htim6                                    0x20001518   Data         104  tim.o(.bss.htim6)
    huart4                                   0x20001580   Data          76  usart.o(.bss.huart4)
    huart5                                   0x200015cc   Data          76  usart.o(.bss.huart5)
    mode_flag                                0x20001618   Data           1  myserial.o(.bss.mode_flag)
    move_pitch                               0x2000161c   Data           4  myserial.o(.bss.move_pitch)
    move_row                                 0x20001620   Data           4  myserial.o(.bss.move_row)
    myGetBall1Handle                         0x20001624   Data           4  freertos.o(.bss.myGetBall1Handle)
    myGetBall2Handle                         0x20001628   Data           4  freertos.o(.bss.myGetBall2Handle)
    myGetBallHandle                          0x2000162c   Data           4  freertos.o(.bss.myGetBallHandle)
    myJudgeHandle                            0x20001630   Data           4  freertos.o(.bss.myJudgeHandle)
    myMoveToBallHandle                       0x20001634   Data           4  freertos.o(.bss.myMoveToBallHandle)
    myPointRunHandle                         0x20001638   Data           4  freertos.o(.bss.myPointRunHandle)
    myPutBall1Handle                         0x2000163c   Data           4  freertos.o(.bss.myPutBall1Handle)
    myPutBall2Handle                         0x20001640   Data           4  freertos.o(.bss.myPutBall2Handle)
    myReadyGetBallHandle                     0x20001644   Data           4  freertos.o(.bss.myReadyGetBallHandle)
    myReadyPos1Handle                        0x20001648   Data           4  freertos.o(.bss.myReadyPos1Handle)
    mySetM567Handle                          0x2000164c   Data           4  freertos.o(.bss.mySetM567Handle)
    myStoreBallHandle                        0x20001650   Data           4  freertos.o(.bss.myStoreBallHandle)
    pitch                                    0x20001654   Data           4  myserial.o(.bss.pitch)
    point_flag                               0x20001658   Data           1  myserial.o(.bss.point_flag)
    pxCurrentTCB                             0x2000165c   Data           4  tasks.o(.bss.pxCurrentTCB)
    row                                      0x200016f8   Data           4  myserial.o(.bss.row)
    uwTick                                   0x20005304   Data           4  stm32f4xx_hal.o(.bss.uwTick)
    __initial_sp                             0x20005a10   Data           0  startup_stm32f405xx.o(STACK)



==============================================================================

Memory Map of the image

  Image Entry point : 0x08000189

  Load Region LR_IROM1 (Base: 0x08000000, Size: 0x0000c190, Max: 0x00100000, ABSOLUTE, COMPRESSED[0x0000b908])

    Execution Region ER_IROM1 (Exec base: 0x08000000, Load base: 0x08000000, Size: 0x0000b704, Max: 0x00100000, ABSOLUTE)

    Exec Addr    Load Addr    Size         Type   Attr      Idx    E Section Name        Object

    0x08000000   0x08000000   0x00000188   Data   RO            3    RESET               startup_stm32f405xx.o
    0x08000188   0x08000188   0x00000000   Code   RO         2211  * .ARM.Collect$$$$00000000  mc_w.l(entry.o)
    0x08000188   0x08000188   0x00000004   Code   RO         2558    .ARM.Collect$$$$00000001  mc_w.l(entry2.o)
    0x0800018c   0x0800018c   0x00000004   Code   RO         2561    .ARM.Collect$$$$00000004  mc_w.l(entry5.o)
    0x08000190   0x08000190   0x00000000   Code   RO         2563    .ARM.Collect$$$$00000008  mc_w.l(entry7b.o)
    0x08000190   0x08000190   0x00000000   Code   RO         2565    .ARM.Collect$$$$0000000A  mc_w.l(entry8b.o)
    0x08000190   0x08000190   0x00000008   Code   RO         2566    .ARM.Collect$$$$0000000B  mc_w.l(entry9a.o)
    0x08000198   0x08000198   0x00000000   Code   RO         2568    .ARM.Collect$$$$0000000D  mc_w.l(entry10a.o)
    0x08000198   0x08000198   0x00000000   Code   RO         2570    .ARM.Collect$$$$0000000F  mc_w.l(entry11a.o)
    0x08000198   0x08000198   0x00000004   Code   RO         2559    .ARM.Collect$$$$00002712  mc_w.l(entry2.o)
    0x0800019c   0x0800019c   0x00000024   Code   RO            4    .text               startup_stm32f405xx.o
    0x080001c0   0x080001c0   0x00000062   Code   RO         2214    .text               mc_w.l(uldiv.o)
    0x08000222   0x08000222   0x00000024   Code   RO         2218    .text               mc_w.l(memseta.o)
    0x08000246   0x08000246   0x00000002   PAD
    0x08000248   0x08000248   0x00000038   Code   RO         2483    .text               mc_w.l(__0sscanf.o)
    0x08000280   0x08000280   0x0000014c   Code   RO         2485    .text               mc_w.l(_scanf_int.o)
    0x080003cc   0x080003cc   0x00000360   Code   RO         2487    .text               mc_w.l(scanf_fp.o)
    0x0800072c   0x0800072c   0x0000014e   Code   RO         2491    .text               mf_w.l(dadd.o)
    0x0800087a   0x0800087a   0x000000e4   Code   RO         2493    .text               mf_w.l(dmul.o)
    0x0800095e   0x0800095e   0x000000de   Code   RO         2495    .text               mf_w.l(ddiv.o)
    0x08000a3c   0x08000a3c   0x00000036   Code   RO         2497    .text               mf_w.l(dcmple.o)
    0x08000a72   0x08000a72   0x00000036   Code   RO         2499    .text               mf_w.l(dcmplt.o)
    0x08000aa8   0x08000aa8   0x00000036   Code   RO         2501    .text               mf_w.l(dcmpge.o)
    0x08000ade   0x08000ade   0x00000036   Code   RO         2503    .text               mf_w.l(dcmpgt.o)
    0x08000b14   0x08000b14   0x00000022   Code   RO         2505    .text               mf_w.l(dflti.o)
    0x08000b36   0x08000b36   0x0000001a   Code   RO         2507    .text               mf_w.l(dfltui.o)
    0x08000b50   0x08000b50   0x0000003e   Code   RO         2509    .text               mf_w.l(dfixi.o)
    0x08000b8e   0x08000b8e   0x00000026   Code   RO         2511    .text               mf_w.l(f2d.o)
    0x08000bb4   0x08000bb4   0x00000038   Code   RO         2513    .text               mf_w.l(d2f.o)
    0x08000bec   0x08000bec   0x0000001e   Code   RO         2584    .text               mc_w.l(llshl.o)
    0x08000c0a   0x08000c0a   0x00000020   Code   RO         2586    .text               mc_w.l(llushr.o)
    0x08000c2a   0x08000c2a   0x00000024   Code   RO         2588    .text               mc_w.l(llsshr.o)
    0x08000c4e   0x08000c4e   0x0000001c   Code   RO         2597    .text               mc_w.l(_chval.o)
    0x08000c6a   0x08000c6a   0x00000002   PAD
    0x08000c6c   0x08000c6c   0x00000028   Code   RO         2599    .text               mc_w.l(scanf_char.o)
    0x08000c94   0x08000c94   0x00000040   Code   RO         2601    .text               mc_w.l(_sgetc.o)
    0x08000cd4   0x08000cd4   0x00000000   Code   RO         2603    .text               mc_w.l(iusefp.o)
    0x08000cd4   0x08000cd4   0x0000006e   Code   RO         2604    .text               mf_w.l(fepilogue.o)
    0x08000d42   0x08000d42   0x000000ba   Code   RO         2606    .text               mf_w.l(depilogue.o)
    0x08000dfc   0x08000dfc   0x000000a2   Code   RO         2610    .text               mf_w.l(dsqrt.o)
    0x08000e9e   0x08000e9e   0x00000018   Code   RO         2614    .text               mf_w.l(dfltul.o)
    0x08000eb6   0x08000eb6   0x00000002   PAD
    0x08000eb8   0x08000eb8   0x00000030   Code   RO         2618    .text               mf_w.l(cdcmple.o)
    0x08000ee8   0x08000ee8   0x00000024   Code   RO         2622    .text               mc_w.l(init.o)
    0x08000f0c   0x08000f0c   0x0000000a   Code   RO         2624    .text               mc_w.l(isspace_c.o)
    0x08000f16   0x08000f16   0x00000002   PAD
    0x08000f18   0x08000f18   0x0000032c   Code   RO         2626    .text               mc_w.l(_scanf.o)
    0x08001244   0x08001244   0x00000028   Code   RO         2628    .text               mc_w.l(ctype_c.o)
    0x0800126c   0x0800126c   0x00000056   Code   RO         2639    .text               mc_w.l(__dczerorl2.o)
    0x080012c2   0x080012c2   0x00000002   PAD
    0x080012c4   0x080012c4   0x00000428   Code   RO         1368    .text.ArrangeSerialList  myserial.o
    0x080016ec   0x080016ec   0x00000002   Code   RO          193    .text.BusFault_Handler  stm32f4xx_it.o
    0x080016ee   0x080016ee   0x00000002   PAD
    0x080016f0   0x080016f0   0x0000000c   Code   RO          199    .text.CAN1_RX0_IRQHandler  stm32f4xx_it.o
    0x080016fc   0x080016fc   0x0000000c   Code   RO          201    .text.CAN1_SCE_IRQHandler  stm32f4xx_it.o
    0x08001708   0x08001708   0x0000000c   Code   RO          217    .text.CAN2_RX1_IRQHandler  stm32f4xx_it.o
    0x08001714   0x08001714   0x0000000c   Code   RO          219    .text.CAN2_SCE_IRQHandler  stm32f4xx_it.o
    0x08001720   0x08001720   0x00000082   Code   RO         1331    .text.CAN_Init      can_bsp.o
    0x080017a2   0x080017a2   0x00000002   PAD
    0x080017a4   0x080017a4   0x0000000c   Code   RO          209    .text.DMA1_Stream7_IRQHandler  stm32f4xx_it.o
    0x080017b0   0x080017b0   0x00000002   Code   RO          197    .text.DebugMon_Handler  stm32f4xx_it.o
    0x080017b2   0x080017b2   0x00000002   PAD
    0x080017b4   0x080017b4   0x0000000a   Code   RO           15    .text.Error_Handler  main.o
    0x080017be   0x080017be   0x00000002   PAD
    0x080017c0   0x080017c0   0x00000048   Code   RO         1282    .text.FabsD         rm3508.o
    0x08001808   0x08001808   0x00000024   Code   RO          286    .text.HAL_CAN_ActivateNotification  stm32f4xx_hal_can.o
    0x0800182c   0x0800182c   0x000000a8   Code   RO          272    .text.HAL_CAN_AddTxMessage  stm32f4xx_hal_can.o
    0x080018d4   0x080018d4   0x000000dc   Code   RO          262    .text.HAL_CAN_ConfigFilter  stm32f4xx_hal_can.o
    0x080019b0   0x080019b0   0x00000002   Code   RO          316    .text.HAL_CAN_ErrorCallback  stm32f4xx_hal_can.o
    0x080019b2   0x080019b2   0x00000002   PAD
    0x080019b4   0x080019b4   0x0000011a   Code   RO          282    .text.HAL_CAN_GetRxMessage  stm32f4xx_hal_can.o
    0x08001ace   0x08001ace   0x00000002   PAD
    0x08001ad0   0x08001ad0   0x00000026   Code   RO          276    .text.HAL_CAN_GetTxMailboxesFreeLevel  stm32f4xx_hal_can.o
    0x08001af6   0x08001af6   0x00000002   PAD
    0x08001af8   0x08001af8   0x00000242   Code   RO          290    .text.HAL_CAN_IRQHandler  stm32f4xx_hal_can.o
    0x08001d3a   0x08001d3a   0x00000002   PAD
    0x08001d3c   0x08001d3c   0x000000e6   Code   RO          252    .text.HAL_CAN_Init  stm32f4xx_hal_can.o
    0x08001e22   0x08001e22   0x00000002   PAD
    0x08001e24   0x08001e24   0x00000132   Code   RO          103    .text.HAL_CAN_MspInit  can.o
    0x08001f56   0x08001f56   0x00000002   PAD
    0x08001f58   0x08001f58   0x00000002   Code   RO          304    .text.HAL_CAN_RxFifo0FullCallback  stm32f4xx_hal_can.o
    0x08001f5a   0x08001f5a   0x00000002   PAD
    0x08001f5c   0x08001f5c   0x0000004a   Code   RO         1343    .text.HAL_CAN_RxFifo0MsgPendingCallback  mycan_init.o
    0x08001fa6   0x08001fa6   0x00000002   PAD
    0x08001fa8   0x08001fa8   0x00000002   Code   RO          308    .text.HAL_CAN_RxFifo1FullCallback  stm32f4xx_hal_can.o
    0x08001faa   0x08001faa   0x00000002   PAD
    0x08001fac   0x08001fac   0x0000004a   Code   RO         1345    .text.HAL_CAN_RxFifo1MsgPendingCallback  mycan_init.o
    0x08001ff6   0x08001ff6   0x00000002   PAD
    0x08001ff8   0x08001ff8   0x00000002   Code   RO          312    .text.HAL_CAN_SleepCallback  stm32f4xx_hal_can.o
    0x08001ffa   0x08001ffa   0x00000002   PAD
    0x08001ffc   0x08001ffc   0x00000054   Code   RO          264    .text.HAL_CAN_Start  stm32f4xx_hal_can.o
    0x08002050   0x08002050   0x00000002   Code   RO          294    .text.HAL_CAN_TxMailbox0AbortCallback  stm32f4xx_hal_can.o
    0x08002052   0x08002052   0x00000002   PAD
    0x08002054   0x08002054   0x00000002   Code   RO          292    .text.HAL_CAN_TxMailbox0CompleteCallback  stm32f4xx_hal_can.o
    0x08002056   0x08002056   0x00000002   PAD
    0x08002058   0x08002058   0x00000002   Code   RO          298    .text.HAL_CAN_TxMailbox1AbortCallback  stm32f4xx_hal_can.o
    0x0800205a   0x0800205a   0x00000002   PAD
    0x0800205c   0x0800205c   0x00000002   Code   RO          296    .text.HAL_CAN_TxMailbox1CompleteCallback  stm32f4xx_hal_can.o
    0x0800205e   0x0800205e   0x00000002   PAD
    0x08002060   0x08002060   0x00000002   Code   RO          302    .text.HAL_CAN_TxMailbox2AbortCallback  stm32f4xx_hal_can.o
    0x08002062   0x08002062   0x00000002   PAD
    0x08002064   0x08002064   0x00000002   Code   RO          300    .text.HAL_CAN_TxMailbox2CompleteCallback  stm32f4xx_hal_can.o
    0x08002066   0x08002066   0x00000002   PAD
    0x08002068   0x08002068   0x00000002   Code   RO          314    .text.HAL_CAN_WakeUpFromRxMsgCallback  stm32f4xx_hal_can.o
    0x0800206a   0x0800206a   0x00000002   PAD
    0x0800206c   0x0800206c   0x00000076   Code   RO          488    .text.HAL_DMA_Abort  stm32f4xx_hal_dma.o
    0x080020e2   0x080020e2   0x00000002   PAD
    0x080020e4   0x080020e4   0x00000020   Code   RO          490    .text.HAL_DMA_Abort_IT  stm32f4xx_hal_dma.o
    0x08002104   0x08002104   0x0000017a   Code   RO          494    .text.HAL_DMA_IRQHandler  stm32f4xx_hal_dma.o
    0x0800227e   0x0800227e   0x00000002   PAD
    0x08002280   0x08002280   0x00000138   Code   RO          480    .text.HAL_DMA_Init  stm32f4xx_hal_dma.o
    0x080023b8   0x080023b8   0x0000009a   Code   RO          486    .text.HAL_DMA_Start_IT  stm32f4xx_hal_dma.o
    0x08002452   0x08002452   0x00000002   PAD
    0x08002454   0x08002454   0x000001a0   Code   RO          442    .text.HAL_GPIO_Init  stm32f4xx_hal_gpio.o
    0x080025f4   0x080025f4   0x0000000a   Code   RO          448    .text.HAL_GPIO_WritePin  stm32f4xx_hal_gpio.o
    0x080025fe   0x080025fe   0x00000002   PAD
    0x08002600   0x08002600   0x0000000c   Code   RO          633    .text.HAL_GetTick   stm32f4xx_hal.o
    0x0800260c   0x0800260c   0x0000001a   Code   RO          631    .text.HAL_IncTick   stm32f4xx_hal.o
    0x08002626   0x08002626   0x00000002   PAD
    0x08002628   0x08002628   0x00000036   Code   RO          621    .text.HAL_Init      stm32f4xx_hal.o
    0x0800265e   0x0800265e   0x00000002   PAD
    0x08002660   0x08002660   0x000000b0   Code   RO          237    .text.HAL_InitTick  stm32f4xx_hal_timebase_tim.o
    0x08002710   0x08002710   0x00000042   Code   RO          228    .text.HAL_MspInit   stm32f4xx_hal_msp.o
    0x08002752   0x08002752   0x00000002   PAD
    0x08002754   0x08002754   0x00000020   Code   RO          579    .text.HAL_NVIC_EnableIRQ  stm32f4xx_hal_cortex.o
    0x08002774   0x08002774   0x00000056   Code   RO          577    .text.HAL_NVIC_SetPriority  stm32f4xx_hal_cortex.o
    0x080027ca   0x080027ca   0x00000002   PAD
    0x080027cc   0x080027cc   0x00000020   Code   RO          575    .text.HAL_NVIC_SetPriorityGrouping  stm32f4xx_hal_cortex.o
    0x080027ec   0x080027ec   0x00000160   Code   RO          336    .text.HAL_RCC_ClockConfig  stm32f4xx_hal_rcc.o
    0x0800294c   0x0800294c   0x0000003e   Code   RO          354    .text.HAL_RCC_GetClockConfig  stm32f4xx_hal_rcc.o
    0x0800298a   0x0800298a   0x00000002   PAD
    0x0800298c   0x0800298c   0x00000026   Code   RO          348    .text.HAL_RCC_GetPCLK1Freq  stm32f4xx_hal_rcc.o
    0x080029b2   0x080029b2   0x00000002   PAD
    0x080029b4   0x080029b4   0x00000026   Code   RO          350    .text.HAL_RCC_GetPCLK2Freq  stm32f4xx_hal_rcc.o
    0x080029da   0x080029da   0x00000002   PAD
    0x080029dc   0x080029dc   0x00000068   Code   RO          338    .text.HAL_RCC_GetSysClockFreq  stm32f4xx_hal_rcc.o
    0x08002a44   0x08002a44   0x00000344   Code   RO          334    .text.HAL_RCC_OscConfig  stm32f4xx_hal_rcc.o
    0x08002d88   0x08002d88   0x000000ac   Code   RO          712    .text.HAL_SPI_Init  stm32f4xx_hal_spi.o
    0x08002e34   0x08002e34   0x000000ac   Code   RO          129    .text.HAL_SPI_MspInit  spi.o
    0x08002ee0   0x08002ee0   0x00000002   Code   RO         1133    .text.HAL_TIMEx_BreakCallback  stm32f4xx_hal_tim_ex.o
    0x08002ee2   0x08002ee2   0x00000002   PAD
    0x08002ee4   0x08002ee4   0x00000002   Code   RO         1129    .text.HAL_TIMEx_CommutCallback  stm32f4xx_hal_tim_ex.o
    0x08002ee6   0x08002ee6   0x00000002   PAD
    0x08002ee8   0x08002ee8   0x000000ae   Code   RO         1123    .text.HAL_TIMEx_MasterConfigSynchronization  stm32f4xx_hal_tim_ex.o
    0x08002f96   0x08002f96   0x00000002   PAD
    0x08002f98   0x08002f98   0x00000040   Code   RO          828    .text.HAL_TIM_Base_Init  stm32f4xx_hal_tim.o
    0x08002fd8   0x08002fd8   0x0000011a   Code   RO          152    .text.HAL_TIM_Base_MspInit  tim.o
    0x080030f2   0x080030f2   0x00000002   PAD
    0x080030f4   0x080030f4   0x000000a4   Code   RO          842    .text.HAL_TIM_Base_Start_IT  stm32f4xx_hal_tim.o
    0x08003198   0x08003198   0x00000030   Code   RO          844    .text.HAL_TIM_Base_Stop_IT  stm32f4xx_hal_tim.o
    0x080031c8   0x080031c8   0x00000192   Code   RO         1008    .text.HAL_TIM_ConfigClockSource  stm32f4xx_hal_tim.o
    0x0800335a   0x0800335a   0x00000002   PAD
    0x0800335c   0x0800335c   0x00000002   Code   RO         1028    .text.HAL_TIM_ErrorCallback  stm32f4xx_hal_tim.o
    0x0800335e   0x0800335e   0x00000002   PAD
    0x08003360   0x08003360   0x00000002   Code   RO          964    .text.HAL_TIM_IC_CaptureCallback  stm32f4xx_hal_tim.o
    0x08003362   0x08003362   0x00000002   PAD
    0x08003364   0x08003364   0x0000016a   Code   RO          962    .text.HAL_TIM_IRQHandler  stm32f4xx_hal_tim.o
    0x080034ce   0x080034ce   0x00000002   PAD
    0x080034d0   0x080034d0   0x00000002   Code   RO          966    .text.HAL_TIM_OC_DelayElapsedCallback  stm32f4xx_hal_tim.o
    0x080034d2   0x080034d2   0x00000002   PAD
    0x080034d4   0x080034d4   0x00000212   Code   RO          982    .text.HAL_TIM_PWM_ConfigChannel  stm32f4xx_hal_tim.o
    0x080036e6   0x080036e6   0x00000002   PAD
    0x080036e8   0x080036e8   0x00000040   Code   RO          882    .text.HAL_TIM_PWM_Init  stm32f4xx_hal_tim.o
    0x08003728   0x08003728   0x00000002   Code   RO          884    .text.HAL_TIM_PWM_MspInit  stm32f4xx_hal_tim.o
    0x0800372a   0x0800372a   0x00000002   PAD
    0x0800372c   0x0800372c   0x000001ac   Code   RO         1414    .text.HAL_TIM_PWM_PulseFinishedCallback  rgb.o
    0x080038d8   0x080038d8   0x00000002   Code   RO         1024    .text.HAL_TIM_PWM_PulseFinishedHalfCpltCallback  stm32f4xx_hal_tim.o
    0x080038da   0x080038da   0x00000002   PAD
    0x080038dc   0x080038dc   0x00000286   Code   RO          898    .text.HAL_TIM_PWM_Start_DMA  stm32f4xx_hal_tim.o
    0x08003b62   0x08003b62   0x00000002   PAD
    0x08003b64   0x08003b64   0x000000f0   Code   RO          900    .text.HAL_TIM_PWM_Stop_DMA  stm32f4xx_hal_tim.o
    0x08003c54   0x08003c54   0x00000020   Code   RO           17    .text.HAL_TIM_PeriodElapsedCallback  main.o
    0x08003c74   0x08003c74   0x00000002   Code   RO          972    .text.HAL_TIM_TriggerCallback  stm32f4xx_hal_tim.o
    0x08003c76   0x08003c76   0x00000002   PAD
    0x08003c78   0x08003c78   0x00000002   Code   RO         1231    .text.HAL_UARTEx_RxEventCallback  stm32f4xx_hal_uart.o
    0x08003c7a   0x08003c7a   0x00000002   PAD
    0x08003c7c   0x08003c7c   0x00000002   Code   RO         1229    .text.HAL_UART_ErrorCallback  stm32f4xx_hal_uart.o
    0x08003c7e   0x08003c7e   0x00000002   PAD
    0x08003c80   0x08003c80   0x000002ee   Code   RO         1223    .text.HAL_UART_IRQHandler  stm32f4xx_hal_uart.o
    0x08003f6e   0x08003f6e   0x00000002   PAD
    0x08003f70   0x08003f70   0x00000054   Code   RO         1147    .text.HAL_UART_Init  stm32f4xx_hal_uart.o
    0x08003fc4   0x08003fc4   0x00000108   Code   RO          173    .text.HAL_UART_MspInit  usart.o
    0x080040cc   0x080040cc   0x00000058   Code   RO         1169    .text.HAL_UART_Receive_IT  stm32f4xx_hal_uart.o
    0x08004124   0x08004124   0x000000ca   Code   RO         1360    .text.HAL_UART_RxCpltCallback  myserial.o
    0x080041ee   0x080041ee   0x00000002   PAD
    0x080041f0   0x080041f0   0x00000162   Code   RO         1163    .text.HAL_UART_Transmit  stm32f4xx_hal_uart.o
    0x08004352   0x08004352   0x00000002   PAD
    0x08004354   0x08004354   0x00000002   Code   RO         1233    .text.HAL_UART_TxCpltCallback  stm32f4xx_hal_uart.o
    0x08004356   0x08004356   0x00000002   PAD
    0x08004358   0x08004358   0x00000002   Code   RO          189    .text.HardFault_Handler  stm32f4xx_it.o
    0x0800435a   0x0800435a   0x00000002   PAD
    0x0800435c   0x0800435c   0x0000004a   Code   RO           99    .text.MX_CAN1_Init  can.o
    0x080043a6   0x080043a6   0x00000002   PAD
    0x080043a8   0x080043a8   0x00000048   Code   RO          101    .text.MX_CAN2_Init  can.o
    0x080043f0   0x080043f0   0x00000038   Code   RO          118    .text.MX_DMA_Init   dma.o
    0x08004428   0x08004428   0x00000304   Code   RO           39    .text.MX_FREERTOS_Init  freertos.o
    0x0800472c   0x0800472c   0x000000aa   Code   RO           28    .text.MX_GPIO_Init  gpio.o
    0x080047d6   0x080047d6   0x00000002   PAD
    0x080047d8   0x080047d8   0x00000046   Code   RO          127    .text.MX_SPI2_Init  spi.o
    0x0800481e   0x0800481e   0x00000002   PAD
    0x08004820   0x08004820   0x00000034   Code   RO          148    .text.MX_TIM13_Init  tim.o
    0x08004854   0x08004854   0x00000034   Code   RO          150    .text.MX_TIM14_Init  tim.o
    0x08004888   0x08004888   0x0000010a   Code   RO          142    .text.MX_TIM4_Init  tim.o
    0x08004992   0x08004992   0x00000002   PAD
    0x08004994   0x08004994   0x00000052   Code   RO          146    .text.MX_TIM6_Init  tim.o
    0x080049e6   0x080049e6   0x00000002   PAD
    0x080049e8   0x080049e8   0x0000003c   Code   RO          169    .text.MX_UART4_Init  usart.o
    0x08004a24   0x08004a24   0x0000003c   Code   RO          171    .text.MX_UART5_Init  usart.o
    0x08004a60   0x08004a60   0x00000038   Code   RO         1919    .text.Mec_Delay     mecanum_wheel.o
    0x08004a98   0x08004a98   0x00000002   Code   RO          191    .text.MemManage_Handler  stm32f4xx_it.o
    0x08004a9a   0x08004a9a   0x00000002   PAD
    0x08004a9c   0x08004a9c   0x00000002   Code   RO          187    .text.NMI_Handler   stm32f4xx_it.o
    0x08004a9e   0x08004a9e   0x00000002   PAD
    0x08004aa0   0x08004aa0   0x00000136   Code   RO         2072    .text.PID_Cal       run.o
    0x08004bd6   0x08004bd6   0x00000002   PAD
    0x08004bd8   0x08004bd8   0x000000ec   Code   RO         2135    .text.PID_Calculate  pid.o
    0x08004cc4   0x08004cc4   0x0000000c   PAD
    0x08004cd0   0x08004cd0   0x00000064   Code   RO         1868    .text.PendSV_Handler  port.o
    0x08004d34   0x08004d34   0x0000018e   Code   RO         1406    .text.RGB_Color_Convert  rgb.o
    0x08004ec2   0x08004ec2   0x00000002   PAD
    0x08004ec4   0x08004ec4   0x0000008a   Code   RO         1302    .text.RM3508_Get_Feedback  rm3508.o
    0x08004f4e   0x08004f4e   0x00000002   PAD
    0x08004f50   0x08004f50   0x00000012   Code   RO         1296    .text.RM3508_Get_Pos  rm3508.o
    0x08004f62   0x08004f62   0x00000002   PAD
    0x08004f64   0x08004f64   0x000000ec   Code   RO         1284    .text.RM3508_Set_I  rm3508.o
    0x08005050   0x08005050   0x00000012   Code   RO         1312    .text.RM3508_Set_NowPos  rm3508.o
    0x08005062   0x08005062   0x00000002   PAD
    0x08005064   0x08005064   0x00000164   Code   RO         1294    .text.RM3508_Set_Pos  rm3508.o
    0x080051c8   0x080051c8   0x00000184   Code   RO         1288    .text.RM3508_Set_Speed  rm3508.o
    0x0800534c   0x0800534c   0x00000004   PAD
    0x08005350   0x08005350   0x00000218   Code   RO         2151    .text.Robot_Pos_Move_PID_V1  point_control.o
    0x08005568   0x08005568   0x00000218   Code   RO         2153    .text.Robot_Pos_Move_PID_V2  point_control.o
    0x08005780   0x08005780   0x00000330   Code   RO         2147    .text.Robot_Run_Point_Pid_V1  point_control.o
    0x08005ab0   0x08005ab0   0x00000330   Code   RO         2149    .text.Robot_Run_Point_Pid_V2  point_control.o
    0x08005de0   0x08005de0   0x00000024   Code   RO         1852    .text.SVC_Handler   port.o
    0x08005e04   0x08005e04   0x0000005a   Code   RO         1362    .text.Serial_TIM_Period_Callback  myserial.o
    0x08005e5e   0x08005e5e   0x00000002   PAD
    0x08005e60   0x08005e60   0x00000300   Code   RO           41    .text.StartDefaultTask  freertos.o
    0x08006160   0x08006160   0x0000012a   Code   RO           45    .text.StartGetBall  freertos.o
    0x0800628a   0x0800628a   0x00000006   PAD
    0x08006290   0x08006290   0x0000012c   Code   RO           57    .text.StartGetBall1  freertos.o
    0x080063bc   0x080063bc   0x00000004   PAD
    0x080063c0   0x080063c0   0x000006d6   Code   RO           59    .text.StartGetBall2  freertos.o
    0x08006a96   0x08006a96   0x00000002   PAD
    0x08006a98   0x08006a98   0x000000e2   Code   RO           61    .text.StartJudge    freertos.o
    0x08006b7a   0x08006b7a   0x00000006   PAD
    0x08006b80   0x08006b80   0x000002a8   Code   RO           43    .text.StartMoveToBall  freertos.o
    0x08006e28   0x08006e28   0x0000009e   Code   RO           65    .text.StartPointRun  freertos.o
    0x08006ec6   0x08006ec6   0x00000002   PAD
    0x08006ec8   0x08006ec8   0x0000013c   Code   RO           53    .text.StartPutBall1  freertos.o
    0x08007004   0x08007004   0x00000004   PAD
    0x08007008   0x08007008   0x0000013c   Code   RO           55    .text.StartPutBall2  freertos.o
    0x08007144   0x08007144   0x000000d6   Code   RO           47    .text.StartReadyGetBall  freertos.o
    0x0800721a   0x0800721a   0x00000006   PAD
    0x08007220   0x08007220   0x000000ac   Code   RO           63    .text.StartReadyPos1  freertos.o
    0x080072cc   0x080072cc   0x0000008c   Code   RO           51    .text.StartSetM567  freertos.o
    0x08007358   0x08007358   0x000002f6   Code   RO           49    .text.StartStoreBall  freertos.o
    0x0800764e   0x0800764e   0x00000002   PAD
    0x08007650   0x08007650   0x0000002e   Code   RO         1870    .text.SysTick_Handler  port.o
    0x0800767e   0x0800767e   0x00000002   PAD
    0x08007680   0x08007680   0x000000ae   Code   RO           13    .text.SystemClock_Config  main.o
    0x0800772e   0x0800772e   0x00000002   PAD
    0x08007730   0x08007730   0x00000012   Code   RO         1267    .text.SystemInit    system_stm32f4xx.o
    0x08007742   0x08007742   0x00000002   PAD
    0x08007744   0x08007744   0x0000000c   Code   RO          203    .text.TIM3_IRQHandler  stm32f4xx_it.o
    0x08007750   0x08007750   0x0000000c   Code   RO          215    .text.TIM6_DAC_IRQHandler  stm32f4xx_it.o
    0x0800775c   0x0800775c   0x0000000c   Code   RO          207    .text.TIM8_TRG_COM_TIM14_IRQHandler  stm32f4xx_it.o
    0x08007768   0x08007768   0x0000000c   Code   RO          205    .text.TIM8_UP_TIM13_IRQHandler  stm32f4xx_it.o
    0x08007774   0x08007774   0x00000124   Code   RO          832    .text.TIM_Base_SetConfig  stm32f4xx_hal_tim.o
    0x08007898   0x08007898   0x00000062   Code   RO          876    .text.TIM_DMADelayPulseCplt  stm32f4xx_hal_tim.o
    0x080078fa   0x080078fa   0x00000002   PAD
    0x080078fc   0x080078fc   0x00000038   Code   RO          878    .text.TIM_DMADelayPulseHalfCplt  stm32f4xx_hal_tim.o
    0x08007934   0x08007934   0x00000058   Code   RO          852    .text.TIM_DMAError  stm32f4xx_hal_tim.o
    0x0800798c   0x0800798c   0x00000020   Code   RO         1416    .text.Test_Self_RGB  rgb.o
    0x080079ac   0x080079ac   0x0000000c   Code   RO          211    .text.UART4_IRQHandler  stm32f4xx_it.o
    0x080079b8   0x080079b8   0x0000000c   Code   RO          213    .text.UART5_IRQHandler  stm32f4xx_it.o
    0x080079c4   0x080079c4   0x0000000c   Code   RO         1227    .text.UART_DMAAbortOnError  stm32f4xx_hal_uart.o
    0x080079d0   0x080079d0   0x000000ba   Code   RO         1225    .text.UART_Receive_IT  stm32f4xx_hal_uart.o
    0x08007a8a   0x08007a8a   0x00000002   PAD
    0x08007a8c   0x08007a8c   0x000000ea   Code   RO         1151    .text.UART_SetConfig  stm32f4xx_hal_uart.o
    0x08007b76   0x08007b76   0x00000002   PAD
    0x08007b78   0x08007b78   0x00000002   Code   RO          195    .text.UsageFault_Handler  stm32f4xx_it.o
    0x08007b7a   0x08007b7a   0x00000002   PAD
    0x08007b7c   0x08007b7c   0x00000026   Code   RO         1364    .text.fputc         myserial.o
    0x08007ba2   0x08007ba2   0x00000006   PAD
    0x08007ba8   0x08007ba8   0x000000b8   Code   RO         1911    .text.input_motion  mecanum_wheel.o
    0x08007c60   0x08007c60   0x0000006a   Code   RO           11    .text.main          main.o
    0x08007cca   0x08007cca   0x00000006   PAD
    0x08007cd0   0x08007cd0   0x00000270   Code   RO         1917    .text.move_around   mecanum_wheel.o
    0x08007f40   0x08007f40   0x00000370   Code   RO         2074    .text.move_from_to  run.o
    0x080082b0   0x080082b0   0x000004b8   Code   RO         1915    .text.move_motion   mecanum_wheel.o
    0x08008768   0x08008768   0x00000240   Code   RO         2076    .text.move_to       run.o
    0x080089a8   0x080089a8   0x00000058   Code   RO         1358    .text.mySerial_Init  myserial.o
    0x08008a00   0x08008a00   0x00000010   Code   RO         1724    .text.osDelay       cmsis_os.o
    0x08008a10   0x08008a10   0x0000000a   Code   RO         1706    .text.osKernelStart  cmsis_os.o
    0x08008a1a   0x08008a1a   0x00000002   PAD
    0x08008a1c   0x08008a1c   0x00000060   Code   RO         1712    .text.osThreadCreate  cmsis_os.o
    0x08008a7c   0x08008a7c   0x0000011a   Code   RO         1586    .text.prvAddNewTaskToReadyList  tasks.o
    0x08008b96   0x08008b96   0x00000002   PAD
    0x08008b98   0x08008b98   0x00000096   Code   RO         1616    .text.prvIdleTask   tasks.o
    0x08008c2e   0x08008c2e   0x00000002   PAD
    0x08008c30   0x08008c30   0x00000028   Code   RO         1860    .text.prvPortStartFirstTask  port.o
    0x08008c58   0x08008c58   0x00000032   Code   RO         1850    .text.prvTaskExitError  port.o
    0x08008c8a   0x08008c8a   0x00000002   PAD
    0x08008c8c   0x08008c8c   0x000001c6   Code   RO         1820    .text.pvPortMalloc  heap_4.o
    0x08008e52   0x08008e52   0x00000002   PAD
    0x08008e54   0x08008e54   0x00000028   Code   RO         1848    .text.pxPortInitialiseStack  port.o
    0x08008e7c   0x08008e7c   0x00000004   PAD
    0x08008e80   0x08008e80   0x00000148   Code   RO         1913    .text.set_motion    mecanum_wheel.o
    0x08008fc8   0x08008fc8   0x00000078   Code   RO         2064    .text.start_left    run.o
    0x08009040   0x08009040   0x00000078   Code   RO         2066    .text.start_right   run.o
    0x080090b8   0x080090b8   0x00000198   Code   RO         2062    .text.triangle      run.o
    0x08009250   0x08009250   0x00000024   Code   RO         1475    .text.uxListRemove  list.o
    0x08009274   0x08009274   0x0000001a   Code   RO           37    .text.vApplicationGetIdleTaskMemory  freertos.o
    0x0800928e   0x0800928e   0x00000002   PAD
    0x08009290   0x08009290   0x00000016   Code   RO         1467    .text.vListInitialise  list.o
    0x080092a6   0x080092a6   0x00000002   PAD
    0x080092a8   0x080092a8   0x00000006   Code   RO         1469    .text.vListInitialiseItem  list.o
    0x080092ae   0x080092ae   0x00000002   PAD
    0x080092b0   0x080092b0   0x0000003a   Code   RO         1473    .text.vListInsert   list.o
    0x080092ea   0x080092ea   0x00000002   PAD
    0x080092ec   0x080092ec   0x0000001c   Code   RO         1471    .text.vListInsertEnd  list.o
    0x08009308   0x08009308   0x00000014   Code   RO         1858    .text.vPortEnableVFP  port.o
    0x0800931c   0x0800931c   0x00000046   Code   RO         1864    .text.vPortEnterCritical  port.o
    0x08009362   0x08009362   0x00000002   PAD
    0x08009364   0x08009364   0x0000002e   Code   RO         1866    .text.vPortExitCritical  port.o
    0x08009392   0x08009392   0x00000002   PAD
    0x08009394   0x08009394   0x000000d2   Code   RO         1822    .text.vPortFree     heap_4.o
    0x08009466   0x08009466   0x00000002   PAD
    0x08009468   0x08009468   0x00000034   Code   RO         1856    .text.vPortSetupTimerInterrupt  port.o
    0x0800949c   0x0800949c   0x000000c2   Code   RO         1592    .text.vTaskDelay    tasks.o
    0x0800955e   0x0800955e   0x00000002   PAD
    0x08009560   0x08009560   0x000000a2   Code   RO         1610    .text.vTaskResume   tasks.o
    0x08009602   0x08009602   0x00000002   PAD
    0x08009604   0x08009604   0x00000080   Code   RO         1614    .text.vTaskStartScheduler  tasks.o
    0x08009684   0x08009684   0x00000192   Code   RO         1606    .text.vTaskSuspend  tasks.o
    0x08009816   0x08009816   0x00000002   PAD
    0x08009818   0x08009818   0x00000010   Code   RO         1594    .text.vTaskSuspendAll  tasks.o
    0x08009828   0x08009828   0x00000086   Code   RO         1608    .text.vTaskSwitchContext  tasks.o
    0x080098ae   0x080098ae   0x00000002   PAD
    0x080098b0   0x080098b0   0x00000132   Code   RO         1854    .text.xPortStartScheduler  port.o
    0x080099e2   0x080099e2   0x00000002   PAD
    0x080099e4   0x080099e4   0x000000c2   Code   RO         1588    .text.xTaskCreate   tasks.o
    0x08009aa6   0x08009aa6   0x00000002   PAD
    0x08009aa8   0x08009aa8   0x000000d8   Code   RO         1584    .text.xTaskCreateStatic  tasks.o
    0x08009b80   0x08009b80   0x00000180   Code   RO         1620    .text.xTaskIncrementTick  tasks.o
    0x08009d00   0x08009d00   0x0000013c   Code   RO         1598    .text.xTaskResumeAll  tasks.o
    0x08009e3c   0x08009e3c   0x0000003c   Code   RO         1901    .text.zero_all_pos  mecanum_wheel.o
    0x08009e78   0x08009e78   0x00000020   Code   RO         2289    i.__0printf$2       mc_w.l(printf2.o)
    0x08009e98   0x08009e98   0x00000030   Code   RO         2545    i.__ARM_fpclassify  m_wm.l(fpclassify.o)
    0x08009ec8   0x08009ec8   0x00000360   Code   RO         2176    i.__hardfp_asin     m_wm.l(asin.o)
    0x0800a228   0x0800a228   0x000002d8   Code   RO         2515    i.__hardfp_atan     m_wm.l(atan.o)
    0x0800a500   0x0800a500   0x00000200   Code   RO         2183    i.__hardfp_atan2    m_wm.l(atan2.o)
    0x0800a700   0x0800a700   0x000000c8   Code   RO         2189    i.__hardfp_cos      m_wm.l(cos.o)
    0x0800a7c8   0x0800a7c8   0x000000c8   Code   RO         2199    i.__hardfp_sin      m_wm.l(sin.o)
    0x0800a890   0x0800a890   0x0000007a   Code   RO         2205    i.__hardfp_sqrt     m_wm.l(sqrt.o)
    0x0800a90a   0x0800a90a   0x00000006   PAD
    0x0800a910   0x0800a910   0x00000438   Code   RO         2550    i.__ieee754_rem_pio2  m_wm.l(rred.o)
    0x0800ad48   0x0800ad48   0x00000170   Code   RO         2522    i.__kernel_cos      m_wm.l(cos_i.o)
    0x0800aeb8   0x0800aeb8   0x000000f8   Code   RO         2547    i.__kernel_poly     m_wm.l(poly.o)
    0x0800afb0   0x0800afb0   0x00000130   Code   RO         2555    i.__kernel_sin      m_wm.l(sin_i.o)
    0x0800b0e0   0x0800b0e0   0x00000014   Code   RO         2526    i.__mathlib_dbl_infnan  m_wm.l(dunder.o)
    0x0800b0f4   0x0800b0f4   0x00000014   Code   RO         2527    i.__mathlib_dbl_infnan2  m_wm.l(dunder.o)
    0x0800b108   0x0800b108   0x00000020   Code   RO         2528    i.__mathlib_dbl_invalid  m_wm.l(dunder.o)
    0x0800b128   0x0800b128   0x00000020   Code   RO         2531    i.__mathlib_dbl_underflow  m_wm.l(dunder.o)
    0x0800b148   0x0800b148   0x0000000e   Code   RO         2633    i.__scatterload_copy  mc_w.l(handlers.o)
    0x0800b156   0x0800b156   0x00000002   Code   RO         2634    i.__scatterload_null  mc_w.l(handlers.o)
    0x0800b158   0x0800b158   0x0000000e   Code   RO         2635    i.__scatterload_zeroinit  mc_w.l(handlers.o)
    0x0800b166   0x0800b166   0x00000002   PAD
    0x0800b168   0x0800b168   0x0000000c   Code   RO         2592    i.__set_errno       mc_w.l(errno.o)
    0x0800b174   0x0800b174   0x0000000e   Code   RO         2489    i._is_digit         mc_w.l(scanf_fp.o)
    0x0800b182   0x0800b182   0x000000d6   Code   RO         2296    i._printf_core      mc_w.l(printf2.o)
    0x0800b258   0x0800b258   0x00000010   Code   RO         2517    i.atan              m_wm.l(atan.o)
    0x0800b268   0x0800b268   0x00000018   Code   RO         2541    i.fabs              m_wm.l(fabs.o)
    0x0800b280   0x0800b280   0x0000006e   Code   RO         2207    i.sqrt              m_wm.l(sqrt.o)
    0x0800b2ee   0x0800b2ee   0x00000002   PAD
    0x0800b2f0   0x0800b2f0   0x00000050   Data   RO         2179    .constdata          m_wm.l(asin.o)
    0x0800b340   0x0800b340   0x00000098   Data   RO         2518    .constdata          m_wm.l(atan.o)
    0x0800b3d8   0x0800b3d8   0x00000030   Data   RO         2523    .constdata          m_wm.l(cos_i.o)
    0x0800b408   0x0800b408   0x00000008   Data   RO         2549    .constdata          m_wm.l(qnan.o)
    0x0800b410   0x0800b410   0x000000cc   Data   RO         2552    .constdata          m_wm.l(rred.o)
    0x0800b4dc   0x0800b4dc   0x00000004   PAD
    0x0800b4e0   0x0800b4e0   0x00000028   Data   RO         2556    .constdata          m_wm.l(sin_i.o)
    0x0800b508   0x0800b508   0x00000040   Data   RO         2629    .constdata          mc_w.l(ctype_c.o)
    0x0800b548   0x0800b548   0x0000001c   Data   RO           70    .rodata..L__const.MX_FREERTOS_Init.os_thread_def_defaultTask  freertos.o
    0x0800b564   0x0800b564   0x0000001c   Data   RO           74    .rodata..L__const.MX_FREERTOS_Init.os_thread_def_myGetBall  freertos.o
    0x0800b580   0x0800b580   0x0000001c   Data   RO           72    .rodata..L__const.MX_FREERTOS_Init.os_thread_def_myMoveToBall  freertos.o
    0x0800b59c   0x0800b59c   0x0000001c   Data   RO           82    .rodata..L__const.MX_FREERTOS_Init.os_thread_def_myPutBall1  freertos.o
    0x0800b5b8   0x0800b5b8   0x0000001c   Data   RO           84    .rodata..L__const.MX_FREERTOS_Init.os_thread_def_myPutBall2  freertos.o
    0x0800b5d4   0x0800b5d4   0x0000001c   Data   RO           76    .rodata..L__const.MX_FREERTOS_Init.os_thread_def_myReadyGetBall  freertos.o
    0x0800b5f0   0x0800b5f0   0x0000001c   Data   RO           80    .rodata..L__const.MX_FREERTOS_Init.os_thread_def_mySetM567  freertos.o
    0x0800b60c   0x0800b60c   0x0000001c   Data   RO           78    .rodata..L__const.MX_FREERTOS_Init.os_thread_def_myStoreBall  freertos.o
    0x0800b628   0x0800b628   0x00000010   Data   RO         1272    .rodata.AHBPrescTable  system_stm32f4xx.o
    0x0800b638   0x0800b638   0x00000008   Data   RO         1273    .rodata.APBPrescTable  system_stm32f4xx.o
    0x0800b640   0x0800b640   0x00000008   Data   RO          504    .rodata.cst8        stm32f4xx_hal_dma.o
    0x0800b648   0x0800b648   0x0000009a   Data   RO           69    .rodata.str1.1      freertos.o
    0x0800b6e2   0x0800b6e2   0x00000002   PAD
    0x0800b6e4   0x0800b6e4   0x00000020   Data   RO         2632    Region$$Table       anon$$obj.o


    Execution Region RW_IRAM1 (Exec base: 0x20000000, Load base: 0x0800b708, Size: 0x00005a10, Max: 0x0001c000, ABSOLUTE, COMPRESSED[0x00000200])

    Exec Addr    Load Addr    Size         Type   Attr      Idx    E Section Name        Object

    0x20000000   COMPRESSED   0x00000004   Data   RW         2572    .data               mc_w.l(stdout.o)
    0x20000004   COMPRESSED   0x00000004   Data   RW         2593    .data               mc_w.l(errno.o)
    0x20000008   COMPRESSED   0x00000001   Data   RW         2101    .data.BOX           arm_control.o
    0x20000009   COMPRESSED   0x00000003   PAD
    0x2000000c   COMPRESSED   0x00000240   Data   RW         1315    .data.M3508_Pos_Pid  rm3508.o
    0x2000024c   COMPRESSED   0x00000240   Data   RW         1314    .data.M3508_Speed_Pid  rm3508.o
    0x2000048c   COMPRESSED   0x00000004   Data   RW         2115    .data.M5_GET1_2     arm_control.o
    0x20000490   COMPRESSED   0x00000004   Data   RW         2118    .data.M5_GET2_2     arm_control.o
    0x20000494   COMPRESSED   0x00000004   Data   RW         2121    .data.M5_GET3_2     arm_control.o
    0x20000498   COMPRESSED   0x00000004   Data   RW         2124    .data.M5_GET4_2     arm_control.o
    0x2000049c   COMPRESSED   0x00000004   Data   RW         2127    .data.M5_GET5_2     arm_control.o
    0x200004a0   COMPRESSED   0x00000004   Data   RW         2110    .data.M5_PUT_2      arm_control.o
    0x200004a4   COMPRESSED   0x00000004   Data   RW         2102    .data.M5_READY      arm_control.o
    0x200004a8   COMPRESSED   0x00000004   Data   RW         2105    .data.M5_READY1     arm_control.o
    0x200004ac   COMPRESSED   0x00000004   Data   RW         2116    .data.M6_GET1_2     arm_control.o
    0x200004b0   COMPRESSED   0x00000004   Data   RW         2119    .data.M6_GET2_2     arm_control.o
    0x200004b4   COMPRESSED   0x00000004   Data   RW         2122    .data.M6_GET3_2     arm_control.o
    0x200004b8   COMPRESSED   0x00000004   Data   RW         2125    .data.M6_GET4_2     arm_control.o
    0x200004bc   COMPRESSED   0x00000004   Data   RW         2128    .data.M6_GET5_2     arm_control.o
    0x200004c0   COMPRESSED   0x00000004   Data   RW         2113    .data.M6_GET_1      arm_control.o
    0x200004c4   COMPRESSED   0x00000004   Data   RW         2108    .data.M6_PUT_1      arm_control.o
    0x200004c8   COMPRESSED   0x00000004   Data   RW         2111    .data.M6_PUT_2      arm_control.o
    0x200004cc   COMPRESSED   0x00000004   Data   RW         2103    .data.M6_READY      arm_control.o
    0x200004d0   COMPRESSED   0x00000004   Data   RW         2106    .data.M6_READY1     arm_control.o
    0x200004d4   COMPRESSED   0x00000004   Data   RW         2117    .data.M7_GET1_2     arm_control.o
    0x200004d8   COMPRESSED   0x00000004   Data   RW         2120    .data.M7_GET2_2     arm_control.o
    0x200004dc   COMPRESSED   0x00000004   Data   RW         2123    .data.M7_GET3_2     arm_control.o
    0x200004e0   COMPRESSED   0x00000004   Data   RW         2126    .data.M7_GET4_2     arm_control.o
    0x200004e4   COMPRESSED   0x00000004   Data   RW         2129    .data.M7_GET5_2     arm_control.o
    0x200004e8   COMPRESSED   0x00000004   Data   RW         2114    .data.M7_GET_1      arm_control.o
    0x200004ec   COMPRESSED   0x00000004   Data   RW         2109    .data.M7_PUT_1      arm_control.o
    0x200004f0   COMPRESSED   0x00000004   Data   RW         2112    .data.M7_PUT_2      arm_control.o
    0x200004f4   COMPRESSED   0x00000004   Data   RW         2104    .data.M7_READY      arm_control.o
    0x200004f8   COMPRESSED   0x00000004   Data   RW         2107    .data.M7_READY1     arm_control.o
    0x200004fc   COMPRESSED   0x000000d8   Data   RW         2078    .data.Move_PID      run.o
    0x200005d4   COMPRESSED   0x00000038   Data   RW         2139    .data.PID_R         pid.o
    0x2000060c   COMPRESSED   0x00000038   Data   RW         2137    .data.PID_X         pid.o
    0x20000644   COMPRESSED   0x00000038   Data   RW         2138    .data.PID_Y         pid.o
    0x2000067c   COMPRESSED   0x00000004   PAD
    0x20000680   COMPRESSED   0x000000a8   Data   RW         2163    .data.Path1_PID_31  point_control.o
    0x20000728   COMPRESSED   0x000000a8   Data   RW         2162    .data.Path1_PID_32  point_control.o
    0x200007d0   COMPRESSED   0x000000a8   Data   RW         2164    .data.Path1_PID_33  point_control.o
    0x20000878   COMPRESSED   0x000000a8   Data   RW         2160    .data.Path_PID_31   point_control.o
    0x20000920   COMPRESSED   0x000000a8   Data   RW         2159    .data.Path_PID_32   point_control.o
    0x200009c8   COMPRESSED   0x000000a8   Data   RW         2161    .data.Path_PID_33   point_control.o
    0x20000a70   COMPRESSED   0x00000001   Data   RW         1424    .data.RGB_TX_Finish_Flag  rgb.o
    0x20000a71   COMPRESSED   0x00000003   PAD
    0x20000a74   COMPRESSED   0x00000004   Data   RW         1271    .data.SystemCoreClock  system_stm32f4xx.o
    0x20000a78   COMPRESSED   0x00000001   Data   RW         1383    .data.arm_flag      myserial.o
    0x20000a79   COMPRESSED   0x00000003   PAD
    0x20000a7c   COMPRESSED   0x00000004   Data   RW          676    .data.uwTickFreq    stm32f4xx_hal.o
    0x20000a80   COMPRESSED   0x00000004   Data   RW          675    .data.uwTickPrio    stm32f4xx_hal.o
    0x20000a84   COMPRESSED   0x00000004   Data   RW         1876    .data.uxCriticalNesting  port.o
    0x20000a88        -       0x00000032   Zero   RW         1419    .bss.ColorBuf_0     rgb.o
    0x20000aba        -       0x00000032   Zero   RW         1420    .bss.ColorBuf_1     rgb.o
    0x20000aec        -       0x000001fe   Zero   RW         1422    .bss.Color_RGB      rgb.o
    0x20000cea   COMPRESSED   0x00000002   PAD
    0x20000cec        -       0x00000004   Zero   RW         1390    .bss.DEBUG          myserial.o
    0x20000cf0        -       0x00000001   Zero   RW         2098    .bss.GET_BALL_1     arm_control.o
    0x20000cf1        -       0x00000001   Zero   RW         2099    .bss.GET_BALL_2     arm_control.o
    0x20000cf2   COMPRESSED   0x00000002   PAD
    0x20000cf4        -       0x00000004   Zero   RW          109    .bss.HAL_RCC_CAN1_CLK_ENABLED  can.o
    0x20000cf8        -       0x00000004   Zero   RW         2080    .bss.M5_Pos         run.o
    0x20000cfc        -       0x00000004   Zero   RW         2081    .bss.M6_Pos         run.o
    0x20000d00        -       0x00000004   Zero   RW         2082    .bss.M7_Pos         run.o
    0x20000d04        -       0x00000001   Zero   RW         2096    .bss.PUT_BALL_1     arm_control.o
    0x20000d05        -       0x00000001   Zero   RW         2097    .bss.PUT_BALL_2     arm_control.o
    0x20000d06        -       0x00000001   Zero   RW         2166    .bss.Point_Count    point_control.o
    0x20000d07   COMPRESSED   0x00000001   PAD
    0x20000d08        -       0x00000004   Zero   RW         2157    .bss.Point_Err      point_control.o
    0x20000d0c        -       0x00000004   Zero   RW         2158    .bss.Point_Err_r    point_control.o
    0x20000d10        -       0x00000002   Zero   RW         1425    .bss.RGB_Index      rgb.o
    0x20000d12        -       0x000001cc   Zero   RW         1418    .bss.RGB_ResetBuf   rgb.o
    0x20000ede        -       0x00000001   Zero   RW         1423    .bss.RGB_TX_Flag    rgb.o
    0x20000edf        -       0x00000038   Zero   RW         1319    .bss.RM3508_Feedback_Buf  rm3508.o
    0x20000f17   COMPRESSED   0x00000001   PAD
    0x20000f18        -       0x00000020   Zero   RW         1320    .bss.RM3508_Pos     rm3508.o
    0x20000f38        -       0x00000020   Zero   RW         1321    .bss.RM3508_Pos_Rec.RM3508tmp_pre  rm3508.o
    0x20000f58        -       0x00000008   Zero   RW         1317    .bss.RM3508_Sendbuf1  rm3508.o
    0x20000f60        -       0x00000008   Zero   RW         1318    .bss.RM3508_Sendbuf2  rm3508.o
    0x20000f68        -       0x00000020   Zero   RW         1322    .bss.RM3508_base    rm3508.o
    0x20000f88        -       0x00000070   Zero   RW         2165    .bss.Robot          point_control.o
    0x20000ff8        -       0x00000001   Zero   RW         2095    .bss.STOP_FLAG      arm_control.o
    0x20000ff9   COMPRESSED   0x00000003   PAD
    0x20000ffc        -       0x00000100   Zero   RW         1376    .bss.Uart1_RxBuff   myserial.o
    0x200010fc        -       0x00000001   Zero   RW         1373    .bss.Uart1_RxFlag   myserial.o
    0x200010fd        -       0x00000001   Zero   RW         1372    .bss.Uart1_Rx_Cnt   myserial.o
    0x200010fe   COMPRESSED   0x00000002   PAD
    0x20001100        -       0x00000100   Zero   RW         1377    .bss.Uart2_RxBuff   myserial.o
    0x20001200        -       0x00000001   Zero   RW         1375    .bss.Uart2_RxFlag   myserial.o
    0x20001201        -       0x00000001   Zero   RW         1374    .bss.Uart2_Rx_Cnt   myserial.o
    0x20001202        -       0x00000001   Zero   RW         1370    .bss.aRxBuffer1     myserial.o
    0x20001203        -       0x00000001   Zero   RW         1371    .bss.aRxBuffer2     myserial.o
    0x20001204        -       0x00000001   Zero   RW         2100    .bss.adjust         arm_control.o
    0x20001205        -       0x00000001   Zero   RW         1395    .bss.area_flag      myserial.o
    0x20001206        -       0x00000001   Zero   RW         2079    .bss.arm_mode       run.o
    0x20001207   COMPRESSED   0x00000001   PAD
    0x20001208        -       0x00000004   Zero   RW         1379    .bss.around_pitch   myserial.o
    0x2000120c        -       0x00000004   Zero   RW         1378    .bss.around_row     myserial.o
    0x20001210        -       0x00000001   Zero   RW         1386    .bss.ball_cnt       myserial.o
    0x20001211        -       0x00000006   Zero   RW         1387    .bss.ball_pos       myserial.o
    0x20001217   COMPRESSED   0x00000001   PAD
    0x20001218        -       0x00000018   Zero   RW         2083    .bss.current_meter  run.o
    0x20001230        -       0x00000010   Zero   RW         2084    .bss.current_target_m_main  run.o
    0x20001240        -       0x00000004   Zero   RW           71    .bss.defaultTaskHandle  freertos.o
    0x20001244        -       0x00000001   Zero   RW         1388    .bss.go_get_ball    myserial.o
    0x20001245   COMPRESSED   0x00000003   PAD
    0x20001248        -       0x00000038   Zero   RW          107    .bss.hcan1          can.o
    0x20001280        -       0x00000038   Zero   RW          108    .bss.hcan2          can.o
    0x200012b8        -       0x00000064   Zero   RW          160    .bss.hdma_tim4_ch3  tim.o
    0x2000131c        -       0x0000005c   Zero   RW          133    .bss.hspi2          spi.o
    0x20001378        -       0x00000068   Zero   RW          158    .bss.htim13         tim.o
    0x200013e0        -       0x00000068   Zero   RW          159    .bss.htim14         tim.o
    0x20001448        -       0x00000068   Zero   RW          243    .bss.htim3          stm32f4xx_hal_timebase_tim.o
    0x200014b0        -       0x00000068   Zero   RW          156    .bss.htim4          tim.o
    0x20001518        -       0x00000068   Zero   RW          157    .bss.htim6          tim.o
    0x20001580        -       0x0000004c   Zero   RW          177    .bss.huart4         usart.o
    0x200015cc        -       0x0000004c   Zero   RW          178    .bss.huart5         usart.o
    0x20001618        -       0x00000001   Zero   RW         1382    .bss.mode_flag      myserial.o
    0x20001619   COMPRESSED   0x00000003   PAD
    0x2000161c        -       0x00000004   Zero   RW         1381    .bss.move_pitch     myserial.o
    0x20001620        -       0x00000004   Zero   RW         1380    .bss.move_row       myserial.o
    0x20001624        -       0x00000004   Zero   RW           86    .bss.myGetBall1Handle  freertos.o
    0x20001628        -       0x00000004   Zero   RW           87    .bss.myGetBall2Handle  freertos.o
    0x2000162c        -       0x00000004   Zero   RW           75    .bss.myGetBallHandle  freertos.o
    0x20001630        -       0x00000004   Zero   RW           88    .bss.myJudgeHandle  freertos.o
    0x20001634        -       0x00000004   Zero   RW           73    .bss.myMoveToBallHandle  freertos.o
    0x20001638        -       0x00000004   Zero   RW           90    .bss.myPointRunHandle  freertos.o
    0x2000163c        -       0x00000004   Zero   RW           83    .bss.myPutBall1Handle  freertos.o
    0x20001640        -       0x00000004   Zero   RW           85    .bss.myPutBall2Handle  freertos.o
    0x20001644        -       0x00000004   Zero   RW           77    .bss.myReadyGetBallHandle  freertos.o
    0x20001648        -       0x00000004   Zero   RW           89    .bss.myReadyPos1Handle  freertos.o
    0x2000164c        -       0x00000004   Zero   RW           81    .bss.mySetM567Handle  freertos.o
    0x20001650        -       0x00000004   Zero   RW           79    .bss.myStoreBallHandle  freertos.o
    0x20001654        -       0x00000004   Zero   RW         1392    .bss.pitch          myserial.o
    0x20001658        -       0x00000001   Zero   RW         1393    .bss.point_flag     myserial.o
    0x20001659   COMPRESSED   0x00000003   PAD
    0x2000165c        -       0x00000004   Zero   RW         1676    .bss.pxCurrentTCB   tasks.o
    0x20001660        -       0x00000004   Zero   RW         1692    .bss.pxDelayedTaskList  tasks.o
    0x20001664        -       0x00000004   Zero   RW         1832    .bss.pxEnd          heap_4.o
    0x20001668        -       0x00000004   Zero   RW         1693    .bss.pxOverflowDelayedTaskList  tasks.o
    0x2000166c        -       0x0000008c   Zero   RW         1677    .bss.pxReadyTasksLists  tasks.o
    0x200016f8        -       0x00000004   Zero   RW         1391    .bss.row            myserial.o
    0x200016fc        -       0x00003c00   Zero   RW         1839    .bss.ucHeap         heap_4.o
    0x200052fc        -       0x00000001   Zero   RW         1874    .bss.ucMaxSysCallPriority  port.o
    0x200052fd   COMPRESSED   0x00000003   PAD
    0x20005300        -       0x00000004   Zero   RW         1875    .bss.ulMaxPRIGROUPValue  port.o
    0x20005304        -       0x00000004   Zero   RW          677    .bss.uwTick         stm32f4xx_hal.o
    0x20005308        -       0x00000004   Zero   RW         1682    .bss.uxCurrentNumberOfTasks  tasks.o
    0x2000530c        -       0x00000004   Zero   RW         1681    .bss.uxDeletedTasksWaitingCleanUp  tasks.o
    0x20005310        -       0x00000004   Zero   RW         1684    .bss.uxSchedulerSuspended  tasks.o
    0x20005314        -       0x00000004   Zero   RW         1679    .bss.uxTaskNumber   tasks.o
    0x20005318        -       0x00000004   Zero   RW         1678    .bss.uxTopReadyPriority  tasks.o
    0x2000531c        -       0x00000001   Zero   RW         1833    .bss.xBlockAllocatedBit  heap_4.o
    0x2000531d   COMPRESSED   0x00000003   PAD
    0x20005320        -       0x00000014   Zero   RW         1695    .bss.xDelayedTaskList1  tasks.o
    0x20005334        -       0x00000014   Zero   RW         1696    .bss.xDelayedTaskList2  tasks.o
    0x20005348        -       0x00000004   Zero   RW         1834    .bss.xFreeBytesRemaining  heap_4.o
    0x2000534c        -       0x00000200   Zero   RW           68    .bss.xIdleStack     freertos.o
    0x2000554c        -       0x00000004   Zero   RW         1687    .bss.xIdleTaskHandle  tasks.o
    0x20005550        -       0x00000054   Zero   RW           67    .bss.xIdleTaskTCBBuffer  freertos.o
    0x200055a4        -       0x00000004   Zero   RW         1836    .bss.xMinimumEverFreeBytesRemaining  heap_4.o
    0x200055a8        -       0x00000004   Zero   RW         1688    .bss.xNextTaskUnblockTime  tasks.o
    0x200055ac        -       0x00000004   Zero   RW         1694    .bss.xNumOfOverflows  tasks.o
    0x200055b0        -       0x00000004   Zero   RW         1837    .bss.xNumberOfSuccessfulAllocations  heap_4.o
    0x200055b4        -       0x00000004   Zero   RW         1838    .bss.xNumberOfSuccessfulFrees  heap_4.o
    0x200055b8        -       0x00000004   Zero   RW         1691    .bss.xPendedTicks   tasks.o
    0x200055bc        -       0x00000014   Zero   RW         1686    .bss.xPendingReadyList  tasks.o
    0x200055d0        -       0x00000004   Zero   RW         1683    .bss.xSchedulerRunning  tasks.o
    0x200055d4        -       0x00000008   Zero   RW         1835    .bss.xStart         heap_4.o
    0x200055dc        -       0x00000014   Zero   RW         1685    .bss.xSuspendedTaskList  tasks.o
    0x200055f0        -       0x00000014   Zero   RW         1680    .bss.xTasksWaitingTermination  tasks.o
    0x20005604        -       0x00000004   Zero   RW         1689    .bss.xTickCount     tasks.o
    0x20005608        -       0x00000004   Zero   RW         1690    .bss.xYieldPending  tasks.o
    0x2000560c   COMPRESSED   0x00000004   PAD
    0x20005610        -       0x00000400   Zero   RW            1    STACK               startup_stm32f405xx.o


    Execution Region RW_IRAM2 (Exec base: 0x2001c000, Load base: 0x0800b908, Size: 0x00000000, Max: 0x00004000, ABSOLUTE)

    **** No section assigned to this execution region ****


==============================================================================

Image component sizes


      Code (inc. data)   RO Data    RW Data    ZI Data      Debug   Object Name

         0          0          0        113          6       1352   arm_control.o
       452          0          0          0        116       6554   can.o
       130          0          0          0          0       3809   can_bsp.o
       122          0          0          0          0      23292   cmsis_os.o
        56          0          0          0          0       3398   dma.o
      6894        246        378          0        648       9373   freertos.o
       170          0          0          0          0       2159   gpio.o
       664          0          0          0      15389       5033   heap_4.o
       150          0          0          0          0       2219   list.o
       322          0          0          0          0       6465   main.o
      2460        192          0          0          0       7706   mecanum_wheel.o
       148          0          0          0          0       3308   mycan_init.o
      1482        222          0          1        557       7537   myserial.o
       236          4          0        168          0       1103   pid.o
      2704         80          0       1008        121       3904   point_control.o
       806         16          0          4          5       4054   port.o
       858          4          0          1       1073       9354   rgb.o
      1226          8          0       1152        168      10784   rm3508.o
      2414        168          0        216         53       5066   run.o
       242          0          0          0         92       5111   spi.o
        36          8        392          0       1024        832   startup_stm32f405xx.o
        92          0          0          8          4       7206   stm32f4xx_hal.o
      1658          6          0          0          0      14100   stm32f4xx_hal_can.o
       150          0          0          0          0      10428   stm32f4xx_hal_cortex.o
       994          4          8          0          0       9871   stm32f4xx_hal_dma.o
       426          0          0          0          0       5074   stm32f4xx_hal_gpio.o
        66          0          0          0          0       3465   stm32f4xx_hal_msp.o
      1430          0          0          0          0       7293   stm32f4xx_hal_rcc.o
       172          0          0          0          0      23324   stm32f4xx_hal_spi.o
      3066         12          0          0          0      55063   stm32f4xx_hal_tim.o
       178          0          0          0          0      21536   stm32f4xx_hal_tim_ex.o
       176          0          0          0        104       7167   stm32f4xx_hal_timebase_tim.o
      1714          0          0          0          0      26529   stm32f4xx_hal_uart.o
       144          0          0          0          0       7924   stm32f4xx_it.o
        18          0         24          4          0       2642   system_stm32f4xx.o
      2578          8          0          0        300      26909   tasks.o
       734          8          0          0        516       9436   tim.o
       384          0          0          0        152       7123   usart.o

    ----------------------------------------------------------------------
     35800       1006        836       2688      20360     367503   Object Totals
         0          0         32          0          0          0   (incl. Generated)
       248         20          2         13         32          0   (incl. Padding)

    ----------------------------------------------------------------------

      Code (inc. data)   RO Data    RW Data    ZI Data      Debug   Library Member Name

       864         94         80          0          0        280   asin.o
       744        106        152          0          0        352   atan.o
       512         64          0          0          0        208   atan2.o
       200         20          0          0          0        164   cos.o
       368         46         48          0          0        200   cos_i.o
       104         16          0          0          0        496   dunder.o
        24          0          0          0          0        124   fabs.o
        48          0          0          0          0        124   fpclassify.o
       248          0          0          0          0        152   poly.o
         0          0          8          0          0          0   qnan.o
      1080        142        204          0          0        188   rred.o
       200         20          0          0          0        164   sin.o
       304         24         40          0          0        208   sin_i.o
       232          0          0          0          0        296   sqrt.o
        56          8          0          0          0         84   __0sscanf.o
        86          0          0          0          0          0   __dczerorl2.o
        28          0          0          0          0         68   _chval.o
       812          4          0          0          0        112   _scanf.o
       332          0          0          0          0         96   _scanf_int.o
        64          0          0          0          0         84   _sgetc.o
        40          6         64          0          0         68   ctype_c.o
         0          0          0          0          0          0   entry.o
         0          0          0          0          0          0   entry10a.o
         0          0          0          0          0          0   entry11a.o
         8          4          0          0          0          0   entry2.o
         4          0          0          0          0          0   entry5.o
         0          0          0          0          0          0   entry7b.o
         0          0          0          0          0          0   entry8b.o
         8          4          0          0          0          0   entry9a.o
        12          6          0          4          0         68   errno.o
        30          0          0          0          0          0   handlers.o
        36          8          0          0          0         68   init.o
        10          0          0          0          0         68   isspace_c.o
         0          0          0          0          0          0   iusefp.o
        30          0          0          0          0         68   llshl.o
        36          0          0          0          0         68   llsshr.o
        32          0          0          0          0         68   llushr.o
        36          0          0          0          0        108   memseta.o
       246         10          0          0          0        176   printf2.o
        40          8          0          0          0         84   scanf_char.o
       878         12          0          0          0        216   scanf_fp.o
         0          0          0          4          0          0   stdout.o
        98          0          0          0          0         92   uldiv.o
        48          0          0          0          0         68   cdcmple.o
        56          0          0          0          0         88   d2f.o
       334          0          0          0          0        148   dadd.o
        54          0          0          0          0         80   dcmpge.o
        54          0          0          0          0         80   dcmpgt.o
        54          0          0          0          0         80   dcmple.o
        54          0          0          0          0         80   dcmplt.o
       222          0          0          0          0        100   ddiv.o
       186          0          0          0          0        176   depilogue.o
        62          0          0          0          0         80   dfixi.o
        34          0          0          0          0         76   dflti.o
        26          0          0          0          0         76   dfltui.o
        24          0          0          0          0         76   dfltul.o
       228          0          0          0          0         96   dmul.o
       162          0          0          0          0        100   dsqrt.o
        38          0          0          0          0         68   f2d.o
       110          0          0          0          0        168   fepilogue.o

    ----------------------------------------------------------------------
      9616        602        600          8          0       6192   Library Totals
        20          0          4          0          0          0   (incl. Padding)

    ----------------------------------------------------------------------

      Code (inc. data)   RO Data    RW Data    ZI Data      Debug   Library Name

      4928        532        532          0          0       2956   m_wm.l
      2922         70         64          8          0       1596   mc_w.l
      1746          0          0          0          0       1640   mf_w.l

    ----------------------------------------------------------------------
      9616        602        600          8          0       6192   Library Totals

    ----------------------------------------------------------------------

==============================================================================


      Code (inc. data)   RO Data    RW Data    ZI Data      Debug   

     45416       1608       1436       2696      20360     369863   Grand Totals
     45416       1608       1436        512      20360     369863   ELF Image Totals (compressed)
     45416       1608       1436        512          0          0   ROM Totals

==============================================================================

    Total RO  Size (Code + RO Data)                46852 (  45.75kB)
    Total RW  Size (RW Data + ZI Data)             23056 (  22.52kB)
    Total ROM Size (Code + RO Data + RW Data)      47364 (  46.25kB)

==============================================================================

