Component: ARM Compiler 5.06 update 5 (build 528) Tool: armlink [4d35e2]

==============================================================================

Section Cross References

    startup_stm32f405xx.o(RESET) refers to startup_stm32f405xx.o(STACK) for __initial_sp
    startup_stm32f405xx.o(RESET) refers to startup_stm32f405xx.o(.text) for Reset_Handler
    startup_stm32f405xx.o(RESET) refers to stm32f4xx_it.o(i.NMI_Handler) for NMI_Handler
    startup_stm32f405xx.o(RESET) refers to stm32f4xx_it.o(i.HardFault_Handler) for HardFault_Handler
    startup_stm32f405xx.o(RESET) refers to stm32f4xx_it.o(i.MemManage_Handler) for MemManage_Handler
    startup_stm32f405xx.o(RESET) refers to stm32f4xx_it.o(i.BusFault_Handler) for BusFault_Handler
    startup_stm32f405xx.o(RESET) refers to stm32f4xx_it.o(i.UsageFault_Handler) for UsageFault_Handler
    startup_stm32f405xx.o(RESET) refers to port.o(.emb_text) for SVC_Handler
    startup_stm32f405xx.o(RESET) refers to stm32f4xx_it.o(i.DebugMon_Handler) for DebugMon_Handler
    startup_stm32f405xx.o(RESET) refers to port.o(i.SysTick_Handler) for SysTick_Handler
    startup_stm32f405xx.o(RESET) refers to stm32f4xx_it.o(i.DMA1_Stream0_IRQHandler) for DMA1_Stream0_IRQHandler
    startup_stm32f405xx.o(RESET) refers to stm32f4xx_it.o(i.CAN1_RX0_IRQHandler) for CAN1_RX0_IRQHandler
    startup_stm32f405xx.o(RESET) refers to stm32f4xx_it.o(i.CAN1_SCE_IRQHandler) for CAN1_SCE_IRQHandler
    startup_stm32f405xx.o(RESET) refers to stm32f4xx_it.o(i.TIM3_IRQHandler) for TIM3_IRQHandler
    startup_stm32f405xx.o(RESET) refers to stm32f4xx_it.o(i.SPI2_IRQHandler) for SPI2_IRQHandler
    startup_stm32f405xx.o(RESET) refers to stm32f4xx_it.o(i.TIM5_IRQHandler) for TIM5_IRQHandler
    startup_stm32f405xx.o(RESET) refers to stm32f4xx_it.o(i.TIM6_DAC_IRQHandler) for TIM6_DAC_IRQHandler
    startup_stm32f405xx.o(RESET) refers to stm32f4xx_it.o(i.CAN2_RX1_IRQHandler) for CAN2_RX1_IRQHandler
    startup_stm32f405xx.o(RESET) refers to stm32f4xx_it.o(i.CAN2_SCE_IRQHandler) for CAN2_SCE_IRQHandler
    startup_stm32f405xx.o(.text) refers to system_stm32f4xx.o(i.SystemInit) for SystemInit
    startup_stm32f405xx.o(.text) refers to entry.o(.ARM.Collect$$$$00000000) for __main
    main.o(i.HAL_TIM_PeriodElapsedCallback) refers to stm32f4xx_hal.o(i.HAL_IncTick) for HAL_IncTick
    main.o(i.SystemClock_Config) refers to memseta.o(.text) for __aeabi_memclr4
    main.o(i.SystemClock_Config) refers to stm32f4xx_hal_rcc.o(i.HAL_RCC_OscConfig) for HAL_RCC_OscConfig
    main.o(i.SystemClock_Config) refers to main.o(i.Error_Handler) for Error_Handler
    main.o(i.SystemClock_Config) refers to stm32f4xx_hal_rcc.o(i.HAL_RCC_ClockConfig) for HAL_RCC_ClockConfig
    main.o(i.main) refers to stm32f4xx_hal.o(i.HAL_Init) for HAL_Init
    main.o(i.main) refers to main.o(i.SystemClock_Config) for SystemClock_Config
    main.o(i.main) refers to gpio.o(i.MX_GPIO_Init) for MX_GPIO_Init
    main.o(i.main) refers to dma.o(i.MX_DMA_Init) for MX_DMA_Init
    main.o(i.main) refers to can.o(i.MX_CAN1_Init) for MX_CAN1_Init
    main.o(i.main) refers to can.o(i.MX_CAN2_Init) for MX_CAN2_Init
    main.o(i.main) refers to tim.o(i.MX_TIM5_Init) for MX_TIM5_Init
    main.o(i.main) refers to usart.o(i.MX_UART5_Init) for MX_UART5_Init
    main.o(i.main) refers to tim.o(i.MX_TIM6_Init) for MX_TIM6_Init
    main.o(i.main) refers to spi.o(i.MX_SPI2_Init) for MX_SPI2_Init
    main.o(i.main) refers to tim.o(i.MX_TIM13_Init) for MX_TIM13_Init
    main.o(i.main) refers to tim.o(i.MX_TIM14_Init) for MX_TIM14_Init
    main.o(i.main) refers to usart.o(i.MX_UART4_Init) for MX_UART4_Init
    main.o(i.main) refers to can_bsp.o(i.CAN_Init) for CAN_Init
    main.o(i.main) refers to freertos.o(i.MX_FREERTOS_Init) for MX_FREERTOS_Init
    main.o(i.main) refers to cmsis_os.o(i.osKernelStart) for osKernelStart
    main.o(i.main) refers to can.o(.bss) for hcan1
    gpio.o(i.MX_GPIO_Init) refers to memseta.o(.text) for __aeabi_memclr4
    gpio.o(i.MX_GPIO_Init) refers to stm32f4xx_hal_gpio.o(i.HAL_GPIO_WritePin) for HAL_GPIO_WritePin
    gpio.o(i.MX_GPIO_Init) refers to stm32f4xx_hal_gpio.o(i.HAL_GPIO_Init) for HAL_GPIO_Init
    freertos.o(i.MX_FREERTOS_Init) refers to memcpya.o(.text) for __aeabi_memcpy4
    freertos.o(i.MX_FREERTOS_Init) refers to cmsis_os.o(i.osThreadCreate) for osThreadCreate
    freertos.o(i.MX_FREERTOS_Init) refers to freertos.o(.constdata) for .constdata
    freertos.o(i.MX_FREERTOS_Init) refers to freertos.o(.data) for defaultTaskHandle
    freertos.o(i.StartDefaultTask) refers to cmsis_os.o(i.osDelay) for osDelay
    freertos.o(i.StartTask02) refers to rm3508.o(i.RM3508_Set_Speed) for RM3508_Set_Speed
    freertos.o(i.StartTask02) refers to cmsis_os.o(i.osDelay) for osDelay
    freertos.o(i.StartTask03) refers to cmsis_os.o(i.osDelay) for osDelay
    freertos.o(i.vApplicationGetIdleTaskMemory) refers to freertos.o(.bss) for xIdleTaskTCBBuffer
    freertos.o(.constdata) refers to freertos.o(.conststring) for .conststring
[...]
    .ARM.Collect$$$$00000004                 0x0800018c   Section        4  entry5.o(.ARM.Collect$$$$00000004)
    .ARM.Collect$$$$00000008                 0x08000190   Section        0  entry7b.o(.ARM.Collect$$$$00000008)
    .ARM.Collect$$$$0000000A                 0x08000190   Section        0  entry8b.o(.ARM.Collect$$$$0000000A)
    .ARM.Collect$$$$0000000B                 0x08000190   Section        8  entry9a.o(.ARM.Collect$$$$0000000B)
    .ARM.Collect$$$$0000000D                 0x08000198   Section        0  entry10a.o(.ARM.Collect$$$$0000000D)
    .ARM.Collect$$$$0000000F                 0x08000198   Section        0  entry11a.o(.ARM.Collect$$$$0000000F)
    .ARM.Collect$$$$00002712                 0x08000198   Section        4  entry2.o(.ARM.Collect$$$$00002712)
    __lit__00000000                          0x08000198   Data           4  entry2.o(.ARM.Collect$$$$00002712)
    .emb_text                                0x0800019c   Section      190  port.o(.emb_text)
    $v0                                      0x0800019c   Number         0  port.o(.emb_text)
    .text                                    0x0800025c   Section       36  startup_stm32f405xx.o(.text)
    $v0                                      0x0800025c   Number         0  startup_stm32f405xx.o(.text)
    .text                                    0x08000280   Section        0  uldiv.o(.text)
    .text                                    0x080002e2   Section        0  memcpya.o(.text)
    .text                                    0x08000306   Section        0  memseta.o(.text)
    .text                                    0x0800032a   Section        0  f2d.o(.text)
    .text                                    0x08000350   Section       48  cdcmple.o(.text)
    .text                                    0x08000380   Section       48  cdrcmple.o(.text)
    .text                                    0x080003b0   Section        0  llshl.o(.text)
    .text                                    0x080003ce   Section        0  llushr.o(.text)
    .text                                    0x080003ee   Section        0  iusefp.o(.text)
    .text                                    0x080003f0   Section       36  init.o(.text)
    .text                                    0x08000414   Section        0  __dczerorl2.o(.text)
    i.BusFault_Handler                       0x0800046a   Section        0  stm32f4xx_it.o(i.BusFault_Handler)
    i.CAN1_RX0_IRQHandler                    0x08000470   Section        0  stm32f4xx_it.o(i.CAN1_RX0_IRQHandler)
    i.CAN1_SCE_IRQHandler                    0x08000480   Section        0  stm32f4xx_it.o(i.CAN1_SCE_IRQHandler)
    i.CAN2_RX1_IRQHandler                    0x08000490   Section        0  stm32f4xx_it.o(i.CAN2_RX1_IRQHandler)
    i.CAN2_SCE_IRQHandler                    0x080004a0   Section        0  stm32f4xx_it.o(i.CAN2_SCE_IRQHandler)
    i.CAN_Init                               0x080004b0   Section        0  can_bsp.o(i.CAN_Init)
    i.DMA1_Stream0_IRQHandler                0x0800054c   Section        0  stm32f4xx_it.o(i.DMA1_Stream0_IRQHandler)
    i.DMA_CalcBaseAndBitshift                0x0800055c   Section        0  stm32f4xx_hal_dma.o(i.DMA_CalcBaseAndBitshift)
    DMA_CalcBaseAndBitshift                  0x0800055d   Thumb Code    46  stm32f4xx_hal_dma.o(i.DMA_CalcBaseAndBitshift)
    i.DMA_CheckFifoParam                     0x08000590   Section        0  stm32f4xx_hal_dma.o(i.DMA_CheckFifoParam)
    DMA_CheckFifoParam                       0x08000591   Thumb Code   170  stm32f4xx_hal_dma.o(i.DMA_CheckFifoParam)
    i.DMA_SetConfig                          0x0800063a   Section        0  stm32f4xx_hal_dma.o(i.DMA_SetConfig)
    DMA_SetConfig                            0x0800063b   Thumb Code    44  stm32f4xx_hal_dma.o(i.DMA_SetConfig)
    i.DebugMon_Handler                       0x08000666   Section        0  stm32f4xx_it.o(i.DebugMon_Handler)
    i.Error_Handler                          0x08000668   Section        0  main.o(i.Error_Handler)
    i.FabsD                                  0x08000670   Section        0  rm3508.o(i.FabsD)
    i.HAL_CAN_ActivateNotification           0x080006c8   Section        0  stm32f4xx_hal_can.o(i.HAL_CAN_ActivateNotification)
    i.HAL_CAN_AddTxMessage                   0x080006f2   Section        0  stm32f4xx_hal_can.o(i.HAL_CAN_AddTxMessage)
    i.HAL_CAN_ConfigFilter                   0x08000848   Section        0  stm32f4xx_hal_can.o(i.HAL_CAN_ConfigFilter)
    i.HAL_CAN_ErrorCallback                  0x0800096c   Section        0  stm32f4xx_hal_can.o(i.HAL_CAN_ErrorCallback)
    i.HAL_CAN_GetRxMessage                   0x0800096e   Section        0  stm32f4xx_hal_can.o(i.HAL_CAN_GetRxMessage)
    i.HAL_CAN_GetTxMailboxesFreeLevel        0x08000ae8   Section        0  stm32f4xx_hal_can.o(i.HAL_CAN_GetTxMailboxesFreeLevel)
    i.HAL_CAN_IRQHandler                     0x08000b1e   Section        0  stm32f4xx_hal_can.o(i.HAL_CAN_IRQHandler)
    i.HAL_CAN_Init                           0x08000d6c   Section        0  stm32f4xx_hal_can.o(i.HAL_CAN_Init)
    i.HAL_CAN_MspInit                        0x08000ee0   Section        0  can.o(i.HAL_CAN_MspInit)
    i.HAL_CAN_RxFifo0FullCallback            0x08001064   Section        0  stm32f4xx_hal_can.o(i.HAL_CAN_RxFifo0FullCallback)
    i.HAL_CAN_RxFifo0MsgPendingCallback      0x08001068   Section        0  dr_rm3508.o(i.HAL_CAN_RxFifo0MsgPendingCallback)
    i.HAL_CAN_RxFifo1FullCallback            0x08001170   Section        0  stm32f4xx_hal_can.o(i.HAL_CAN_RxFifo1FullCallback)
    i.HAL_CAN_RxFifo1MsgPendingCallback      0x08001174   Section        0  dr_rm3508.o(i.HAL_CAN_RxFifo1MsgPendingCallback)
    i.HAL_CAN_SleepCallback                  0x080011bc   Section        0  stm32f4xx_hal_can.o(i.HAL_CAN_SleepCallback)
    i.HAL_CAN_Start                          0x080011be   Section        0  stm32f4xx_hal_can.o(i.HAL_CAN_Start)
    i.HAL_CAN_TxMailbox0AbortCallback        0x0800121c   Section        0  stm32f4xx_hal_can.o(i.HAL_CAN_TxMailbox0AbortCallback)
    i.HAL_CAN_TxMailbox0CompleteCallback     0x0800121e   Section        0  stm32f4xx_hal_can.o(i.HAL_CAN_TxMailbox0CompleteCallback)
    i.HAL_CAN_TxMailbox1AbortCallback        0x08001220   Section        0  stm32f4xx_hal_can.o(i.HAL_CAN_TxMailbox1AbortCallback)
    i.HAL_CAN_TxMailbox1CompleteCallback     0x08001222   Section        0  stm32f4xx_hal_can.o(i.HAL_CAN_TxMailbox1CompleteCallback)
    i.HAL_CAN_TxMailbox2AbortCallback        0x08001224   Section        0  stm32f4xx_hal_can.o(i.HAL_CAN_TxMailbox2AbortCallback)
    i.HAL_CAN_TxMailbox2CompleteCallback     0x08001226   Section        0  stm32f4xx_hal_can.o(i.HAL_CAN_TxMailbox2CompleteCallback)
    i.HAL_CAN_WakeUpFromRxMsgCallback        0x08001228   Section        0  stm32f4xx_hal_can.o(i.HAL_CAN_WakeUpFromRxMsgCallback)
    i.HAL_DMA_Abort_IT                       0x0800122a   Section        0  stm32f4xx_hal_dma.o(i.HAL_DMA_Abort_IT)
    i.HAL_DMA_IRQHandler                     0x08001254   Section        0  stm32f4xx_hal_dma.o(i.HAL_DMA_IRQHandler)
    i.HAL_DMA_Init                           0x08001494   Section        0  stm32f4xx_hal_dma.o(i.HAL_DMA_Init)
    i.HAL_DMA_Start_IT                       0x08001580   Section        0  stm32f4xx_hal_dma.o(i.HAL_DMA_Start_IT)
    i.HAL_GPIO_Init                          0x08001614   Section        0  stm32f4xx_hal_gpio.o(i.HAL_GPIO_Init)
    i.HAL_GPIO_WritePin                      0x08001808   Section        0  stm32f4xx_hal_gpio.o(i.HAL_GPIO_WritePin)
    i.HAL_GetTick                            0x08001814   Section        0  stm32f4xx_hal.o(i.HAL_GetTick)
    i.HAL_IncTick                            0x08001820   Section        0  stm32f4xx_hal.o(i.HAL_IncTick)
    i.HAL_Init                               0x08001838   Section        0  stm32f4xx_hal.o(i.HAL_Init)
    i.HAL_InitTick                           0x08001874   Section        0  stm32f4xx_hal_timebase_tim.o(i.HAL_InitTick)
    i.HAL_MspInit                            0x08001928   Section        0  stm32f4xx_hal_msp.o(i.HAL_MspInit)
    i.HAL_NVIC_EnableIRQ                     0x0800197c   Section        0  stm32f4xx_hal_cortex.o(i.HAL_NVIC_EnableIRQ)
    i.HAL_NVIC_SetPriority                   0x0800199c   Section        0  stm32f4xx_hal_cortex.o(i.HAL_NVIC_SetPriority)
    i.HAL_NVIC_SetPriorityGrouping           0x08001a18   Section        0  stm32f4xx_hal_cortex.o(i.HAL_NVIC_SetPriorityGrouping)
    i.HAL_RCC_ClockConfig                    0x08001a40   Section        0  stm32f4xx_hal_rcc.o(i.HAL_RCC_ClockConfig)
    i.HAL_RCC_GetClockConfig                 0x08001bc4   Section        0  stm32f4xx_hal_rcc.o(i.HAL_RCC_GetClockConfig)
    i.HAL_RCC_GetHCLKFreq                    0x08001c08   Section        0  stm32f4xx_hal_rcc.o(i.HAL_RCC_GetHCLKFreq)
    i.HAL_RCC_GetPCLK1Freq                   0x08001c14   Section        0  stm32f4xx_hal_rcc.o(i.HAL_RCC_GetPCLK1Freq)
    i.HAL_RCC_GetPCLK2Freq                   0x08001c34   Section        0  stm32f4xx_hal_rcc.o(i.HAL_RCC_GetPCLK2Freq)
    i.HAL_RCC_GetSysClockFreq                0x08001c54   Section        0  stm32f4xx_hal_rcc.o(i.HAL_RCC_GetSysClockFreq)
    i.HAL_RCC_OscConfig                      0x08001d04   Section        0  stm32f4xx_hal_rcc.o(i.HAL_RCC_OscConfig)
    i.HAL_SPI_ErrorCallback                  0x080021a0   Section        0  stm32f4xx_hal_spi.o(i.HAL_SPI_ErrorCallback)
    i.HAL_SPI_IRQHandler                     0x080021a4   Section        0  stm32f4xx_hal_spi.o(i.HAL_SPI_IRQHandler)
    i.HAL_SPI_Init                           0x08002300   Section        0  stm32f4xx_hal_spi.o(i.HAL_SPI_Init)
    i.HAL_SPI_MspInit                        0x080023c8   Section        0  spi.o(i.HAL_SPI_MspInit)
    i.HAL_TIMEx_BreakCallback                0x080024a0   Section        0  stm32f4xx_hal_tim_ex.o(i.HAL_TIMEx_BreakCallback)
    i.HAL_TIMEx_CommutCallback               0x080024a2   Section        0  stm32f4xx_hal_tim_ex.o(i.HAL_TIMEx_CommutCallback)
    i.HAL_TIMEx_MasterConfigSynchronization  0x080024a4   Section        0  stm32f4xx_hal_tim_ex.o(i.HAL_TIMEx_MasterConfigSynchronization)
    i.HAL_TIM_Base_Init                      0x08002558   Section        0  stm32f4xx_hal_tim.o(i.HAL_TIM_Base_Init)
    i.HAL_TIM_Base_MspInit                   0x080025c0   Section        0  tim.o(i.HAL_TIM_Base_MspInit)
    i.HAL_TIM_Base_Start_IT                  0x080026a0   Section        0  stm32f4xx_hal_tim.o(i.HAL_TIM_Base_Start_IT)
    i.HAL_TIM_ConfigClockSource              0x08002748   Section        0  stm32f4xx_hal_tim.o(i.HAL_TIM_ConfigClockSource)
    i.HAL_TIM_ErrorCallback                  0x08002854   Section        0  stm32f4xx_hal_tim.o(i.HAL_TIM_ErrorCallback)
    i.HAL_TIM_IC_CaptureCallback             0x08002856   Section        0  stm32f4xx_hal_tim.o(i.HAL_TIM_IC_CaptureCallback)
    i.HAL_TIM_IRQHandler                     0x08002858   Section        0  stm32f4xx_hal_tim.o(i.HAL_TIM_IRQHandler)
    i.HAL_TIM_OC_DelayElapsedCallback        0x080029ee   Section        0  stm32f4xx_hal_tim.o(i.HAL_TIM_OC_DelayElapsedCallback)
    i.HAL_TIM_PWM_PulseFinishedCallback      0x080029f0   Section        0  rgb.o(i.HAL_TIM_PWM_PulseFinishedCallback)
    i.HAL_TIM_PWM_PulseFinishedHalfCpltCallback 0x08002aac   Section        0  stm32f4xx_hal_tim.o(i.HAL_TIM_PWM_PulseFinishedHalfCpltCallback)
    i.HAL_TIM_PWM_Start_DMA                  0x08002ab0   Section        0  stm32f4xx_hal_tim.o(i.HAL_TIM_PWM_Start_DMA)
    i.HAL_TIM_PWM_Stop_DMA                   0x08002cf8   Section        0  stm32f4xx_hal_tim.o(i.HAL_TIM_PWM_Stop_DMA)
    i.HAL_TIM_PeriodElapsedCallback          0x08002e0c   Section        0  main.o(i.HAL_TIM_PeriodElapsedCallback)
    i.HAL_TIM_TriggerCallback                0x08002e24   Section        0  stm32f4xx_hal_tim.o(i.HAL_TIM_TriggerCallback)
    i.HAL_UART_Init                          0x08002e26   Section        0  stm32f4xx_hal_uart.o(i.HAL_UART_Init)
    i.HAL_UART_MspInit                       0x08002e98   Section        0  usart.o(i.HAL_UART_MspInit)
    i.HardFault_Handler                      0x08003050   Section        0  stm32f4xx_it.o(i.HardFault_Handler)
    i.MX_CAN1_Init                           0x08003054   Section        0  can.o(i.MX_CAN1_Init)
    i.MX_CAN2_Init                           0x08003098   Section        0  can.o(i.MX_CAN2_Init)
    i.MX_DMA_Init                            0x080030dc   Section        0  dma.o(i.MX_DMA_Init)
    i.MX_FREERTOS_Init                       0x08003114   Section        0  freertos.o(i.MX_FREERTOS_Init)
    i.MX_GPIO_Init                           0x08003174   Section        0  gpio.o(i.MX_GPIO_Init)
    i.MX_SPI2_Init                           0x0800326c   Section        0  spi.o(i.MX_SPI2_Init)
    i.MX_TIM13_Init                          0x080032b0   Section        0  tim.o(i.MX_TIM13_Init)
    i.MX_TIM14_Init                          0x080032e4   Section        0  tim.o(i.MX_TIM14_Init)
    i.MX_TIM5_Init                           0x08003314   Section        0  tim.o(i.MX_TIM5_Init)
    i.MX_TIM6_Init                           0x08003384   Section        0  tim.o(i.MX_TIM6_Init)
    i.MX_UART4_Init                          0x080033cc   Section        0  usart.o(i.MX_UART4_Init)
    i.MX_UART5_Init                          0x08003404   Section        0  usart.o(i.MX_UART5_Init)
    i.MemManage_Handler                      0x0800343c   Section        0  stm32f4xx_it.o(i.MemManage_Handler)
    i.NMI_Handler                            0x08003440   Section        0  stm32f4xx_it.o(i.NMI_Handler)
    i.RGB_Cal_Color                          0x08003444   Section        0  rgb.o(i.RGB_Cal_Color)
    i.RM3508_CAN_Send_Data                   0x080034dc   Section        0  rm3508.o(i.RM3508_CAN_Send_Data)
    i.RM3508_Get_Feedback                    0x08003538   Section        0  rm3508.o(i.RM3508_Get_Feedback)
    i.RM3508_Get_Pos                         0x08003578   Section        0  rm3508.o(i.RM3508_Get_Pos)
    i.RM3508_Get_Speed                       0x08003588   Section        0  rm3508.o(i.RM3508_Get_Speed)
    i.RM3508_Pos_Rec                         0x080035e8   Section        0  rm3508.o(i.RM3508_Pos_Rec)
    i.RM3508_Set_I                           0x08003684   Section        0  rm3508.o(i.RM3508_Set_I)
    i.RM3508_Set_Speed                       0x0800371c   Section        0  rm3508.o(i.RM3508_Set_Speed)
    i.SPI2_IRQHandler                        0x080039c0   Section        0  stm32f4xx_it.o(i.SPI2_IRQHandler)
    i.SPI_DMAAbortOnError                    0x080039d0   Section        0  stm32f4xx_hal_spi.o(i.SPI_DMAAbortOnError)
    SPI_DMAAbortOnError                      0x080039d1   Thumb Code    20  stm32f4xx_hal_spi.o(i.SPI_DMAAbortOnError)
    i.StartDefaultTask                       0x080039e4   Section        0  freertos.o(i.StartDefaultTask)
    i.StartTask02                            0x080039ee   Section        0  freertos.o(i.StartTask02)
    i.StartTask03                            0x08003a02   Section        0  freertos.o(i.StartTask03)
    i.SysTick_Handler                        0x08003a0c   Section        0  port.o(i.SysTick_Handler)
    i.SystemClock_Config                     0x08003a40   Section        0  main.o(i.SystemClock_Config)
    i.SystemInit                             0x08003af4   Section        0  system_stm32f4xx.o(i.SystemInit)
    i.TIM3_IRQHandler                        0x08003b08   Section        0  stm32f4xx_it.o(i.TIM3_IRQHandler)
    i.TIM5_IRQHandler                        0x08003b18   Section        0  stm32f4xx_it.o(i.TIM5_IRQHandler)
    i.TIM6_DAC_IRQHandler                    0x08003b28   Section        0  stm32f4xx_it.o(i.TIM6_DAC_IRQHandler)
    i.TIM_Base_SetConfig                     0x08003b38   Section        0  stm32f4xx_hal_tim.o(i.TIM_Base_SetConfig)
    i.TIM_CCxChannelCmd                      0x08003c10   Section        0  stm32f4xx_hal_tim.o(i.TIM_CCxChannelCmd)
    i.TIM_DMADelayPulseCplt                  0x08003c32   Section        0  stm32f4xx_hal_tim.o(i.TIM_DMADelayPulseCplt)
    TIM_DMADelayPulseCplt                    0x08003c33   Thumb Code   104  stm32f4xx_hal_tim.o(i.TIM_DMADelayPulseCplt)
    i.TIM_DMADelayPulseHalfCplt              0x08003c9a   Section        0  stm32f4xx_hal_tim.o(i.TIM_DMADelayPulseHalfCplt)
    i.TIM_DMAError                           0x08003cda   Section        0  stm32f4xx_hal_tim.o(i.TIM_DMAError)
    i.TIM_ETR_SetConfig                      0x08003d38   Section        0  stm32f4xx_hal_tim.o(i.TIM_ETR_SetConfig)
    i.TIM_ITRx_SetConfig                     0x08003d4e   Section        0  stm32f4xx_hal_tim.o(i.TIM_ITRx_SetConfig)
    TIM_ITRx_SetConfig                       0x08003d4f   Thumb Code    18  stm32f4xx_hal_tim.o(i.TIM_ITRx_SetConfig)
    i.TIM_TI1_ConfigInputStage               0x08003d60   Section        0  stm32f4xx_hal_tim.o(i.TIM_TI1_ConfigInputStage)
    TIM_TI1_ConfigInputStage                 0x08003d61   Thumb Code    38  stm32f4xx_hal_tim.o(i.TIM_TI1_ConfigInputStage)
    i.TIM_TI2_ConfigInputStage               0x08003d86   Section        0  stm32f4xx_hal_tim.o(i.TIM_TI2_ConfigInputStage)
    TIM_TI2_ConfigInputStage                 0x08003d87   Thumb Code    40  stm32f4xx_hal_tim.o(i.TIM_TI2_ConfigInputStage)
    i.UART_SetConfig                         0x08003db0   Section        0  stm32f4xx_hal_uart.o(i.UART_SetConfig)
    UART_SetConfig                           0x08003db1   Thumb Code   546  stm32f4xx_hal_uart.o(i.UART_SetConfig)
    i.UsageFault_Handler                     0x08003fdc   Section        0  stm32f4xx_it.o(i.UsageFault_Handler)
    i.__NVIC_GetPriorityGrouping             0x08003fe0   Section        0  stm32f4xx_hal_cortex.o(i.__NVIC_GetPriorityGrouping)
    __NVIC_GetPriorityGrouping               0x08003fe1   Thumb Code    10  stm32f4xx_hal_cortex.o(i.__NVIC_GetPriorityGrouping)
    i.__NVIC_SetPriority                     0x08003ff0   Section        0  stm32f4xx_hal_cortex.o(i.__NVIC_SetPriority)
    __NVIC_SetPriority                       0x08003ff1   Thumb Code    32  stm32f4xx_hal_cortex.o(i.__NVIC_SetPriority)
    i.__scatterload_copy                     0x08004018   Section       14  handlers.o(i.__scatterload_copy)
    i.__scatterload_null                     0x08004026   Section        2  handlers.o(i.__scatterload_null)
    i.__scatterload_zeroinit                 0x08004028   Section       14  handlers.o(i.__scatterload_zeroinit)
    i.main                                   0x08004038   Section        0  main.o(i.main)
    i.makeFreeRtosPriority                   0x0800408c   Section        0  cmsis_os.o(i.makeFreeRtosPriority)
    makeFreeRtosPriority                     0x0800408d   Thumb Code    14  cmsis_os.o(i.makeFreeRtosPriority)
    i.osDelay                                0x0800409a   Section        0  cmsis_os.o(i.osDelay)
    i.osKernelStart                          0x080040b2   Section        0  cmsis_os.o(i.osKernelStart)
    i.osThreadCreate                         0x080040bc   Section        0  cmsis_os.o(i.osThreadCreate)
    i.prvAddCurrentTaskToDelayedList         0x0800411c   Section        0  tasks.o(i.prvAddCurrentTaskToDelayedList)
    prvAddCurrentTaskToDelayedList           0x0800411d   Thumb Code   124  tasks.o(i.prvAddCurrentTaskToDelayedList)
    i.prvAddNewTaskToReadyList               0x080041b4   Section        0  tasks.o(i.prvAddNewTaskToReadyList)
    prvAddNewTaskToReadyList                 0x080041b5   Thumb Code   150  tasks.o(i.prvAddNewTaskToReadyList)
    i.prvCheckTasksWaitingTermination        0x08004268   Section        0  tasks.o(i.prvCheckTasksWaitingTermination)
    prvCheckTasksWaitingTermination          0x08004269   Thumb Code    60  tasks.o(i.prvCheckTasksWaitingTermination)
    i.prvDeleteTCB                           0x080042b0   Section        0  tasks.o(i.prvDeleteTCB)
    prvDeleteTCB                             0x080042b1   Thumb Code    80  tasks.o(i.prvDeleteTCB)
    i.prvHeapInit                            0x08004300   Section        0  heap_4.o(i.prvHeapInit)
    prvHeapInit                              0x08004301   Thumb Code    98  heap_4.o(i.prvHeapInit)
    i.prvIdleTask                            0x0800437c   Section        0  tasks.o(i.prvIdleTask)
    prvIdleTask                              0x0800437d   Thumb Code    32  tasks.o(i.prvIdleTask)
    i.prvInitialiseNewTask                   0x080043a4   Section        0  tasks.o(i.prvInitialiseNewTask)
    prvInitialiseNewTask                     0x080043a5   Thumb Code   180  tasks.o(i.prvInitialiseNewTask)
    i.prvInitialiseTaskLists                 0x08004458   Section        0  tasks.o(i.prvInitialiseTaskLists)
    prvInitialiseTaskLists                   0x08004459   Thumb Code    70  tasks.o(i.prvInitialiseTaskLists)
    i.prvInsertBlockIntoFreeList             0x080044c0   Section        0  heap_4.o(i.prvInsertBlockIntoFreeList)
    prvInsertBlockIntoFreeList               0x080044c1   Thumb Code    96  heap_4.o(i.prvInsertBlockIntoFreeList)
    i.prvResetNextTaskUnblockTime            0x08004528   Section        0  tasks.o(i.prvResetNextTaskUnblockTime)
    prvResetNextTaskUnblockTime              0x08004529   Thumb Code    42  tasks.o(i.prvResetNextTaskUnblockTime)
    i.prvTaskExitError                       0x0800455c   Section        0  port.o(i.prvTaskExitError)
    prvTaskExitError                         0x0800455d   Thumb Code    60  port.o(i.prvTaskExitError)
    i.pvPortMalloc                           0x0800459c   Section        0  heap_4.o(i.pvPortMalloc)
    i.pxPortInitialiseStack                  0x080046e8   Section        0  port.o(i.pxPortInitialiseStack)
    i.uxListRemove                           0x08004714   Section        0  list.o(i.uxListRemove)
    i.vApplicationGetIdleTaskMemory          0x0800473c   Section        0  freertos.o(i.vApplicationGetIdleTaskMemory)
    i.vListInitialise                        0x08004754   Section        0  list.o(i.vListInitialise)
    i.vListInitialiseItem                    0x0800476e   Section        0  list.o(i.vListInitialiseItem)
    i.vListInsert                            0x08004774   Section        0  list.o(i.vListInsert)
    i.vListInsertEnd                         0x080047a8   Section        0  list.o(i.vListInsertEnd)
    i.vPortEnterCritical                     0x080047c0   Section        0  port.o(i.vPortEnterCritical)
    i.vPortExitCritical                      0x08004814   Section        0  port.o(i.vPortExitCritical)
    i.vPortFree                              0x08004850   Section        0  heap_4.o(i.vPortFree)
    i.vPortSetupTimerInterrupt               0x080048f4   Section        0  port.o(i.vPortSetupTimerInterrupt)
    i.vTaskDelay                             0x0800491c   Section        0  tasks.o(i.vTaskDelay)
    i.vTaskStartScheduler                    0x08004978   Section        0  tasks.o(i.vTaskStartScheduler)
    i.vTaskSuspendAll                        0x08004a28   Section        0  tasks.o(i.vTaskSuspendAll)
    i.vTaskSwitchContext                     0x08004a38   Section        0  tasks.o(i.vTaskSwitchContext)
    i.xPortStartScheduler                    0x08004ac4   Section        0  port.o(i.xPortStartScheduler)
    i.xTaskCreate                            0x08004c2c   Section        0  tasks.o(i.xTaskCreate)
    i.xTaskCreateStatic                      0x08004c90   Section        0  tasks.o(i.xTaskCreateStatic)
    i.xTaskIncrementTick                     0x08004d4c   Section        0  tasks.o(i.xTaskIncrementTick)
    i.xTaskResumeAll                         0x08004e94   Section        0  tasks.o(i.xTaskResumeAll)
    .constdata                               0x08004f98   Section       84  freertos.o(.constdata)
    .constdata                               0x08004fec   Section        8  stm32f4xx_hal_dma.o(.constdata)
    flagBitshiftOffset                       0x08004fec   Data           8  stm32f4xx_hal_dma.o(.constdata)
    .constdata                               0x08004ff4   Section       24  system_stm32f4xx.o(.constdata)
    .conststring                             0x0800500c   Section       36  freertos.o(.conststring)
    .data                                    0x20000000   Section       16  freertos.o(.data)
    .data                                    0x20000010   Section        4  can.o(.data)
    HAL_RCC_CAN1_CLK_ENABLED                 0x20000010   Data           4  can.o(.data)
    .data                                    0x20000014   Section        9  stm32f4xx_hal.o(.data)
    .data                                    0x20000020   Section        4  system_stm32f4xx.o(.data)
    .data                                    0x20000024   Section     1040  rm3508.o(.data)
    .data                                    0x20000434   Section       73  dr_rm3508.o(.data)
    .data                                    0x2000047e   Section        5  rgb.o(.data)
    .data                                    0x20000484   Section       60  tasks.o(.data)
    pxDelayedTaskList                        0x20000488   Data           4  tasks.o(.data)
    pxOverflowDelayedTaskList                0x2000048c   Data           4  tasks.o(.data)
    uxDeletedTasksWaitingCleanUp             0x20000490   Data           4  tasks.o(.data)
    uxCurrentNumberOfTasks                   0x20000494   Data           4  tasks.o(.data)
    xTickCount                               0x20000498   Data           4  tasks.o(.data)
    uxTopReadyPriority                       0x2000049c   Data           4  tasks.o(.data)
    xSchedulerRunning                        0x200004a0   Data           4  tasks.o(.data)
    xPendedTicks                             0x200004a4   Data           4  tasks.o(.data)
    xYieldPending                            0x200004a8   Data           4  tasks.o(.data)
    xNumOfOverflows                          0x200004ac   Data           4  tasks.o(.data)
    uxTaskNumber                             0x200004b0   Data           4  tasks.o(.data)
    xNextTaskUnblockTime                     0x200004b4   Data           4  tasks.o(.data)
    xIdleTaskHandle                          0x200004b8   Data           4  tasks.o(.data)
    uxSchedulerSuspended                     0x200004bc   Data           4  tasks.o(.data)
    .data                                    0x200004c0   Section       32  heap_4.o(.data)
    xStart                                   0x200004c0   Data           8  heap_4.o(.data)
    pxEnd                                    0x200004c8   Data           4  heap_4.o(.data)
    xFreeBytesRemaining                      0x200004cc   Data           4  heap_4.o(.data)
    xMinimumEverFreeBytesRemaining           0x200004d0   Data           4  heap_4.o(.data)
    xNumberOfSuccessfulAllocations           0x200004d4   Data           4  heap_4.o(.data)
    xNumberOfSuccessfulFrees                 0x200004d8   Data           4  heap_4.o(.data)
    xBlockAllocatedBit                       0x200004dc   Data           4  heap_4.o(.data)
    .data                                    0x200004e0   Section       12  port.o(.data)
    uxCriticalNesting                        0x200004e0   Data           4  port.o(.data)
    ucMaxSysCallPriority                     0x200004e4   Data           1  port.o(.data)
    ulMaxPRIGROUPValue                       0x200004e8   Data           4  port.o(.data)
    .bss                                     0x200004ec   Section      596  freertos.o(.bss)
    xIdleTaskTCBBuffer                       0x200004ec   Data          84  freertos.o(.bss)
    xIdleStack                               0x20000540   Data         512  freertos.o(.bss)
    .bss                                     0x20000740   Section       80  can.o(.bss)
    .bss                                     0x20000790   Section       88  spi.o(.bss)
    .bss                                     0x200007e8   Section      288  tim.o(.bss)
    .bss                                     0x20000908   Section      232  usart.o(.bss)
    .bss                                     0x200009f0   Section       72  stm32f4xx_hal_timebase_tim.o(.bss)
    .bss                                     0x20000a38   Section      152  rm3508.o(.bss)
    RM3508_base                              0x20000a90   Data          32  rm3508.o(.bss)
    RM3508tmp_pre                            0x20000ab0   Data          32  rm3508.o(.bss)
    .bss                                     0x20000ad0   Section     2260  rgb.o(.bss)
    .bss                                     0x200013a4   Section      240  tasks.o(.bss)
    pxReadyTasksLists                        0x200013a4   Data         140  tasks.o(.bss)
    xDelayedTaskList1                        0x20001430   Data          20  tasks.o(.bss)
    xDelayedTaskList2                        0x20001444   Data          20  tasks.o(.bss)
    xPendingReadyList                        0x20001458   Data          20  tasks.o(.bss)
    xTasksWaitingTermination                 0x2000146c   Data          20  tasks.o(.bss)
    xSuspendedTaskList                       0x20001480   Data          20  tasks.o(.bss)
    .bss                                     0x20001494   Section    15360  heap_4.o(.bss)
    ucHeap                                   0x20001494   Data       15360  heap_4.o(.bss)
    STACK                                    0x20005098   Section     1024  startup_stm32f405xx.o(STACK)

    Global Symbols

    Symbol Name                              Value     Ov Type        Size  Object(Section)

    BuildAttributes$$THM_ISAv4$E$P$D$K$B$S$7EM$VFPi3$EXTD16$VFPS$VFMA$PE$A:L22UL41UL21$X:L11$S22US41US21$IEEE1$IW$USESV6$~STKCKD$USESV7$~SHL$OTIME$ROPI$IEEEX$EBA8$MICROLIB$REQ8$PRES8$EABIv2 0x00000000   Number         0  anon$$obj.o ABSOLUTE
    __ARM_use_no_argv                        0x00000000   Number         0  main.o ABSOLUTE
    __cpp_initialize__aeabi_                  - Undefined Weak Reference
    __cxa_finalize                            - Undefined Weak Reference
    _clock_init                               - Undefined Weak Reference
    _microlib_exit                            - Undefined Weak Reference
    _scanf_longlong                           - Undefined Weak Reference
    _scanf_real                               - Undefined Weak Reference
    _scanf_string                             - Undefined Weak Reference
    __Vectors_Size                           0x00000188   Number         0  startup_stm32f405xx.o ABSOLUTE
    __Vectors                                0x08000000   Data           4  startup_stm32f405xx.o(RESET)
    __Vectors_End                            0x08000188   Data           0  startup_stm32f405xx.o(RESET)
    __main                                   0x08000189   Thumb Code     0  entry.o(.ARM.Collect$$$$00000000)
    _main_stk                                0x08000189   Thumb Code     0  entry2.o(.ARM.Collect$$$$00000001)
    _main_scatterload                        0x0800018d   Thumb Code     0  entry5.o(.ARM.Collect$$$$00000004)
    __main_after_scatterload                 0x08000191   Thumb Code     0  entry5.o(.ARM.Collect$$$$00000004)
    _main_clock                              0x08000191   Thumb Code     0  entry7b.o(.ARM.Collect$$$$00000008)
    _main_cpp_init                           0x08000191   Thumb Code     0  entry8b.o(.ARM.Collect$$$$0000000A)
    _main_init                               0x08000191   Thumb Code     0  entry9a.o(.ARM.Collect$$$$0000000B)
    __rt_final_cpp                           0x08000199   Thumb Code     0  entry10a.o(.ARM.Collect$$$$0000000D)
    __rt_final_exit                          0x08000199   Thumb Code     0  entry11a.o(.ARM.Collect$$$$0000000F)
    SVC_Handler                              0x0800019d   Thumb Code    28  port.o(.emb_text)
    __asm___6_port_c_39a90d8d__prvStartFirstTask 0x080001bd   Thumb Code    36  port.o(.emb_text)
    __asm___6_port_c_39a90d8d__prvEnableVFP  0x080001e5   Thumb Code    16  port.o(.emb_text)
    PendSV_Handler                           0x080001f9   Thumb Code    88  port.o(.emb_text)
    vPortGetIPSR                             0x08000255   Thumb Code     6  port.o(.emb_text)
    Reset_Handler                            0x0800025d   Thumb Code     8  startup_stm32f405xx.o(.text)
    ADC_IRQHandler                           0x08000277   Thumb Code     0  startup_stm32f405xx.o(.text)
    CAN1_RX1_IRQHandler                      0x08000277   Thumb Code     0  startup_stm32f405xx.o(.text)
    CAN1_TX_IRQHandler                       0x08000277   Thumb Code     0  startup_stm32f405xx.o(.text)
    CAN2_RX0_IRQHandler                      0x08000277   Thumb Code     0  startup_stm32f405xx.o(.text)
    CAN2_TX_IRQHandler                       0x08000277   Thumb Code     0  startup_stm32f405xx.o(.text)
    DMA1_Stream1_IRQHandler                  0x08000277   Thumb Code     0  startup_stm32f405xx.o(.text)
    DMA1_Stream2_IRQHandler                  0x08000277   Thumb Code     0  startup_stm32f405xx.o(.text)
    DMA1_Stream3_IRQHandler                  0x08000277   Thumb Code     0  startup_stm32f405xx.o(.text)
    DMA1_Stream4_IRQHandler                  0x08000277   Thumb Code     0  startup_stm32f405xx.o(.text)
    DMA1_Stream5_IRQHandler                  0x08000277   Thumb Code     0  startup_stm32f405xx.o(.text)
    DMA1_Stream6_IRQHandler                  0x08000277   Thumb Code     0  startup_stm32f405xx.o(.text)
    DMA1_Stream7_IRQHandler                  0x08000277   Thumb Code     0  startup_stm32f405xx.o(.text)
    DMA2_Stream0_IRQHandler                  0x08000277   Thumb Code     0  startup_stm32f405xx.o(.text)
    DMA2_Stream1_IRQHandler                  0x08000277   Thumb Code     0  startup_stm32f405xx.o(.text)
    DMA2_Stream2_IRQHandler                  0x08000277   Thumb Code     0  startup_stm32f405xx.o(.text)
    DMA2_Stream3_IRQHandler                  0x08000277   Thumb Code     0  startup_stm32f405xx.o(.text)
    DMA2_Stream4_IRQHandler                  0x08000277   Thumb Code     0  startup_stm32f405xx.o(.text)
    DMA2_Stream5_IRQHandler                  0x08000277   Thumb Code     0  startup_stm32f405xx.o(.text)
    DMA2_Stream6_IRQHandler                  0x08000277   Thumb Code     0  startup_stm32f405xx.o(.text)
    DMA2_Stream7_IRQHandler                  0x08000277   Thumb Code     0  startup_stm32f405xx.o(.text)
    EXTI0_IRQHandler                         0x08000277   Thumb Code     0  startup_stm32f405xx.o(.text)
    EXTI15_10_IRQHandler                     0x08000277   Thumb Code     0  startup_stm32f405xx.o(.text)
    EXTI1_IRQHandler                         0x08000277   Thumb Code     0  startup_stm32f405xx.o(.text)
    EXTI2_IRQHandler                         0x08000277   Thumb Code     0  startup_stm32f405xx.o(.text)
    EXTI3_IRQHandler                         0x08000277   Thumb Code     0  startup_stm32f405xx.o(.text)
    EXTI4_IRQHandler                         0x08000277   Thumb Code     0  startup_stm32f405xx.o(.text)
    EXTI9_5_IRQHandler                       0x08000277   Thumb Code     0  startup_stm32f405xx.o(.text)
    FLASH_IRQHandler                         0x08000277   Thumb Code     0  startup_stm32f405xx.o(.text)
    FMC_IRQHandler                           0x08000277   Thumb Code     0  startup_stm32f405xx.o(.text)
    FPU_IRQHandler                           0x08000277   Thumb Code     0  startup_stm32f405xx.o(.text)
    HASH_RNG_IRQHandler                      0x08000277   Thumb Code     0  startup_stm32f405xx.o(.text)
    I2C1_ER_IRQHandler                       0x08000277   Thumb Code     0  startup_stm32f405xx.o(.text)
    I2C1_EV_IRQHandler                       0x08000277   Thumb Code     0  startup_stm32f405xx.o(.text)
    I2C2_ER_IRQHandler                       0x08000277   Thumb Code     0  startup_stm32f405xx.o(.text)
    I2C2_EV_IRQHandler                       0x08000277   Thumb Code     0  startup_stm32f405xx.o(.text)
    I2C3_ER_IRQHandler                       0x08000277   Thumb Code     0  startup_stm32f405xx.o(.text)
    I2C3_EV_IRQHandler                       0x08000277   Thumb Code     0  startup_stm32f405xx.o(.text)
    OTG_FS_IRQHandler                        0x08000277   Thumb Code     0  startup_stm32f405xx.o(.text)
    OTG_FS_WKUP_IRQHandler                   0x08000277   Thumb Code     0  startup_stm32f405xx.o(.text)
    OTG_HS_EP1_IN_IRQHandler                 0x08000277   Thumb Code     0  startup_stm32f405xx.o(.text)
    OTG_HS_EP1_OUT_IRQHandler                0x08000277   Thumb Code     0  startup_stm32f405xx.o(.text)
    OTG_HS_IRQHandler                        0x08000277   Thumb Code     0  startup_stm32f405xx.o(.text)
    OTG_HS_WKUP_IRQHandler                   0x08000277   Thumb Code     0  startup_stm32f405xx.o(.text)
    PVD_IRQHandler                           0x08000277   Thumb Code     0  startup_stm32f405xx.o(.text)
    RCC_IRQHandler                           0x08000277   Thumb Code     0  startup_stm32f405xx.o(.text)
    RTC_Alarm_IRQHandler                     0x08000277   Thumb Code     0  startup_stm32f405xx.o(.text)
    RTC_WKUP_IRQHandler                      0x08000277   Thumb Code     0  startup_stm32f405xx.o(.text)
    SDIO_IRQHandler                          0x08000277   Thumb Code     0  startup_stm32f405xx.o(.text)
    SPI1_IRQHandler                          0x08000277   Thumb Code     0  startup_stm32f405xx.o(.text)
    SPI3_IRQHandler                          0x08000277   Thumb Code     0  startup_stm32f405xx.o(.text)
    TAMP_STAMP_IRQHandler                    0x08000277   Thumb Code     0  startup_stm32f405xx.o(.text)
    TIM1_BRK_TIM9_IRQHandler                 0x08000277   Thumb Code     0  startup_stm32f405xx.o(.text)
    TIM1_CC_IRQHandler                       0x08000277   Thumb Code     0  startup_stm32f405xx.o(.text)
    TIM1_TRG_COM_TIM11_IRQHandler            0x08000277   Thumb Code     0  startup_stm32f405xx.o(.text)
    TIM1_UP_TIM10_IRQHandler                 0x08000277   Thumb Code     0  startup_stm32f405xx.o(.text)
    TIM2_IRQHandler                          0x08000277   Thumb Code     0  startup_stm32f405xx.o(.text)
    TIM4_IRQHandler                          0x08000277   Thumb Code     0  startup_stm32f405xx.o(.text)
    TIM7_IRQHandler                          0x08000277   Thumb Code     0  startup_stm32f405xx.o(.text)
    TIM8_BRK_TIM12_IRQHandler                0x08000277   Thumb Code     0  startup_stm32f405xx.o(.text)
    TIM8_CC_IRQHandler                       0x08000277   Thumb Code     0  startup_stm32f405xx.o(.text)
    TIM8_TRG_COM_TIM14_IRQHandler            0x08000277   Thumb Code     0  startup_stm32f405xx.o(.text)
    TIM8_UP_TIM13_IRQHandler                 0x08000277   Thumb Code     0  startup_stm32f405xx.o(.text)
    UART4_IRQHandler                         0x08000277   Thumb Code     0  startup_stm32f405xx.o(.text)
    UART5_IRQHandler                         0x08000277   Thumb Code     0  startup_stm32f405xx.o(.text)
    USART1_IRQHandler                        0x08000277   Thumb Code     0  startup_stm32f405xx.o(.text)
    USART2_IRQHandler                        0x08000277   Thumb Code     0  startup_stm32f405xx.o(.text)
    USART3_IRQHandler                        0x08000277   Thumb Code     0  startup_stm32f405xx.o(.text)
    USART6_IRQHandler                        0x08000277   Thumb Code     0  startup_stm32f405xx.o(.text)
    WWDG_IRQHandler                          0x08000277   Thumb Code     0  startup_stm32f405xx.o(.text)
    __aeabi_uldivmod                         0x08000281   Thumb Code    98  uldiv.o(.text)
    __aeabi_memcpy                           0x080002e3   Thumb Code    36  memcpya.o(.text)
    __aeabi_memcpy4                          0x080002e3   Thumb Code     0  memcpya.o(.text)
    __aeabi_memcpy8                          0x080002e3   Thumb Code     0  memcpya.o(.text)
    __aeabi_memset                           0x08000307   Thumb Code    14  memseta.o(.text)
    __aeabi_memset4                          0x08000307   Thumb Code     0  memseta.o(.text)
    __aeabi_memset8                          0x08000307   Thumb Code     0  memseta.o(.text)
    __aeabi_memclr                           0x08000315   Thumb Code     4  memseta.o(.text)
    __aeabi_memclr4                          0x08000315   Thumb Code     0  memseta.o(.text)
    __aeabi_memclr8                          0x08000315   Thumb Code     0  memseta.o(.text)
    memset                                   0x08000319   Thumb Code    18  memseta.o(.text)
    __aeabi_f2d                              0x0800032b   Thumb Code    38  f2d.o(.text)
    __aeabi_cdcmpeq                          0x08000351   Thumb Code     0  cdcmple.o(.text)
    __aeabi_cdcmple                          0x08000351   Thumb Code    48  cdcmple.o(.text)
    __aeabi_cdrcmple                         0x08000381   Thumb Code    48  cdrcmple.o(.text)
    __aeabi_llsl                             0x080003b1   Thumb Code    30  llshl.o(.text)
    _ll_shift_l                              0x080003b1   Thumb Code     0  llshl.o(.text)
    __aeabi_llsr                             0x080003cf   Thumb Code    32  llushr.o(.text)
    _ll_ushift_r                             0x080003cf   Thumb Code     0  llushr.o(.text)
    __I$use$fp                               0x080003ef   Thumb Code     0  iusefp.o(.text)
    __scatterload                            0x080003f1   Thumb Code    28  init.o(.text)
    __scatterload_rt2                        0x080003f1   Thumb Code     0  init.o(.text)
    __decompress                             0x08000415   Thumb Code     0  __dczerorl2.o(.text)
    __decompress1                            0x08000415   Thumb Code    86  __dczerorl2.o(.text)
    BusFault_Handler                         0x0800046b   Thumb Code     4  stm32f4xx_it.o(i.BusFault_Handler)
    CAN1_RX0_IRQHandler                      0x08000471   Thumb Code    10  stm32f4xx_it.o(i.CAN1_RX0_IRQHandler)
    CAN1_SCE_IRQHandler                      0x08000481   Thumb Code    10  stm32f4xx_it.o(i.CAN1_SCE_IRQHandler)
    CAN2_RX1_IRQHandler                      0x08000491   Thumb Code    10  stm32f4xx_it.o(i.CAN2_RX1_IRQHandler)
    CAN2_SCE_IRQHandler                      0x080004a1   Thumb Code    10  stm32f4xx_it.o(i.CAN2_SCE_IRQHandler)
    CAN_Init                                 0x080004b1   Thumb Code   146  can_bsp.o(i.CAN_Init)
    DMA1_Stream0_IRQHandler                  0x0800054d   Thumb Code    10  stm32f4xx_it.o(i.DMA1_Stream0_IRQHandler)
    DebugMon_Handler                         0x08000667   Thumb Code     2  stm32f4xx_it.o(i.DebugMon_Handler)
    Error_Handler                            0x08000669   Thumb Code     6  main.o(i.Error_Handler)
    FabsD                                    0x08000671   Thumb Code    78  rm3508.o(i.FabsD)
    HAL_CAN_ActivateNotification             0x080006c9   Thumb Code    42  stm32f4xx_hal_can.o(i.HAL_CAN_ActivateNotification)
    HAL_CAN_AddTxMessage                     0x080006f3   Thumb Code   342  stm32f4xx_hal_can.o(i.HAL_CAN_AddTxMessage)
    HAL_CAN_ConfigFilter                     0x08000849   Thumb Code   286  stm32f4xx_hal_can.o(i.HAL_CAN_ConfigFilter)
    HAL_CAN_ErrorCallback                    0x0800096d   Thumb Code     2  stm32f4xx_hal_can.o(i.HAL_CAN_ErrorCallback)
    HAL_CAN_GetRxMessage                     0x0800096f   Thumb Code   378  stm32f4xx_hal_can.o(i.HAL_CAN_GetRxMessage)
    HAL_CAN_GetTxMailboxesFreeLevel          0x08000ae9   Thumb Code    54  stm32f4xx_hal_can.o(i.HAL_CAN_GetTxMailboxesFreeLevel)
    HAL_CAN_IRQHandler                       0x08000b1f   Thumb Code   590  stm32f4xx_hal_can.o(i.HAL_CAN_IRQHandler)
    HAL_CAN_Init                             0x08000d6d   Thumb Code   372  stm32f4xx_hal_can.o(i.HAL_CAN_Init)
    HAL_CAN_MspInit                          0x08000ee1   Thumb Code   364  can.o(i.HAL_CAN_MspInit)
    HAL_CAN_RxFifo0FullCallback              0x08001065   Thumb Code     2  stm32f4xx_hal_can.o(i.HAL_CAN_RxFifo0FullCallback)
    HAL_CAN_RxFifo0MsgPendingCallback        0x08001069   Thumb Code   228  dr_rm3508.o(i.HAL_CAN_RxFifo0MsgPendingCallback)
    HAL_CAN_RxFifo1FullCallback              0x08001171   Thumb Code     2  stm32f4xx_hal_can.o(i.HAL_CAN_RxFifo1FullCallback)
    HAL_CAN_RxFifo1MsgPendingCallback        0x08001175   Thumb Code    68  dr_rm3508.o(i.HAL_CAN_RxFifo1MsgPendingCallback)
    HAL_CAN_SleepCallback                    0x080011bd   Thumb Code     2  stm32f4xx_hal_can.o(i.HAL_CAN_SleepCallback)
    HAL_CAN_Start                            0x080011bf   Thumb Code    94  stm32f4xx_hal_can.o(i.HAL_CAN_Start)
    HAL_CAN_TxMailbox0AbortCallback          0x0800121d   Thumb Code     2  stm32f4xx_hal_can.o(i.HAL_CAN_TxMailbox0AbortCallback)
    HAL_CAN_TxMailbox0CompleteCallback       0x0800121f   Thumb Code     2  stm32f4xx_hal_can.o(i.HAL_CAN_TxMailbox0CompleteCallback)
    HAL_CAN_TxMailbox1AbortCallback          0x08001221   Thumb Code     2  stm32f4xx_hal_can.o(i.HAL_CAN_TxMailbox1AbortCallback)
    HAL_CAN_TxMailbox1CompleteCallback       0x08001223   Thumb Code     2  stm32f4xx_hal_can.o(i.HAL_CAN_TxMailbox1CompleteCallback)
    HAL_CAN_TxMailbox2AbortCallback          0x08001225   Thumb Code     2  stm32f4xx_hal_can.o(i.HAL_CAN_TxMailbox2AbortCallback)
    HAL_CAN_TxMailbox2CompleteCallback       0x08001227   Thumb Code     2  stm32f4xx_hal_can.o(i.HAL_CAN_TxMailbox2CompleteCallback)
    HAL_CAN_WakeUpFromRxMsgCallback          0x08001229   Thumb Code     2  stm32f4xx_hal_can.o(i.HAL_CAN_WakeUpFromRxMsgCallback)
    HAL_DMA_Abort_IT                         0x0800122b   Thumb Code    40  stm32f4xx_hal_dma.o(i.HAL_DMA_Abort_IT)
    HAL_DMA_IRQHandler                       0x08001255   Thumb Code   570  stm32f4xx_hal_dma.o(i.HAL_DMA_IRQHandler)
    HAL_DMA_Init                             0x08001495   Thumb Code   232  stm32f4xx_hal_dma.o(i.HAL_DMA_Init)
    HAL_DMA_Start_IT                         0x08001581   Thumb Code   146  stm32f4xx_hal_dma.o(i.HAL_DMA_Start_IT)
    HAL_GPIO_Init                            0x08001615   Thumb Code   454  stm32f4xx_hal_gpio.o(i.HAL_GPIO_Init)
    HAL_GPIO_WritePin                        0x08001809   Thumb Code    12  stm32f4xx_hal_gpio.o(i.HAL_GPIO_WritePin)
    HAL_GetTick                              0x08001815   Thumb Code     6  stm32f4xx_hal.o(i.HAL_GetTick)
    HAL_IncTick                              0x08001821   Thumb Code    16  stm32f4xx_hal.o(i.HAL_IncTick)
    HAL_Init                                 0x08001839   Thumb Code    54  stm32f4xx_hal.o(i.HAL_Init)
    HAL_InitTick                             0x08001875   Thumb Code   160  stm32f4xx_hal_timebase_tim.o(i.HAL_InitTick)
    HAL_MspInit                              0x08001929   Thumb Code    78  stm32f4xx_hal_msp.o(i.HAL_MspInit)
    HAL_NVIC_EnableIRQ                       0x0800197d   Thumb Code    32  stm32f4xx_hal_cortex.o(i.HAL_NVIC_EnableIRQ)
    HAL_NVIC_SetPriority                     0x0800199d   Thumb Code   124  stm32f4xx_hal_cortex.o(i.HAL_NVIC_SetPriority)
    HAL_NVIC_SetPriorityGrouping             0x08001a19   Thumb Code    32  stm32f4xx_hal_cortex.o(i.HAL_NVIC_SetPriorityGrouping)
    HAL_RCC_ClockConfig                      0x08001a41   Thumb Code   368  stm32f4xx_hal_rcc.o(i.HAL_RCC_ClockConfig)
    HAL_RCC_GetClockConfig                   0x08001bc5   Thumb Code    58  stm32f4xx_hal_rcc.o(i.HAL_RCC_GetClockConfig)
    HAL_RCC_GetHCLKFreq                      0x08001c09   Thumb Code     6  stm32f4xx_hal_rcc.o(i.HAL_RCC_GetHCLKFreq)
    HAL_RCC_GetPCLK1Freq                     0x08001c15   Thumb Code    22  stm32f4xx_hal_rcc.o(i.HAL_RCC_GetPCLK1Freq)
    HAL_RCC_GetPCLK2Freq                     0x08001c35   Thumb Code    22  stm32f4xx_hal_rcc.o(i.HAL_RCC_GetPCLK2Freq)
    HAL_RCC_GetSysClockFreq                  0x08001c55   Thumb Code   162  stm32f4xx_hal_rcc.o(i.HAL_RCC_GetSysClockFreq)
    HAL_RCC_OscConfig                        0x08001d05   Thumb Code  1172  stm32f4xx_hal_rcc.o(i.HAL_RCC_OscConfig)
    HAL_SPI_ErrorCallback                    0x080021a1   Thumb Code     2  stm32f4xx_hal_spi.o(i.HAL_SPI_ErrorCallback)
    HAL_SPI_IRQHandler                       0x080021a5   Thumb Code   342  stm32f4xx_hal_spi.o(i.HAL_SPI_IRQHandler)
    HAL_SPI_Init                             0x08002301   Thumb Code   200  stm32f4xx_hal_spi.o(i.HAL_SPI_Init)
    HAL_SPI_MspInit                          0x080023c9   Thumb Code   198  spi.o(i.HAL_SPI_MspInit)
    HAL_TIMEx_BreakCallback                  0x080024a1   Thumb Code     2  stm32f4xx_hal_tim_ex.o(i.HAL_TIMEx_BreakCallback)
    HAL_TIMEx_CommutCallback                 0x080024a3   Thumb Code     2  stm32f4xx_hal_tim_ex.o(i.HAL_TIMEx_CommutCallback)
    HAL_TIMEx_MasterConfigSynchronization    0x080024a5   Thumb Code   150  stm32f4xx_hal_tim_ex.o(i.HAL_TIMEx_MasterConfigSynchronization)
    HAL_TIM_Base_Init                        0x08002559   Thumb Code   102  stm32f4xx_hal_tim.o(i.HAL_TIM_Base_Init)
    HAL_TIM_Base_MspInit                     0x080025c1   Thumb Code   202  tim.o(i.HAL_TIM_Base_MspInit)
    HAL_TIM_Base_Start_IT                    0x080026a1   Thumb Code   138  stm32f4xx_hal_tim.o(i.HAL_TIM_Base_Start_IT)
    HAL_TIM_ConfigClockSource                0x08002749   Thumb Code   268  stm32f4xx_hal_tim.o(i.HAL_TIM_ConfigClockSource)
    HAL_TIM_ErrorCallback                    0x08002855   Thumb Code     2  stm32f4xx_hal_tim.o(i.HAL_TIM_ErrorCallback)
    HAL_TIM_IC_CaptureCallback               0x08002857   Thumb Code     2  stm32f4xx_hal_tim.o(i.HAL_TIM_IC_CaptureCallback)
    HAL_TIM_IRQHandler                       0x08002859   Thumb Code   406  stm32f4xx_hal_tim.o(i.HAL_TIM_IRQHandler)
    HAL_TIM_OC_DelayElapsedCallback          0x080029ef   Thumb Code     2  stm32f4xx_hal_tim.o(i.HAL_TIM_OC_DelayElapsedCallback)
    HAL_TIM_PWM_PulseFinishedCallback        0x080029f1   Thumb Code   162  rgb.o(i.HAL_TIM_PWM_PulseFinishedCallback)
    HAL_TIM_PWM_PulseFinishedHalfCpltCallback 0x08002aad   Thumb Code     2  stm32f4xx_hal_tim.o(i.HAL_TIM_PWM_PulseFinishedHalfCpltCallback)
    HAL_TIM_PWM_Start_DMA                    0x08002ab1   Thumb Code   544  stm32f4xx_hal_tim.o(i.HAL_TIM_PWM_Start_DMA)
    HAL_TIM_PWM_Stop_DMA                     0x08002cf9   Thumb Code   268  stm32f4xx_hal_tim.o(i.HAL_TIM_PWM_Stop_DMA)
    HAL_TIM_PeriodElapsedCallback            0x08002e0d   Thumb Code    18  main.o(i.HAL_TIM_PeriodElapsedCallback)
    HAL_TIM_TriggerCallback                  0x08002e25   Thumb Code     2  stm32f4xx_hal_tim.o(i.HAL_TIM_TriggerCallback)
    HAL_UART_Init                            0x08002e27   Thumb Code   114  stm32f4xx_hal_uart.o(i.HAL_UART_Init)
    HAL_UART_MspInit                         0x08002e99   Thumb Code   408  usart.o(i.HAL_UART_MspInit)
    HardFault_Handler                        0x08003051   Thumb Code     4  stm32f4xx_it.o(i.HardFault_Handler)
    MX_CAN1_Init                             0x08003055   Thumb Code    60  can.o(i.MX_CAN1_Init)
    MX_CAN2_Init                             0x08003099   Thumb Code    60  can.o(i.MX_CAN2_Init)
    MX_DMA_Init                              0x080030dd   Thumb Code    52  dma.o(i.MX_DMA_Init)
    MX_FREERTOS_Init                         0x08003115   Thumb Code    78  freertos.o(i.MX_FREERTOS_Init)
    MX_GPIO_Init                             0x08003175   Thumb Code   234  gpio.o(i.MX_GPIO_Init)
    MX_SPI2_Init                             0x0800326d   Thumb Code    60  spi.o(i.MX_SPI2_Init)
    MX_TIM13_Init                            0x080032b1   Thumb Code    42  tim.o(i.MX_TIM13_Init)
    MX_TIM14_Init                            0x080032e5   Thumb Code    40  tim.o(i.MX_TIM14_Init)
    MX_TIM5_Init                             0x08003315   Thumb Code   102  tim.o(i.MX_TIM5_Init)
    MX_TIM6_Init                             0x08003385   Thumb Code    64  tim.o(i.MX_TIM6_Init)
    MX_UART4_Init                            0x080033cd   Thumb Code    46  usart.o(i.MX_UART4_Init)
    MX_UART5_Init                            0x08003405   Thumb Code    46  usart.o(i.MX_UART5_Init)
    MemManage_Handler                        0x0800343d   Thumb Code     4  stm32f4xx_it.o(i.MemManage_Handler)
    NMI_Handler                              0x08003441   Thumb Code     4  stm32f4xx_it.o(i.NMI_Handler)
    RGB_Cal_Color                            0x08003445   Thumb Code   148  rgb.o(i.RGB_Cal_Color)
    RM3508_CAN_Send_Data                     0x080034dd   Thumb Code    92  rm3508.o(i.RM3508_CAN_Send_Data)
    RM3508_Get_Feedback                      0x08003539   Thumb Code    58  rm3508.o(i.RM3508_Get_Feedback)
    RM3508_Get_Pos                           0x08003579   Thumb Code    12  rm3508.o(i.RM3508_Get_Pos)
    RM3508_Get_Speed                         0x08003589   Thumb Code    92  rm3508.o(i.RM3508_Get_Speed)
    RM3508_Pos_Rec                           0x080035e9   Thumb Code   140  rm3508.o(i.RM3508_Pos_Rec)
    RM3508_Set_I                             0x08003685   Thumb Code   132  rm3508.o(i.RM3508_Set_I)
    RM3508_Set_Speed                         0x0800371d   Thumb Code   666  rm3508.o(i.RM3508_Set_Speed)
    SPI2_IRQHandler                          0x080039c1   Thumb Code    10  stm32f4xx_it.o(i.SPI2_IRQHandler)
    StartDefaultTask                         0x080039e5   Thumb Code    10  freertos.o(i.StartDefaultTask)
    StartTask02                              0x080039ef   Thumb Code    20  freertos.o(i.StartTask02)
    StartTask03                              0x08003a03   Thumb Code    10  freertos.o(i.StartTask03)
    SysTick_Handler                          0x08003a0d   Thumb Code    46  port.o(i.SysTick_Handler)
    SystemClock_Config                       0x08003a41   Thumb Code   172  main.o(i.SystemClock_Config)
    SystemInit                               0x08003af5   Thumb Code    14  system_stm32f4xx.o(i.SystemInit)
    TIM3_IRQHandler                          0x08003b09   Thumb Code    10  stm32f4xx_it.o(i.TIM3_IRQHandler)
    TIM5_IRQHandler                          0x08003b19   Thumb Code    10  stm32f4xx_it.o(i.TIM5_IRQHandler)
    TIM6_DAC_IRQHandler                      0x08003b29   Thumb Code    10  stm32f4xx_it.o(i.TIM6_DAC_IRQHandler)
    TIM_Base_SetConfig                       0x08003b39   Thumb Code   170  stm32f4xx_hal_tim.o(i.TIM_Base_SetConfig)
    TIM_CCxChannelCmd                        0x08003c11   Thumb Code    34  stm32f4xx_hal_tim.o(i.TIM_CCxChannelCmd)
    TIM_DMADelayPulseHalfCplt                0x08003c9b   Thumb Code    64  stm32f4xx_hal_tim.o(i.TIM_DMADelayPulseHalfCplt)
    TIM_DMAError                             0x08003cdb   Thumb Code    94  stm32f4xx_hal_tim.o(i.TIM_DMAError)
    TIM_ETR_SetConfig                        0x08003d39   Thumb Code    22  stm32f4xx_hal_tim.o(i.TIM_ETR_SetConfig)
    UsageFault_Handler                       0x08003fdd   Thumb Code     4  stm32f4xx_it.o(i.UsageFault_Handler)
    __scatterload_copy                       0x08004019   Thumb Code    14  handlers.o(i.__scatterload_copy)
    __scatterload_null                       0x08004027   Thumb Code     2  handlers.o(i.__scatterload_null)
    __scatterload_zeroinit                   0x08004029   Thumb Code    14  handlers.o(i.__scatterload_zeroinit)
    main                                     0x08004039   Thumb Code    76  main.o(i.main)
    osDelay                                  0x0800409b   Thumb Code    24  cmsis_os.o(i.osDelay)
    osKernelStart                            0x080040b3   Thumb Code    10  cmsis_os.o(i.osKernelStart)
    osThreadCreate                           0x080040bd   Thumb Code    94  cmsis_os.o(i.osThreadCreate)
    pvPortMalloc                             0x0800459d   Thumb Code   306  heap_4.o(i.pvPortMalloc)
    pxPortInitialiseStack                    0x080046e9   Thumb Code    38  port.o(i.pxPortInitialiseStack)
    uxListRemove                             0x08004715   Thumb Code    40  list.o(i.uxListRemove)
    vApplicationGetIdleTaskMemory            0x0800473d   Thumb Code    14  freertos.o(i.vApplicationGetIdleTaskMemory)
    vListInitialise                          0x08004755   Thumb Code    26  list.o(i.vListInitialise)
    vListInitialiseItem                      0x0800476f   Thumb Code     6  list.o(i.vListInitialiseItem)
    vListInsert                              0x08004775   Thumb Code    52  list.o(i.vListInsert)
    vListInsertEnd                           0x080047a9   Thumb Code    24  list.o(i.vListInsertEnd)
    vPortEnterCritical                       0x080047c1   Thumb Code    76  port.o(i.vPortEnterCritical)
    vPortExitCritical                        0x08004815   Thumb Code    56  port.o(i.vPortExitCritical)
    vPortFree                                0x08004851   Thumb Code   150  heap_4.o(i.vPortFree)
    vPortSetupTimerInterrupt                 0x080048f5   Thumb Code    36  port.o(i.vPortSetupTimerInterrupt)
    vTaskDelay                               0x0800491d   Thumb Code    82  tasks.o(i.vTaskDelay)
    vTaskStartScheduler                      0x08004979   Thumb Code   146  tasks.o(i.vTaskStartScheduler)
    vTaskSuspendAll                          0x08004a29   Thumb Code    12  tasks.o(i.vTaskSuspendAll)
    vTaskSwitchContext                       0x08004a39   Thumb Code   118  tasks.o(i.vTaskSwitchContext)
    xPortStartScheduler                      0x08004ac5   Thumb Code   330  port.o(i.xPortStartScheduler)
    xTaskCreate                              0x08004c2d   Thumb Code   100  tasks.o(i.xTaskCreate)
    xTaskCreateStatic                        0x08004c91   Thumb Code   186  tasks.o(i.xTaskCreateStatic)
    xTaskIncrementTick                       0x08004d4d   Thumb Code   282  tasks.o(i.xTaskIncrementTick)
    xTaskResumeAll                           0x08004e95   Thumb Code   224  tasks.o(i.xTaskResumeAll)
    AHBPrescTable                            0x08004ff4   Data          16  system_stm32f4xx.o(.constdata)
    APBPrescTable                            0x08005004   Data           8  system_stm32f4xx.o(.constdata)
    Region$$Table$$Base                      0x08005030   Number         0  anon$$obj.o(Region$$Table)
    Region$$Table$$Limit                     0x08005050   Number         0  anon$$obj.o(Region$$Table)
    x                                        0x20000000   Data           4  freertos.o(.data)
    defaultTaskHandle                        0x20000004   Data           4  freertos.o(.data)
    myTask02Handle                           0x20000008   Data           4  freertos.o(.data)
    myTask03Handle                           0x2000000c   Data           4  freertos.o(.data)
    uwTick                                   0x20000014   Data           4  stm32f4xx_hal.o(.data)
    uwTickPrio                               0x20000018   Data           4  stm32f4xx_hal.o(.data)
    uwTickFreq                               0x2000001c   Data           1  stm32f4xx_hal.o(.data)
    SystemCoreClock                          0x20000020   Data           4  system_stm32f4xx.o(.data)
    M3508_Speed_Pid                          0x20000024   Data         512  rm3508.o(.data)
    M3508_Pos_Pid                            0x20000224   Data         512  rm3508.o(.data)
    RM3508_Sendbuf1                          0x20000424   Data           8  rm3508.o(.data)
    RM3508_Sendbuf2                          0x2000042c   Data           8  rm3508.o(.data)
    Debug_speed_1                            0x20000434   Data           4  dr_rm3508.o(.data)
    Debug_Pos_1                              0x20000438   Data           4  dr_rm3508.o(.data)
    Debug_speed_2                            0x2000043c   Data           4  dr_rm3508.o(.data)
    Debug_Pos_2                              0x20000440   Data           4  dr_rm3508.o(.data)
    Debug_speed_3                            0x20000444   Data           4  dr_rm3508.o(.data)
    Debug_Pos_3                              0x20000448   Data           4  dr_rm3508.o(.data)
    Debug_speed_4                            0x2000044c   Data           4  dr_rm3508.o(.data)
    Debug_Pos_4                              0x20000450   Data           4  dr_rm3508.o(.data)
    speed_1                                  0x20000454   Data           4  dr_rm3508.o(.data)
    Pos_1                                    0x20000458   Data           4  dr_rm3508.o(.data)
    speed_2                                  0x2000045c   Data           4  dr_rm3508.o(.data)
    Pos_2                                    0x20000460   Data           4  dr_rm3508.o(.data)
    speed_3                                  0x20000464   Data           4  dr_rm3508.o(.data)
    Pos_3                                    0x20000468   Data           4  dr_rm3508.o(.data)
    speed_4                                  0x2000046c   Data           4  dr_rm3508.o(.data)
    Pos_4                                    0x20000470   Data           4  dr_rm3508.o(.data)
    speed_5                                  0x20000474   Data           4  dr_rm3508.o(.data)
    Pos_5                                    0x20000478   Data           4  dr_rm3508.o(.data)
    mode                                     0x2000047c   Data           1  dr_rm3508.o(.data)
    RGB_TX_Flag                              0x2000047e   Data           1  rgb.o(.data)
    RGB_TX_Finish_Flag                       0x2000047f   Data           1  rgb.o(.data)
    RGB_Index                                0x20000480   Data           2  rgb.o(.data)
    Speed_RGB                                0x20000482   Data           1  rgb.o(.data)
    pxCurrentTCB                             0x20000484   Data           4  tasks.o(.data)
    hcan1                                    0x20000740   Data          40  can.o(.bss)
    hcan2                                    0x20000768   Data          40  can.o(.bss)
    hspi2                                    0x20000790   Data          88  spi.o(.bss)
    htim5                                    0x200007e8   Data          72  tim.o(.bss)
    htim6                                    0x20000830   Data          72  tim.o(.bss)
    htim13                                   0x20000878   Data          72  tim.o(.bss)
    htim14                                   0x200008c0   Data          72  tim.o(.bss)
    huart4                                   0x20000908   Data          68  usart.o(.bss)
    huart5                                   0x2000094c   Data          68  usart.o(.bss)
    hdma_uart5_rx                            0x20000990   Data          96  usart.o(.bss)
    htim3                                    0x200009f0   Data          72  stm32f4xx_hal_timebase_tim.o(.bss)
    RM3508_Feedback_Buf                      0x20000a38   Data          56  rm3508.o(.bss)
    RM3508_Pos                               0x20000a70   Data          32  rm3508.o(.bss)
    RGB_ResetBuf                             0x20000ad0   Data         460  rgb.o(.bss)
    ColorBuf_0                               0x20000c9c   Data          50  rgb.o(.bss)
    ColorBuf_1                               0x20000cce   Data          50  rgb.o(.bss)
    Color_360                                0x20000d00   Data         170  rgb.o(.bss)
    Color_RGB                                0x20000daa   Data         510  rgb.o(.bss)
    More_RGB                                 0x20000fa8   Data         340  rgb.o(.bss)
    States_RGB                               0x200010fc   Data         340  rgb.o(.bss)
    States_RGB_Light                         0x20001250   Data         340  rgb.o(.bss)
    __initial_sp                             0x20005498   Data           0  startup_stm32f405xx.o(STACK)



==============================================================================

Memory Map of the image

  Image Entry point : 0x08000189

  Load Region LR_IROM1 (Base: 0x08000000, Size: 0x0000553c, Max: 0x00100000, ABSOLUTE, COMPRESSED[0x00005124])

    Execution Region ER_IROM1 (Exec base: 0x08000000, Load base: 0x08000000, Size: 0x00005050, Max: 0x00100000, ABSOLUTE)

    Exec Addr    Load Addr    Size         Type   Attr      Idx    E Section Name        Object

    0x08000000   0x08000000   0x00000188   Data   RO            3    RESET               startup_stm32f405xx.o
    0x08000188   0x08000188   0x00000000   Code   RO         6165  * .ARM.Collect$$$$00000000  mc_w.l(entry.o)
    0x08000188   0x08000188   0x00000004   Code   RO         6517    .ARM.Collect$$$$00000001  mc_w.l(entry2.o)
    0x0800018c   0x0800018c   0x00000004   Code   RO         6520    .ARM.Collect$$$$00000004  mc_w.l(entry5.o)
    0x08000190   0x08000190   0x00000000   Code   RO         6522    .ARM.Collect$$$$00000008  mc_w.l(entry7b.o)
    0x08000190   0x08000190   0x00000000   Code   RO         6524    .ARM.Collect$$$$0000000A  mc_w.l(entry8b.o)
    0x08000190   0x08000190   0x00000008   Code   RO         6525    .ARM.Collect$$$$0000000B  mc_w.l(entry9a.o)
    0x08000198   0x08000198   0x00000000   Code   RO         6527    .ARM.Collect$$$$0000000D  mc_w.l(entry10a.o)
    0x08000198   0x08000198   0x00000000   Code   RO         6529    .ARM.Collect$$$$0000000F  mc_w.l(entry11a.o)
    0x08000198   0x08000198   0x00000004   Code   RO         6518    .ARM.Collect$$$$00002712  mc_w.l(entry2.o)
    0x0800019c   0x0800019c   0x000000be   Code   RO         5980    .emb_text           port.o
    0x0800025a   0x0800025a   0x00000002   PAD
    0x0800025c   0x0800025c   0x00000024   Code   RO            4    .text               startup_stm32f405xx.o
    0x08000280   0x08000280   0x00000062   Code   RO         6168    .text               mc_w.l(uldiv.o)
    0x080002e2   0x080002e2   0x00000024   Code   RO         6170    .text               mc_w.l(memcpya.o)
    0x08000306   0x08000306   0x00000024   Code   RO         6174    .text               mc_w.l(memseta.o)
    0x0800032a   0x0800032a   0x00000026   Code   RO         6462    .text               mf_w.l(f2d.o)
    0x08000350   0x08000350   0x00000030   Code   RO         6464    .text               mf_w.l(cdcmple.o)
    0x08000380   0x08000380   0x00000030   Code   RO         6466    .text               mf_w.l(cdrcmple.o)
    0x080003b0   0x080003b0   0x0000001e   Code   RO         6534    .text               mc_w.l(llshl.o)
    0x080003ce   0x080003ce   0x00000020   Code   RO         6536    .text               mc_w.l(llushr.o)
    0x080003ee   0x080003ee   0x00000000   Code   RO         6553    .text               mc_w.l(iusefp.o)
    0x080003ee   0x080003ee   0x00000002   PAD
    0x080003f0   0x080003f0   0x00000024   Code   RO         6566    .text               mc_w.l(init.o)
    0x08000414   0x08000414   0x00000056   Code   RO         6585    .text               mc_w.l(__dczerorl2.o)
    0x0800046a   0x0800046a   0x00000004   Code   RO          570    i.BusFault_Handler  stm32f4xx_it.o
    0x0800046e   0x0800046e   0x00000002   PAD
    0x08000470   0x08000470   0x00000010   Code   RO          571    i.CAN1_RX0_IRQHandler  stm32f4xx_it.o
    0x08000480   0x08000480   0x00000010   Code   RO          572    i.CAN1_SCE_IRQHandler  stm32f4xx_it.o
    0x08000490   0x08000490   0x00000010   Code   RO          573    i.CAN2_RX1_IRQHandler  stm32f4xx_it.o
    0x080004a0   0x080004a0   0x00000010   Code   RO          574    i.CAN2_SCE_IRQHandler  stm32f4xx_it.o
    0x080004b0   0x080004b0   0x0000009c   Code   RO         3871    i.CAN_Init          can_bsp.o
    0x0800054c   0x0800054c   0x00000010   Code   RO          575    i.DMA1_Stream0_IRQHandler  stm32f4xx_it.o
    0x0800055c   0x0800055c   0x00000034   Code   RO         1483    i.DMA_CalcBaseAndBitshift  stm32f4xx_hal_dma.o
    0x08000590   0x08000590   0x000000aa   Code   RO         1484    i.DMA_CheckFifoParam  stm32f4xx_hal_dma.o
    0x0800063a   0x0800063a   0x0000002c   Code   RO         1485    i.DMA_SetConfig     stm32f4xx_hal_dma.o
    0x08000666   0x08000666   0x00000002   Code   RO          576    i.DebugMon_Handler  stm32f4xx_it.o
    0x08000668   0x08000668   0x00000006   Code   RO           13    i.Error_Handler     main.o
    0x0800066e   0x0800066e   0x00000002   PAD
    0x08000670   0x08000670   0x00000058   Code   RO         3904    i.FabsD             rm3508.o
    0x080006c8   0x080006c8   0x0000002a   Code   RO          746    i.HAL_CAN_ActivateNotification  stm32f4xx_hal_can.o
    0x080006f2   0x080006f2   0x00000156   Code   RO          747    i.HAL_CAN_AddTxMessage  stm32f4xx_hal_can.o
    0x08000848   0x08000848   0x00000124   Code   RO          748    i.HAL_CAN_ConfigFilter  stm32f4xx_hal_can.o
    0x0800096c   0x0800096c   0x00000002   Code   RO          751    i.HAL_CAN_ErrorCallback  stm32f4xx_hal_can.o
    0x0800096e   0x0800096e   0x0000017a   Code   RO          754    i.HAL_CAN_GetRxMessage  stm32f4xx_hal_can.o
    0x08000ae8   0x08000ae8   0x00000036   Code   RO          756    i.HAL_CAN_GetTxMailboxesFreeLevel  stm32f4xx_hal_can.o
    0x08000b1e   0x08000b1e   0x0000024e   Code   RO          758    i.HAL_CAN_IRQHandler  stm32f4xx_hal_can.o
    0x08000d6c   0x08000d6c   0x00000174   Code   RO          759    i.HAL_CAN_Init      stm32f4xx_hal_can.o
    0x08000ee0   0x08000ee0   0x00000184   Code   RO          348    i.HAL_CAN_MspInit   can.o
    0x08001064   0x08001064   0x00000002   Code   RO          766    i.HAL_CAN_RxFifo0FullCallback  stm32f4xx_hal_can.o
    0x08001066   0x08001066   0x00000002   PAD
    0x08001068   0x08001068   0x00000108   Code   RO         4027    i.HAL_CAN_RxFifo0MsgPendingCallback  dr_rm3508.o
    0x08001170   0x08001170   0x00000002   Code   RO          768    i.HAL_CAN_RxFifo1FullCallback  stm32f4xx_hal_can.o
    0x08001172   0x08001172   0x00000002   PAD
    0x08001174   0x08001174   0x00000048   Code   RO         4028    i.HAL_CAN_RxFifo1MsgPendingCallback  dr_rm3508.o
    0x080011bc   0x080011bc   0x00000002   Code   RO          770    i.HAL_CAN_SleepCallback  stm32f4xx_hal_can.o
    0x080011be   0x080011be   0x0000005e   Code   RO          771    i.HAL_CAN_Start     stm32f4xx_hal_can.o
    0x0800121c   0x0800121c   0x00000002   Code   RO          773    i.HAL_CAN_TxMailbox0AbortCallback  stm32f4xx_hal_can.o
    0x0800121e   0x0800121e   0x00000002   Code   RO          774    i.HAL_CAN_TxMailbox0CompleteCallback  stm32f4xx_hal_can.o
    0x08001220   0x08001220   0x00000002   Code   RO          775    i.HAL_CAN_TxMailbox1AbortCallback  stm32f4xx_hal_can.o
    0x08001222   0x08001222   0x00000002   Code   RO          776    i.HAL_CAN_TxMailbox1CompleteCallback  stm32f4xx_hal_can.o
    0x08001224   0x08001224   0x00000002   Code   RO          777    i.HAL_CAN_TxMailbox2AbortCallback  stm32f4xx_hal_can.o
    0x08001226   0x08001226   0x00000002   Code   RO          778    i.HAL_CAN_TxMailbox2CompleteCallback  stm32f4xx_hal_can.o
    0x08001228   0x08001228   0x00000002   Code   RO          780    i.HAL_CAN_WakeUpFromRxMsgCallback  stm32f4xx_hal_can.o
    0x0800122a   0x0800122a   0x00000028   Code   RO         1487    i.HAL_DMA_Abort_IT  stm32f4xx_hal_dma.o
    0x08001252   0x08001252   0x00000002   PAD
    0x08001254   0x08001254   0x00000240   Code   RO         1491    i.HAL_DMA_IRQHandler  stm32f4xx_hal_dma.o
    0x08001494   0x08001494   0x000000ec   Code   RO         1492    i.HAL_DMA_Init      stm32f4xx_hal_dma.o
    0x08001580   0x08001580   0x00000092   Code   RO         1496    i.HAL_DMA_Start_IT  stm32f4xx_hal_dma.o
    0x08001612   0x08001612   0x00000002   PAD
    0x08001614   0x08001614   0x000001f4   Code   RO         1379    i.HAL_GPIO_Init     stm32f4xx_hal_gpio.o
    0x08001808   0x08001808   0x0000000c   Code   RO         1383    i.HAL_GPIO_WritePin  stm32f4xx_hal_gpio.o
    0x08001814   0x08001814   0x0000000c   Code   RO         1916    i.HAL_GetTick       stm32f4xx_hal.o
    0x08001820   0x08001820   0x00000018   Code   RO         1922    i.HAL_IncTick       stm32f4xx_hal.o
    0x08001838   0x08001838   0x0000003c   Code   RO         1923    i.HAL_Init          stm32f4xx_hal.o
    0x08001874   0x08001874   0x000000b4   Code   RO          706    i.HAL_InitTick      stm32f4xx_hal_timebase_tim.o
    0x08001928   0x08001928   0x00000054   Code   RO          682    i.HAL_MspInit       stm32f4xx_hal_msp.o
    0x0800197c   0x0800197c   0x00000020   Code   RO         1768    i.HAL_NVIC_EnableIRQ  stm32f4xx_hal_cortex.o
    0x0800199c   0x0800199c   0x0000007c   Code   RO         1774    i.HAL_NVIC_SetPriority  stm32f4xx_hal_cortex.o
    0x08001a18   0x08001a18   0x00000028   Code   RO         1775    i.HAL_NVIC_SetPriorityGrouping  stm32f4xx_hal_cortex.o
    0x08001a40   0x08001a40   0x00000184   Code   RO          980    i.HAL_RCC_ClockConfig  stm32f4xx_hal_rcc.o
    0x08001bc4   0x08001bc4   0x00000044   Code   RO          984    i.HAL_RCC_GetClockConfig  stm32f4xx_hal_rcc.o
    0x08001c08   0x08001c08   0x0000000c   Code   RO          985    i.HAL_RCC_GetHCLKFreq  stm32f4xx_hal_rcc.o
    0x08001c14   0x08001c14   0x00000020   Code   RO          987    i.HAL_RCC_GetPCLK1Freq  stm32f4xx_hal_rcc.o
    0x08001c34   0x08001c34   0x00000020   Code   RO          988    i.HAL_RCC_GetPCLK2Freq  stm32f4xx_hal_rcc.o
    0x08001c54   0x08001c54   0x000000b0   Code   RO          989    i.HAL_RCC_GetSysClockFreq  stm32f4xx_hal_rcc.o
    0x08001d04   0x08001d04   0x0000049c   Code   RO          992    i.HAL_RCC_OscConfig  stm32f4xx_hal_rcc.o
    0x080021a0   0x080021a0   0x00000002   Code   RO         2168    i.HAL_SPI_ErrorCallback  stm32f4xx_hal_spi.o
    0x080021a2   0x080021a2   0x00000002   PAD
    0x080021a4   0x080021a4   0x0000015c   Code   RO         2171    i.HAL_SPI_IRQHandler  stm32f4xx_hal_spi.o
    0x08002300   0x08002300   0x000000c8   Code   RO         2172    i.HAL_SPI_Init      stm32f4xx_hal_spi.o
    0x080023c8   0x080023c8   0x000000d8   Code   RO          421    i.HAL_SPI_MspInit   spi.o
    0x080024a0   0x080024a0   0x00000002   Code   RO         3200    i.HAL_TIMEx_BreakCallback  stm32f4xx_hal_tim_ex.o
    0x080024a2   0x080024a2   0x00000002   Code   RO         3201    i.HAL_TIMEx_CommutCallback  stm32f4xx_hal_tim_ex.o
    0x080024a4   0x080024a4   0x000000b4   Code   RO         3219    i.HAL_TIMEx_MasterConfigSynchronization  stm32f4xx_hal_tim_ex.o
    0x08002558   0x08002558   0x00000066   Code   RO         2485    i.HAL_TIM_Base_Init  stm32f4xx_hal_tim.o
    0x080025be   0x080025be   0x00000002   PAD
    0x080025c0   0x080025c0   0x000000e0   Code   RO          463    i.HAL_TIM_Base_MspInit  tim.o
    0x080026a0   0x080026a0   0x000000a8   Code   RO         2490    i.HAL_TIM_Base_Start_IT  stm32f4xx_hal_tim.o
    0x08002748   0x08002748   0x0000010c   Code   RO         2494    i.HAL_TIM_ConfigClockSource  stm32f4xx_hal_tim.o
    0x08002854   0x08002854   0x00000002   Code   RO         2515    i.HAL_TIM_ErrorCallback  stm32f4xx_hal_tim.o
    0x08002856   0x08002856   0x00000002   Code   RO         2519    i.HAL_TIM_IC_CaptureCallback  stm32f4xx_hal_tim.o
    0x08002858   0x08002858   0x00000196   Code   RO         2533    i.HAL_TIM_IRQHandler  stm32f4xx_hal_tim.o
    0x080029ee   0x080029ee   0x00000002   Code   RO         2536    i.HAL_TIM_OC_DelayElapsedCallback  stm32f4xx_hal_tim.o
    0x080029f0   0x080029f0   0x000000bc   Code   RO         4080    i.HAL_TIM_PWM_PulseFinishedCallback  rgb.o
    0x08002aac   0x08002aac   0x00000002   Code   RO         2564    i.HAL_TIM_PWM_PulseFinishedHalfCpltCallback  stm32f4xx_hal_tim.o
    0x08002aae   0x08002aae   0x00000002   PAD
    0x08002ab0   0x08002ab0   0x00000248   Code   RO         2566    i.HAL_TIM_PWM_Start_DMA  stm32f4xx_hal_tim.o
    0x08002cf8   0x08002cf8   0x00000114   Code   RO         2569    i.HAL_TIM_PWM_Stop_DMA  stm32f4xx_hal_tim.o
    0x08002e0c   0x08002e0c   0x00000018   Code   RO           14    i.HAL_TIM_PeriodElapsedCallback  main.o
    0x08002e24   0x08002e24   0x00000002   Code   RO         2576    i.HAL_TIM_TriggerCallback  stm32f4xx_hal_tim.o
    0x08002e26   0x08002e26   0x00000072   Code   RO         3496    i.HAL_UART_Init     stm32f4xx_hal_uart.o
    0x08002e98   0x08002e98   0x000001b8   Code   RO          523    i.HAL_UART_MspInit  usart.o
    0x08003050   0x08003050   0x00000004   Code   RO          577    i.HardFault_Handler  stm32f4xx_it.o
    0x08003054   0x08003054   0x00000044   Code   RO          349    i.MX_CAN1_Init      can.o
    0x08003098   0x08003098   0x00000044   Code   RO          350    i.MX_CAN2_Init      can.o
    0x080030dc   0x080030dc   0x00000038   Code   RO          396    i.MX_DMA_Init       dma.o
    0x08003114   0x08003114   0x00000060   Code   RO          285    i.MX_FREERTOS_Init  freertos.o
    0x08003174   0x08003174   0x000000f8   Code   RO          261    i.MX_GPIO_Init      gpio.o
    0x0800326c   0x0800326c   0x00000044   Code   RO          422    i.MX_SPI2_Init      spi.o
    0x080032b0   0x080032b0   0x00000034   Code   RO          464    i.MX_TIM13_Init     tim.o
    0x080032e4   0x080032e4   0x00000030   Code   RO          465    i.MX_TIM14_Init     tim.o
    0x08003314   0x08003314   0x00000070   Code   RO          466    i.MX_TIM5_Init      tim.o
    0x08003384   0x08003384   0x00000048   Code   RO          467    i.MX_TIM6_Init      tim.o
    0x080033cc   0x080033cc   0x00000038   Code   RO          524    i.MX_UART4_Init     usart.o
    0x08003404   0x08003404   0x00000038   Code   RO          525    i.MX_UART5_Init     usart.o
    0x0800343c   0x0800343c   0x00000004   Code   RO          578    i.MemManage_Handler  stm32f4xx_it.o
    0x08003440   0x08003440   0x00000004   Code   RO          579    i.NMI_Handler       stm32f4xx_it.o
    0x08003444   0x08003444   0x00000098   Code   RO         4081    i.RGB_Cal_Color     rgb.o
    0x080034dc   0x080034dc   0x0000005c   Code   RO         3907    i.RM3508_CAN_Send_Data  rm3508.o
    0x08003538   0x08003538   0x00000040   Code   RO         3909    i.RM3508_Get_Feedback  rm3508.o
    0x08003578   0x08003578   0x00000010   Code   RO         3910    i.RM3508_Get_Pos    rm3508.o
    0x08003588   0x08003588   0x00000060   Code   RO         3911    i.RM3508_Get_Speed  rm3508.o
    0x080035e8   0x080035e8   0x0000009c   Code   RO         3913    i.RM3508_Pos_Rec    rm3508.o
    0x08003684   0x08003684   0x00000098   Code   RO         3915    i.RM3508_Set_I      rm3508.o
    0x0800371c   0x0800371c   0x000002a4   Code   RO         3918    i.RM3508_Set_Speed  rm3508.o
    0x080039c0   0x080039c0   0x00000010   Code   RO          580    i.SPI2_IRQHandler   stm32f4xx_it.o
    0x080039d0   0x080039d0   0x00000014   Code   RO         2199    i.SPI_DMAAbortOnError  stm32f4xx_hal_spi.o
    0x080039e4   0x080039e4   0x0000000a   Code   RO          286    i.StartDefaultTask  freertos.o
    0x080039ee   0x080039ee   0x00000014   Code   RO          287    i.StartTask02       freertos.o
    0x08003a02   0x08003a02   0x0000000a   Code   RO          288    i.StartTask03       freertos.o
    0x08003a0c   0x08003a0c   0x00000034   Code   RO         5981    i.SysTick_Handler   port.o
    0x08003a40   0x08003a40   0x000000b4   Code   RO           15    i.SystemClock_Config  main.o
    0x08003af4   0x08003af4   0x00000014   Code   RO         3835    i.SystemInit        system_stm32f4xx.o
    0x08003b08   0x08003b08   0x00000010   Code   RO          581    i.TIM3_IRQHandler   stm32f4xx_it.o
    0x08003b18   0x08003b18   0x00000010   Code   RO          582    i.TIM5_IRQHandler   stm32f4xx_it.o
    0x08003b28   0x08003b28   0x00000010   Code   RO          583    i.TIM6_DAC_IRQHandler  stm32f4xx_it.o
    0x08003b38   0x08003b38   0x000000d8   Code   RO         2578    i.TIM_Base_SetConfig  stm32f4xx_hal_tim.o
    0x08003c10   0x08003c10   0x00000022   Code   RO         2579    i.TIM_CCxChannelCmd  stm32f4xx_hal_tim.o
    0x08003c32   0x08003c32   0x00000068   Code   RO         2582    i.TIM_DMADelayPulseCplt  stm32f4xx_hal_tim.o
    0x08003c9a   0x08003c9a   0x00000040   Code   RO         2583    i.TIM_DMADelayPulseHalfCplt  stm32f4xx_hal_tim.o
    0x08003cda   0x08003cda   0x0000005e   Code   RO         2584    i.TIM_DMAError      stm32f4xx_hal_tim.o
    0x08003d38   0x08003d38   0x00000016   Code   RO         2589    i.TIM_ETR_SetConfig  stm32f4xx_hal_tim.o
    0x08003d4e   0x08003d4e   0x00000012   Code   RO         2590    i.TIM_ITRx_SetConfig  stm32f4xx_hal_tim.o
    0x08003d60   0x08003d60   0x00000026   Code   RO         2596    i.TIM_TI1_ConfigInputStage  stm32f4xx_hal_tim.o
    0x08003d86   0x08003d86   0x00000028   Code   RO         2598    i.TIM_TI2_ConfigInputStage  stm32f4xx_hal_tim.o
    0x08003dae   0x08003dae   0x00000002   PAD
    0x08003db0   0x08003db0   0x0000022c   Code   RO         3523    i.UART_SetConfig    stm32f4xx_hal_uart.o
    0x08003fdc   0x08003fdc   0x00000004   Code   RO          584    i.UsageFault_Handler  stm32f4xx_it.o
    0x08003fe0   0x08003fe0   0x00000010   Code   RO         1781    i.__NVIC_GetPriorityGrouping  stm32f4xx_hal_cortex.o
    0x08003ff0   0x08003ff0   0x00000028   Code   RO         1782    i.__NVIC_SetPriority  stm32f4xx_hal_cortex.o
    0x08004018   0x08004018   0x0000000e   Code   RO         6579    i.__scatterload_copy  mc_w.l(handlers.o)
    0x08004026   0x08004026   0x00000002   Code   RO         6580    i.__scatterload_null  mc_w.l(handlers.o)
    0x08004028   0x08004028   0x0000000e   Code   RO         6581    i.__scatterload_zeroinit  mc_w.l(handlers.o)
    0x08004036   0x08004036   0x00000002   PAD
    0x08004038   0x08004038   0x00000054   Code   RO           16    i.main              main.o
    0x0800408c   0x0800408c   0x0000000e   Code   RO         5546    i.makeFreeRtosPriority  cmsis_os.o
    0x0800409a   0x0800409a   0x00000018   Code   RO         5548    i.osDelay           cmsis_os.o
    0x080040b2   0x080040b2   0x0000000a   Code   RO         5551    i.osKernelStart     cmsis_os.o
    0x080040bc   0x080040bc   0x0000005e   Code   RO         5585    i.osThreadCreate    cmsis_os.o
    0x0800411a   0x0800411a   0x00000002   PAD
    0x0800411c   0x0800411c   0x00000098   Code   RO         5217    i.prvAddCurrentTaskToDelayedList  tasks.o
    0x080041b4   0x080041b4   0x000000b4   Code   RO         5218    i.prvAddNewTaskToReadyList  tasks.o
    0x08004268   0x08004268   0x00000048   Code   RO         5219    i.prvCheckTasksWaitingTermination  tasks.o
    0x080042b0   0x080042b0   0x00000050   Code   RO         5220    i.prvDeleteTCB      tasks.o
    0x08004300   0x08004300   0x0000007c   Code   RO         5913    i.prvHeapInit       heap_4.o
    0x0800437c   0x0800437c   0x00000028   Code   RO         5221    i.prvIdleTask       tasks.o
    0x080043a4   0x080043a4   0x000000b4   Code   RO         5222    i.prvInitialiseNewTask  tasks.o
    0x08004458   0x08004458   0x00000068   Code   RO         5223    i.prvInitialiseTaskLists  tasks.o
    0x080044c0   0x080044c0   0x00000068   Code   RO         5914    i.prvInsertBlockIntoFreeList  heap_4.o
    0x08004528   0x08004528   0x00000034   Code   RO         5224    i.prvResetNextTaskUnblockTime  tasks.o
    0x0800455c   0x0800455c   0x00000040   Code   RO         5982    i.prvTaskExitError  port.o
    0x0800459c   0x0800459c   0x0000014c   Code   RO         5915    i.pvPortMalloc      heap_4.o
    0x080046e8   0x080046e8   0x0000002c   Code   RO         5983    i.pxPortInitialiseStack  port.o
    0x08004714   0x08004714   0x00000028   Code   RO         4843    i.uxListRemove      list.o
    0x0800473c   0x0800473c   0x00000018   Code   RO          289    i.vApplicationGetIdleTaskMemory  freertos.o
    0x08004754   0x08004754   0x0000001a   Code   RO         4844    i.vListInitialise   list.o
    0x0800476e   0x0800476e   0x00000006   Code   RO         4845    i.vListInitialiseItem  list.o
    0x08004774   0x08004774   0x00000034   Code   RO         4846    i.vListInsert       list.o
    0x080047a8   0x080047a8   0x00000018   Code   RO         4847    i.vListInsertEnd    list.o
    0x080047c0   0x080047c0   0x00000054   Code   RO         5985    i.vPortEnterCritical  port.o
    0x08004814   0x08004814   0x0000003c   Code   RO         5986    i.vPortExitCritical  port.o
    0x08004850   0x08004850   0x000000a4   Code   RO         5916    i.vPortFree         heap_4.o
    0x080048f4   0x080048f4   0x00000028   Code   RO         5987    i.vPortSetupTimerInterrupt  port.o
    0x0800491c   0x0800491c   0x0000005c   Code   RO         5233    i.vTaskDelay        tasks.o
    0x08004978   0x08004978   0x000000b0   Code   RO         5246    i.vTaskStartScheduler  tasks.o
    0x08004a28   0x08004a28   0x00000010   Code   RO         5248    i.vTaskSuspendAll   tasks.o
    0x08004a38   0x08004a38   0x0000008c   Code   RO         5249    i.vTaskSwitchContext  tasks.o
    0x08004ac4   0x08004ac4   0x00000168   Code   RO         5989    i.xPortStartScheduler  port.o
    0x08004c2c   0x08004c2c   0x00000064   Code   RO         5252    i.xTaskCreate       tasks.o
    0x08004c90   0x08004c90   0x000000ba   Code   RO         5253    i.xTaskCreateStatic  tasks.o
    0x08004d4a   0x08004d4a   0x00000002   PAD
    0x08004d4c   0x08004d4c   0x00000148   Code   RO         5260    i.xTaskIncrementTick  tasks.o
    0x08004e94   0x08004e94   0x00000104   Code   RO         5266    i.xTaskResumeAll    tasks.o
    0x08004f98   0x08004f98   0x00000054   Data   RO          291    .constdata          freertos.o
    0x08004fec   0x08004fec   0x00000008   Data   RO         1498    .constdata          stm32f4xx_hal_dma.o
    0x08004ff4   0x08004ff4   0x00000018   Data   RO         3836    .constdata          system_stm32f4xx.o
    0x0800500c   0x0800500c   0x00000024   Data   RO          292    .conststring        freertos.o
    0x08005030   0x08005030   0x00000020   Data   RO         6577    Region$$Table       anon$$obj.o


    Execution Region RW_IRAM1 (Exec base: 0x20000000, Load base: 0x08005050, Size: 0x00005498, Max: 0x0001c000, ABSOLUTE, COMPRESSED[0x000000d4])

    Exec Addr    Load Addr    Size         Type   Attr      Idx    E Section Name        Object

    0x20000000   COMPRESSED   0x00000010   Data   RW          293    .data               freertos.o
    0x20000010   COMPRESSED   0x00000004   Data   RW          352    .data               can.o
    0x20000014   COMPRESSED   0x00000009   Data   RW         1930    .data               stm32f4xx_hal.o
    0x2000001d   COMPRESSED   0x00000003   PAD
    0x20000020   COMPRESSED   0x00000004   Data   RW         3837    .data               system_stm32f4xx.o
    0x20000024   COMPRESSED   0x00000410   Data   RW         3922    .data               rm3508.o
    0x20000434   COMPRESSED   0x00000049   Data   RW         4031    .data               dr_rm3508.o
    0x2000047d   COMPRESSED   0x00000001   PAD
    0x2000047e   COMPRESSED   0x00000005   Data   RW         4087    .data               rgb.o
    0x20000483   COMPRESSED   0x00000001   PAD
    0x20000484   COMPRESSED   0x0000003c   Data   RW         5269    .data               tasks.o
    0x200004c0   COMPRESSED   0x00000020   Data   RW         5922    .data               heap_4.o
    0x200004e0   COMPRESSED   0x0000000c   Data   RW         5990    .data               port.o
    0x200004ec        -       0x00000254   Zero   RW          290    .bss                freertos.o
    0x20000740        -       0x00000050   Zero   RW          351    .bss                can.o
    0x20000790        -       0x00000058   Zero   RW          423    .bss                spi.o
    0x200007e8        -       0x00000120   Zero   RW          468    .bss                tim.o
    0x20000908        -       0x000000e8   Zero   RW          526    .bss                usart.o
    0x200009f0        -       0x00000048   Zero   RW          709    .bss                stm32f4xx_hal_timebase_tim.o
    0x20000a38        -       0x00000098   Zero   RW         3920    .bss                rm3508.o
    0x20000ad0        -       0x000008d4   Zero   RW         4086    .bss                rgb.o
    0x200013a4        -       0x000000f0   Zero   RW         5268    .bss                tasks.o
    0x20001494        -       0x00003c00   Zero   RW         5921    .bss                heap_4.o
    0x20005094   COMPRESSED   0x00000004   PAD
    0x20005098        -       0x00000400   Zero   RW            1    STACK               startup_stm32f405xx.o


    Execution Region RW_IRAM2 (Exec base: 0x2001c000, Load base: 0x08005124, Size: 0x00000000, Max: 0x00004000, ABSOLUTE)

    **** No section assigned to this execution region ****


==============================================================================

Image component sizes


      Code (inc. data)   RO Data    RW Data    ZI Data      Debug   Object Name

       524         40          0          4         80       2422   can.o
       156         10          0          0          0        987   can_bsp.o
       142          0          0          0          0      22983   cmsis_os.o
        56          4          0          0          0        746   dma.o
       336         40          0         73          0       2729   dr_rm3508.o
         0          0          0          0          0      16924   event_groups.o
       160         28        120         16        596       3814   freertos.o
       248         14          0          0          0       1015   gpio.o
       724         74          0         32      15360       7375   heap_4.o
       148          0          0          0          0       3534   list.o
       294         22          0          0          0     693728   main.o
       894         78          0         12          0      11052   port.o
       340         30          0          5       2260       2621   rgb.o
      1340         70          0       1040        152       7451   rm3508.o
       284         26          0          0         88       1709   spi.o
        36          8        392          0       1024        828   startup_stm32f405xx.o
        96         20          0          9          0       8030   stm32f4xx_hal.o
      2186          6          0          0          0      14257   stm32f4xx_hal_can.o
       252         22          0          0          0      33650   stm32f4xx_hal_cortex.o
      1264         16          8          0          0       6134   stm32f4xx_hal_dma.o
       512         46          0          0          0       2084   stm32f4xx_hal_gpio.o
        84          6          0          0          0        842   stm32f4xx_hal_msp.o
      1888         94          0          0          0       6205   stm32f4xx_hal_rcc.o
       570          6          0          0          0       3376   stm32f4xx_hal_spi.o
      2444        124          0          0          0      14893   stm32f4xx_hal_tim.o
       184         30          0          0          0       2461   stm32f4xx_hal_tim_ex.o
       180         20          0          0         72       1439   stm32f4xx_hal_timebase_tim.o
       670         10          0          0          0       1836   stm32f4xx_hal_uart.o
       166         54          0          0          0       7155   stm32f4xx_it.o
         0          0          0          0          0        432   stream_buffer.o
        20          6         24          4          0       1103   system_stm32f4xx.o
      2158        270          0         60        240      20285   tasks.o
       508         58          0          0        288       3429   tim.o
       552         52          0          0        232       2517   usart.o

    ----------------------------------------------------------------------
     19442       1284        576       1260      20396     910046   Object Totals
         0          0         32          0          0          0   (incl. Generated)
        26          0          0          5          4          0   (incl. Padding)

    ----------------------------------------------------------------------

      Code (inc. data)   RO Data    RW Data    ZI Data      Debug   Library Member Name

        86          0          0          0          0          0   __dczerorl2.o
         0          0          0          0          0          0   entry.o
         0          0          0          0          0          0   entry10a.o
         0          0          0          0          0          0   entry11a.o
         8          4          0          0          0          0   entry2.o
         4          0          0          0          0          0   entry5.o
         0          0          0          0          0          0   entry7b.o
         0          0          0          0          0          0   entry8b.o
         8          4          0          0          0          0   entry9a.o
        30          0          0          0          0          0   handlers.o
        36          8          0          0          0         68   init.o
         0          0          0          0          0          0   iusefp.o
        30          0          0          0          0         68   llshl.o
        32          0          0          0          0         68   llushr.o
        36          0          0          0          0         68   memcpya.o
        36          0          0          0          0        108   memseta.o
        98          0          0          0          0         92   uldiv.o
        48          0          0          0          0         68   cdcmple.o
        48          0          0          0          0         68   cdrcmple.o
        38          0          0          0          0         68   f2d.o

    ----------------------------------------------------------------------
       542         16          0          0          0        676   Library Totals
         4          0          0          0          0          0   (incl. Padding)

    ----------------------------------------------------------------------

      Code (inc. data)   RO Data    RW Data    ZI Data      Debug   Library Name

       404         16          0          0          0        472   mc_w.l
       134          0          0          0          0        204   mf_w.l

    ----------------------------------------------------------------------
       542         16          0          0          0        676   Library Totals

    ----------------------------------------------------------------------

==============================================================================


      Code (inc. data)   RO Data    RW Data    ZI Data      Debug   

     19984       1300        576       1260      20396     894946   Grand Totals
     19984       1300        576        212      20396     894946   ELF Image Totals (compressed)
     19984       1300        576        212          0          0   ROM Totals

==============================================================================

    Total RO  Size (Code + RO Data)                20560 (  20.08kB)
    Total RW  Size (RW Data + ZI Data)             21656 (  21.15kB)
    Total ROM Size (Code + RO Data + RW Data)      20772 (  20.29kB)

==============================================================================

