Component: ARM Compiler 5.06 update 5 (build 528) Tool: armlink [4d35e2]

==============================================================================

Section Cross References

    startup_stm32f405xx.o(RESET) refers to startup_stm32f405xx.o(STACK) for __initial_sp
    startup_stm32f405xx.o(RESET) refers to startup_stm32f405xx.o(.text) for Reset_Handler
    startup_stm32f405xx.o(RESET) refers to stm32f4xx_it.o(i.NMI_Handler) for NMI_Handler
    startup_stm32f405xx.o(RESET) refers to stm32f4xx_it.o(i.HardFault_Handler) for HardFault_Handler
    startup_stm32f405xx.o(RESET) refers to stm32f4xx_it.o(i.MemManage_Handler) for MemManage_Handler
    startup_stm32f405xx.o(RESET) refers to stm32f4xx_it.o(i.BusFault_Handler) for BusFault_Handler
    startup_stm32f405xx.o(RESET) refers to stm32f4xx_it.o(i.UsageFault_Handler) for UsageFault_Handler
    startup_stm32f405xx.o(RESET) refers to port.o(.emb_text) for SVC_Handler
    startup_stm32f405xx.o(RESET) refers to stm32f4xx_it.o(i.DebugMon_Handler) for DebugMon_Handler
    startup_stm32f405xx.o(RESET) refers to port.o(i.SysTick_Handler) for SysTick_Handler
    startup_stm32f405xx.o(RESET) refers to stm32f4xx_it.o(i.DMA1_Stream0_IRQHandler) for DMA1_Stream0_IRQHandler
    startup_stm32f405xx.o(RESET) refers to stm32f4xx_it.o(i.CAN1_RX0_IRQHandler) for CAN1_RX0_IRQHandler
    startup_stm32f405xx.o(RESET) refers to stm32f4xx_it.o(i.CAN1_SCE_IRQHandler) for CAN1_SCE_IRQHandler
    startup_stm32f405xx.o(RESET) refers to stm32f4xx_it.o(i.TIM3_IRQHandler) for TIM3_IRQHandler
    startup_stm32f405xx.o(RESET) refers to stm32f4xx_it.o(i.SPI2_IRQHandler) for SPI2_IRQHandler
    startup_stm32f405xx.o(RESET) refers to stm32f4xx_it.o(i.TIM5_IRQHandler) for TIM5_IRQHandler
    startup_stm32f405xx.o(RESET) refers to stm32f4xx_it.o(i.UART5_IRQHandler) for UART5_IRQHandler
    startup_stm32f405xx.o(RESET) refers to stm32f4xx_it.o(i.TIM6_DAC_IRQHandler) for TIM6_DAC_IRQHandler
    startup_stm32f405xx.o(RESET) refers to stm32f4xx_it.o(i.CAN2_RX1_IRQHandler) for CAN2_RX1_IRQHandler
    startup_stm32f405xx.o(RESET) refers to stm32f4xx_it.o(i.CAN2_SCE_IRQHandler) for CAN2_SCE_IRQHandler
    startup_stm32f405xx.o(.text) refers to system_stm32f4xx.o(i.SystemInit) for SystemInit
    startup_stm32f405xx.o(.text) refers to entry.o(.ARM.Collect$$$$00000000) for __main
    main.o(i.HAL_TIM_PeriodElapsedCallback) refers to stm32f4xx_hal.o(i.HAL_IncTick) for HAL_IncTick
    main.o(i.HAL_TIM_PeriodElapsedCallback) refers to icm42688.o(i.getICM42688data) for getICM42688data
    main.o(i.HAL_TIM_PeriodElapsedCallback) refers to icm42688.o(i.ICM42688_yaw_adjust) for ICM42688_yaw_adjust
    main.o(i.HAL_TIM_PeriodElapsedCallback) refers to tim.o(.bss) for htim5
    main.o(i.HAL_TIM_PeriodElapsedCallback) refers to icm42688.o(.data) for G_yaw
    main.o(i.HAL_TIM_PeriodElapsedCallback) refers to filt.o(.data) for K_filt
    main.o(i.SystemClock_Config) refers to memseta.o(.text) for __aeabi_memclr4
    main.o(i.SystemClock_Config) refers to stm32f4xx_hal_rcc.o(i.HAL_RCC_OscConfig) for HAL_RCC_OscConfig
    main.o(i.SystemClock_Config) refers to main.o(i.Error_Handler) for Error_Handler
    main.o(i.SystemClock_Config) refers to stm32f4xx_hal_rcc.o(i.HAL_RCC_ClockConfig) for HAL_RCC_ClockConfig
    main.o(i.main) refers to stm32f4xx_hal.o(i.HAL_Init) for HAL_Init
    main.o(i.main) refers to main.o(i.SystemClock_Config) for SystemClock_Config
    main.o(i.main) refers to gpio.o(i.MX_GPIO_Init) for MX_GPIO_Init
    main.o(i.main) refers to dma.o(i.MX_DMA_Init) for MX_DMA_Init
    main.o(i.main) refers to can.o(i.MX_CAN1_Init) for MX_CAN1_Init
    main.o(i.main) refers to can.o(i.MX_CAN2_Init) for MX_CAN2_Init
    main.o(i.main) refers to tim.o(i.MX_TIM5_Init) for MX_TIM5_Init
    main.o(i.main) refers to usart.o(i.MX_UART5_Init) for MX_UART5_Init
    main.o(i.main) refers to tim.o(i.MX_TIM6_Init) for MX_TIM6_Init
    main.o(i.main) refers to spi.o(i.MX_SPI2_Init) for MX_SPI2_Init
    main.o(i.main) refers to tim.o(i.MX_TIM13_Init) for MX_TIM13_Init
    main.o(i.main) refers to tim.o(i.MX_TIM14_Init) for MX_TIM14_Init
    main.o(i.main) refers to usart.o(i.MX_UART4_Init) for MX_UART4_Init
    main.o(i.main) refers to can_bsp.o(i.CAN_Init) for CAN_Init
    main.o(i.main) refers to freertos.o(i.MX_FREERTOS_Init) for MX_FREERTOS_Init
    main.o(i.main) refers to cmsis_os.o(i.osKernelStart) for osKernelStart
    main.o(i.main) refers to can.o(.bss) for hcan1
    gpio.o(i.MX_GPIO_Init) refers to memseta.o(.text) for __aeabi_memclr4
    gpio.o(i.MX_GPIO_Init) refers to stm32f4xx_hal_gpio.o(i.HAL_GPIO_WritePin) for HAL_GPIO_WritePin
    gpio.o(i.MX_GPIO_Init) refers to stm32f4xx_hal_gpio.o(i.HAL_GPIO_Init) for HAL_GPIO_Init
    freertos.o(i.MX_FREERTOS_Init) refers to memcpya.o(.text) for __aeabi_memcpy4
    freertos.o(i.MX_FREERTOS_Init) refers to cmsis_os.o(i.osThreadCreate) for osThreadCreate
    freertos.o(i.MX_FREERTOS_Init) refers to freertos.o(.constdata) for .constdata
[...]
    prvAddCurrentTaskToDelayedList           0x08005d59   Thumb Code   124  tasks.o(i.prvAddCurrentTaskToDelayedList)
    i.prvAddNewTaskToReadyList               0x08005df0   Section        0  tasks.o(i.prvAddNewTaskToReadyList)
    prvAddNewTaskToReadyList                 0x08005df1   Thumb Code   150  tasks.o(i.prvAddNewTaskToReadyList)
    i.prvCheckTasksWaitingTermination        0x08005ea4   Section        0  tasks.o(i.prvCheckTasksWaitingTermination)
    prvCheckTasksWaitingTermination          0x08005ea5   Thumb Code    60  tasks.o(i.prvCheckTasksWaitingTermination)
    i.prvDeleteTCB                           0x08005eec   Section        0  tasks.o(i.prvDeleteTCB)
    prvDeleteTCB                             0x08005eed   Thumb Code    80  tasks.o(i.prvDeleteTCB)
    i.prvHeapInit                            0x08005f3c   Section        0  heap_4.o(i.prvHeapInit)
    prvHeapInit                              0x08005f3d   Thumb Code    98  heap_4.o(i.prvHeapInit)
    i.prvIdleTask                            0x08005fb8   Section        0  tasks.o(i.prvIdleTask)
    prvIdleTask                              0x08005fb9   Thumb Code    32  tasks.o(i.prvIdleTask)
    i.prvInitialiseNewTask                   0x08005fe0   Section        0  tasks.o(i.prvInitialiseNewTask)
    prvInitialiseNewTask                     0x08005fe1   Thumb Code   180  tasks.o(i.prvInitialiseNewTask)
    i.prvInitialiseTaskLists                 0x08006094   Section        0  tasks.o(i.prvInitialiseTaskLists)
    prvInitialiseTaskLists                   0x08006095   Thumb Code    70  tasks.o(i.prvInitialiseTaskLists)
    i.prvInsertBlockIntoFreeList             0x080060fc   Section        0  heap_4.o(i.prvInsertBlockIntoFreeList)
    prvInsertBlockIntoFreeList               0x080060fd   Thumb Code    96  heap_4.o(i.prvInsertBlockIntoFreeList)
    i.prvResetNextTaskUnblockTime            0x08006164   Section        0  tasks.o(i.prvResetNextTaskUnblockTime)
    prvResetNextTaskUnblockTime              0x08006165   Thumb Code    42  tasks.o(i.prvResetNextTaskUnblockTime)
    i.prvTaskExitError                       0x08006198   Section        0  port.o(i.prvTaskExitError)
    prvTaskExitError                         0x08006199   Thumb Code    60  port.o(i.prvTaskExitError)
    i.prvTaskIsTaskSuspended                 0x080061d8   Section        0  tasks.o(i.prvTaskIsTaskSuspended)
    prvTaskIsTaskSuspended                   0x080061d9   Thumb Code    80  tasks.o(i.prvTaskIsTaskSuspended)
    i.pvPortMalloc                           0x08006230   Section        0  heap_4.o(i.pvPortMalloc)
    i.pxPortInitialiseStack                  0x0800637c   Section        0  port.o(i.pxPortInitialiseStack)
    i.readReg                                0x080063a8   Section        0  icm42688.o(i.readReg)
    i.uxListRemove                           0x080063f0   Section        0  list.o(i.uxListRemove)
    i.vApplicationGetIdleTaskMemory          0x08006418   Section        0  freertos.o(i.vApplicationGetIdleTaskMemory)
    i.vListInitialise                        0x08006430   Section        0  list.o(i.vListInitialise)
    i.vListInitialiseItem                    0x0800644a   Section        0  list.o(i.vListInitialiseItem)
    i.vListInsert                            0x08006450   Section        0  list.o(i.vListInsert)
    i.vListInsertEnd                         0x08006484   Section        0  list.o(i.vListInsertEnd)
    i.vPortEnterCritical                     0x0800649c   Section        0  port.o(i.vPortEnterCritical)
    i.vPortExitCritical                      0x080064f0   Section        0  port.o(i.vPortExitCritical)
    i.vPortFree                              0x0800652c   Section        0  heap_4.o(i.vPortFree)
    i.vPortSetupTimerInterrupt               0x080065d0   Section        0  port.o(i.vPortSetupTimerInterrupt)
    i.vTaskDelay                             0x080065f8   Section        0  tasks.o(i.vTaskDelay)
    i.vTaskResume                            0x08006654   Section        0  tasks.o(i.vTaskResume)
    i.vTaskStartScheduler                    0x080066e4   Section        0  tasks.o(i.vTaskStartScheduler)
    i.vTaskSuspend                           0x08006794   Section        0  tasks.o(i.vTaskSuspend)
    i.vTaskSuspendAll                        0x08006888   Section        0  tasks.o(i.vTaskSuspendAll)
    i.vTaskSwitchContext                     0x08006898   Section        0  tasks.o(i.vTaskSwitchContext)
    i.xPortStartScheduler                    0x08006924   Section        0  port.o(i.xPortStartScheduler)
    i.xTaskCreate                            0x08006a8c   Section        0  tasks.o(i.xTaskCreate)
    i.xTaskCreateStatic                      0x08006af0   Section        0  tasks.o(i.xTaskCreateStatic)
    i.xTaskIncrementTick                     0x08006bac   Section        0  tasks.o(i.xTaskIncrementTick)
    i.xTaskResumeAll                         0x08006cf4   Section        0  tasks.o(i.xTaskResumeAll)
    .constdata                               0x08006df8   Section      168  freertos.o(.constdata)
    .constdata                               0x08006ea0   Section        8  stm32f4xx_hal_dma.o(.constdata)
    flagBitshiftOffset                       0x08006ea0   Data           8  stm32f4xx_hal_dma.o(.constdata)
    .constdata                               0x08006ea8   Section       24  system_stm32f4xx.o(.constdata)
    .conststring                             0x08006ec0   Section       79  freertos.o(.conststring)
    .data                                    0x20000000   Section       28  freertos.o(.data)
    .data                                    0x2000001c   Section        4  can.o(.data)
    HAL_RCC_CAN1_CLK_ENABLED                 0x2000001c   Data           4  can.o(.data)
    .data                                    0x20000020   Section        9  stm32f4xx_hal.o(.data)
    .data                                    0x2000002c   Section        4  system_stm32f4xx.o(.data)
    .data                                    0x20000030   Section     1040  rm3508.o(.data)
    .data                                    0x20000440   Section       85  dr_rm3508.o(.data)
    .data                                    0x20000496   Section        5  rgb.o(.data)
    .data                                    0x2000049c   Section       56  filt.o(.data)
    .data                                    0x200004d4   Section      107  icm42688.o(.data)
    .data                                    0x20000540   Section       33  myserial.o(.data)
    .data                                    0x20000564   Section       60  tasks.o(.data)
    pxDelayedTaskList                        0x20000568   Data           4  tasks.o(.data)
    pxOverflowDelayedTaskList                0x2000056c   Data           4  tasks.o(.data)
    uxDeletedTasksWaitingCleanUp             0x20000570   Data           4  tasks.o(.data)
    uxCurrentNumberOfTasks                   0x20000574   Data           4  tasks.o(.data)
    xTickCount                               0x20000578   Data           4  tasks.o(.data)
    uxTopReadyPriority                       0x2000057c   Data           4  tasks.o(.data)
    xSchedulerRunning                        0x20000580   Data           4  tasks.o(.data)
    xPendedTicks                             0x20000584   Data           4  tasks.o(.data)
    xYieldPending                            0x20000588   Data           4  tasks.o(.data)
    xNumOfOverflows                          0x2000058c   Data           4  tasks.o(.data)
    uxTaskNumber                             0x20000590   Data           4  tasks.o(.data)
    xNextTaskUnblockTime                     0x20000594   Data           4  tasks.o(.data)
    xIdleTaskHandle                          0x20000598   Data           4  tasks.o(.data)
    uxSchedulerSuspended                     0x2000059c   Data           4  tasks.o(.data)
    .data                                    0x200005a0   Section       32  heap_4.o(.data)
    xStart                                   0x200005a0   Data           8  heap_4.o(.data)
    pxEnd                                    0x200005a8   Data           4  heap_4.o(.data)
    xFreeBytesRemaining                      0x200005ac   Data           4  heap_4.o(.data)
    xMinimumEverFreeBytesRemaining           0x200005b0   Data           4  heap_4.o(.data)
    xNumberOfSuccessfulAllocations           0x200005b4   Data           4  heap_4.o(.data)
    xNumberOfSuccessfulFrees                 0x200005b8   Data           4  heap_4.o(.data)
    xBlockAllocatedBit                       0x200005bc   Data           4  heap_4.o(.data)
    .data                                    0x200005c0   Section       12  port.o(.data)
    uxCriticalNesting                        0x200005c0   Data           4  port.o(.data)
    ucMaxSysCallPriority                     0x200005c4   Data           1  port.o(.data)
    ulMaxPRIGROUPValue                       0x200005c8   Data           4  port.o(.data)
    .bss                                     0x200005cc   Section      596  freertos.o(.bss)
    xIdleTaskTCBBuffer                       0x200005cc   Data          84  freertos.o(.bss)
    xIdleStack                               0x20000620   Data         512  freertos.o(.bss)
    .bss                                     0x20000820   Section       80  can.o(.bss)
    .bss                                     0x20000870   Section       88  spi.o(.bss)
    .bss                                     0x200008c8   Section      288  tim.o(.bss)
    .bss                                     0x200009e8   Section      232  usart.o(.bss)
    .bss                                     0x20000ad0   Section       72  stm32f4xx_hal_timebase_tim.o(.bss)
    .bss                                     0x20000b18   Section      152  rm3508.o(.bss)
    RM3508_base                              0x20000b70   Data          32  rm3508.o(.bss)
    RM3508tmp_pre                            0x20000b90   Data          32  rm3508.o(.bss)
    .bss                                     0x20000bb0   Section     2260  rgb.o(.bss)
    .bss                                     0x20001484   Section    24444  icm42688.o(.bss)
    .bss                                     0x20007400   Section      512  myserial.o(.bss)
    .bss                                     0x20007600   Section       10  i_serial.o(.bss)
    .bss                                     0x2000760c   Section      240  tasks.o(.bss)
    pxReadyTasksLists                        0x2000760c   Data         140  tasks.o(.bss)
    xDelayedTaskList1                        0x20007698   Data          20  tasks.o(.bss)
    xDelayedTaskList2                        0x200076ac   Data          20  tasks.o(.bss)
    xPendingReadyList                        0x200076c0   Data          20  tasks.o(.bss)
    xTasksWaitingTermination                 0x200076d4   Data          20  tasks.o(.bss)
    xSuspendedTaskList                       0x200076e8   Data          20  tasks.o(.bss)
    .bss                                     0x200076fc   Section    15360  heap_4.o(.bss)
    ucHeap                                   0x200076fc   Data       15360  heap_4.o(.bss)
    STACK                                    0x2000b300   Section     1024  startup_stm32f405xx.o(STACK)

    Global Symbols

    Symbol Name                              Value     Ov Type        Size  Object(Section)

    BuildAttributes$$THM_ISAv4$E$P$D$K$B$S$7EM$VFPi3$EXTD16$VFPS$VFMA$PE$A:L22UL41UL21$X:L11$S22US41US21$IEEE1$IW$USESV6$~STKCKD$USESV7$~SHL$OTIME$ROPI$IEEEX$EBA8$MICROLIB$REQ8$PRES8$EABIv2 0x00000000   Number         0  anon$$obj.o ABSOLUTE
    __ARM_use_no_argv                        0x00000000   Number         0  main.o ABSOLUTE
    __cpp_initialize__aeabi_                  - Undefined Weak Reference
    __cxa_finalize                            - Undefined Weak Reference
    _clock_init                               - Undefined Weak Reference
    _microlib_exit                            - Undefined Weak Reference
    _scanf_longlong                           - Undefined Weak Reference
    _scanf_string                             - Undefined Weak Reference
    __Vectors_Size                           0x00000188   Number         0  startup_stm32f405xx.o ABSOLUTE
    __Vectors                                0x08000000   Data           4  startup_stm32f405xx.o(RESET)
    __Vectors_End                            0x08000188   Data           0  startup_stm32f405xx.o(RESET)
    __main                                   0x08000189   Thumb Code     0  entry.o(.ARM.Collect$$$$00000000)
    _main_stk                                0x08000189   Thumb Code     0  entry2.o(.ARM.Collect$$$$00000001)
    _main_scatterload                        0x0800018d   Thumb Code     0  entry5.o(.ARM.Collect$$$$00000004)
    __main_after_scatterload                 0x08000191   Thumb Code     0  entry5.o(.ARM.Collect$$$$00000004)
    _main_clock                              0x08000191   Thumb Code     0  entry7b.o(.ARM.Collect$$$$00000008)
    _main_cpp_init                           0x08000191   Thumb Code     0  entry8b.o(.ARM.Collect$$$$0000000A)
    _main_init                               0x08000191   Thumb Code     0  entry9a.o(.ARM.Collect$$$$0000000B)
    __rt_final_cpp                           0x08000199   Thumb Code     0  entry10a.o(.ARM.Collect$$$$0000000D)
    __rt_final_exit                          0x08000199   Thumb Code     0  entry11a.o(.ARM.Collect$$$$0000000F)
    SVC_Handler                              0x0800019d   Thumb Code    28  port.o(.emb_text)
    __asm___6_port_c_39a90d8d__prvStartFirstTask 0x080001bd   Thumb Code    36  port.o(.emb_text)
    __asm___6_port_c_39a90d8d__prvEnableVFP  0x080001e5   Thumb Code    16  port.o(.emb_text)
    PendSV_Handler                           0x080001f9   Thumb Code    88  port.o(.emb_text)
    vPortGetIPSR                             0x08000255   Thumb Code     6  port.o(.emb_text)
    Reset_Handler                            0x0800025d   Thumb Code     8  startup_stm32f405xx.o(.text)
    ADC_IRQHandler                           0x08000277   Thumb Code     0  startup_stm32f405xx.o(.text)
    CAN1_RX1_IRQHandler                      0x08000277   Thumb Code     0  startup_stm32f405xx.o(.text)
    CAN1_TX_IRQHandler                       0x08000277   Thumb Code     0  startup_stm32f405xx.o(.text)
    CAN2_RX0_IRQHandler                      0x08000277   Thumb Code     0  startup_stm32f405xx.o(.text)
    CAN2_TX_IRQHandler                       0x08000277   Thumb Code     0  startup_stm32f405xx.o(.text)
    DMA1_Stream1_IRQHandler                  0x08000277   Thumb Code     0  startup_stm32f405xx.o(.text)
    DMA1_Stream2_IRQHandler                  0x08000277   Thumb Code     0  startup_stm32f405xx.o(.text)
    DMA1_Stream3_IRQHandler                  0x08000277   Thumb Code     0  startup_stm32f405xx.o(.text)
    DMA1_Stream4_IRQHandler                  0x08000277   Thumb Code     0  startup_stm32f405xx.o(.text)
    DMA1_Stream5_IRQHandler                  0x08000277   Thumb Code     0  startup_stm32f405xx.o(.text)
    DMA1_Stream6_IRQHandler                  0x08000277   Thumb Code     0  startup_stm32f405xx.o(.text)
    DMA1_Stream7_IRQHandler                  0x08000277   Thumb Code     0  startup_stm32f405xx.o(.text)
    DMA2_Stream0_IRQHandler                  0x08000277   Thumb Code     0  startup_stm32f405xx.o(.text)
    DMA2_Stream1_IRQHandler                  0x08000277   Thumb Code     0  startup_stm32f405xx.o(.text)
    DMA2_Stream2_IRQHandler                  0x08000277   Thumb Code     0  startup_stm32f405xx.o(.text)
    DMA2_Stream3_IRQHandler                  0x08000277   Thumb Code     0  startup_stm32f405xx.o(.text)
    DMA2_Stream4_IRQHandler                  0x08000277   Thumb Code     0  startup_stm32f405xx.o(.text)
    DMA2_Stream5_IRQHandler                  0x08000277   Thumb Code     0  startup_stm32f405xx.o(.text)
    DMA2_Stream6_IRQHandler                  0x08000277   Thumb Code     0  startup_stm32f405xx.o(.text)
    DMA2_Stream7_IRQHandler                  0x08000277   Thumb Code     0  startup_stm32f405xx.o(.text)
    EXTI0_IRQHandler                         0x08000277   Thumb Code     0  startup_stm32f405xx.o(.text)
    EXTI15_10_IRQHandler                     0x08000277   Thumb Code     0  startup_stm32f405xx.o(.text)
    EXTI1_IRQHandler                         0x08000277   Thumb Code     0  startup_stm32f405xx.o(.text)
    EXTI2_IRQHandler                         0x08000277   Thumb Code     0  startup_stm32f405xx.o(.text)
    EXTI3_IRQHandler                         0x08000277   Thumb Code     0  startup_stm32f405xx.o(.text)
    EXTI4_IRQHandler                         0x08000277   Thumb Code     0  startup_stm32f405xx.o(.text)
    EXTI9_5_IRQHandler                       0x08000277   Thumb Code     0  startup_stm32f405xx.o(.text)
    FLASH_IRQHandler                         0x08000277   Thumb Code     0  startup_stm32f405xx.o(.text)
    FMC_IRQHandler                           0x08000277   Thumb Code     0  startup_stm32f405xx.o(.text)
    FPU_IRQHandler                           0x08000277   Thumb Code     0  startup_stm32f405xx.o(.text)
    HASH_RNG_IRQHandler                      0x08000277   Thumb Code     0  startup_stm32f405xx.o(.text)
    I2C1_ER_IRQHandler                       0x08000277   Thumb Code     0  startup_stm32f405xx.o(.text)
    I2C1_EV_IRQHandler                       0x08000277   Thumb Code     0  startup_stm32f405xx.o(.text)
    I2C2_ER_IRQHandler                       0x08000277   Thumb Code     0  startup_stm32f405xx.o(.text)
    I2C2_EV_IRQHandler                       0x08000277   Thumb Code     0  startup_stm32f405xx.o(.text)
    I2C3_ER_IRQHandler                       0x08000277   Thumb Code     0  startup_stm32f405xx.o(.text)
    I2C3_EV_IRQHandler                       0x08000277   Thumb Code     0  startup_stm32f405xx.o(.text)
    OTG_FS_IRQHandler                        0x08000277   Thumb Code     0  startup_stm32f405xx.o(.text)
    OTG_FS_WKUP_IRQHandler                   0x08000277   Thumb Code     0  startup_stm32f405xx.o(.text)
    OTG_HS_EP1_IN_IRQHandler                 0x08000277   Thumb Code     0  startup_stm32f405xx.o(.text)
    OTG_HS_EP1_OUT_IRQHandler                0x08000277   Thumb Code     0  startup_stm32f405xx.o(.text)
    OTG_HS_IRQHandler                        0x08000277   Thumb Code     0  startup_stm32f405xx.o(.text)
    OTG_HS_WKUP_IRQHandler                   0x08000277   Thumb Code     0  startup_stm32f405xx.o(.text)
    PVD_IRQHandler                           0x08000277   Thumb Code     0  startup_stm32f405xx.o(.text)
    RCC_IRQHandler                           0x08000277   Thumb Code     0  startup_stm32f405xx.o(.text)
    RTC_Alarm_IRQHandler                     0x08000277   Thumb Code     0  startup_stm32f405xx.o(.text)
    RTC_WKUP_IRQHandler                      0x08000277   Thumb Code     0  startup_stm32f405xx.o(.text)
    SDIO_IRQHandler                          0x08000277   Thumb Code     0  startup_stm32f405xx.o(.text)
    SPI1_IRQHandler                          0x08000277   Thumb Code     0  startup_stm32f405xx.o(.text)
    SPI3_IRQHandler                          0x08000277   Thumb Code     0  startup_stm32f405xx.o(.text)
    TAMP_STAMP_IRQHandler                    0x08000277   Thumb Code     0  startup_stm32f405xx.o(.text)
    TIM1_BRK_TIM9_IRQHandler                 0x08000277   Thumb Code     0  startup_stm32f405xx.o(.text)
    TIM1_CC_IRQHandler                       0x08000277   Thumb Code     0  startup_stm32f405xx.o(.text)
    TIM1_TRG_COM_TIM11_IRQHandler            0x08000277   Thumb Code     0  startup_stm32f405xx.o(.text)
    TIM1_UP_TIM10_IRQHandler                 0x08000277   Thumb Code     0  startup_stm32f405xx.o(.text)
    TIM2_IRQHandler                          0x08000277   Thumb Code     0  startup_stm32f405xx.o(.text)
    TIM4_IRQHandler                          0x08000277   Thumb Code     0  startup_stm32f405xx.o(.text)
    TIM7_IRQHandler                          0x08000277   Thumb Code     0  startup_stm32f405xx.o(.text)
    TIM8_BRK_TIM12_IRQHandler                0x08000277   Thumb Code     0  startup_stm32f405xx.o(.text)
    TIM8_CC_IRQHandler                       0x08000277   Thumb Code     0  startup_stm32f405xx.o(.text)
    TIM8_TRG_COM_TIM14_IRQHandler            0x08000277   Thumb Code     0  startup_stm32f405xx.o(.text)
    TIM8_UP_TIM13_IRQHandler                 0x08000277   Thumb Code     0  startup_stm32f405xx.o(.text)
    UART4_IRQHandler                         0x08000277   Thumb Code     0  startup_stm32f405xx.o(.text)
    USART1_IRQHandler                        0x08000277   Thumb Code     0  startup_stm32f405xx.o(.text)
    USART2_IRQHandler                        0x08000277   Thumb Code     0  startup_stm32f405xx.o(.text)
    USART3_IRQHandler                        0x08000277   Thumb Code     0  startup_stm32f405xx.o(.text)
    USART6_IRQHandler                        0x08000277   Thumb Code     0  startup_stm32f405xx.o(.text)
    WWDG_IRQHandler                          0x08000277   Thumb Code     0  startup_stm32f405xx.o(.text)
    __aeabi_uldivmod                         0x08000281   Thumb Code    98  uldiv.o(.text)
    __aeabi_memcpy                           0x080002e3   Thumb Code    36  memcpya.o(.text)
    __aeabi_memcpy4                          0x080002e3   Thumb Code     0  memcpya.o(.text)
    __aeabi_memcpy8                          0x080002e3   Thumb Code     0  memcpya.o(.text)
    __aeabi_memset                           0x08000307   Thumb Code    14  memseta.o(.text)
    __aeabi_memset4                          0x08000307   Thumb Code     0  memseta.o(.text)
    __aeabi_memset8                          0x08000307   Thumb Code     0  memseta.o(.text)
    __aeabi_memclr                           0x08000315   Thumb Code     4  memseta.o(.text)
    __aeabi_memclr4                          0x08000315   Thumb Code     0  memseta.o(.text)
    __aeabi_memclr8                          0x08000315   Thumb Code     0  memseta.o(.text)
    memset                                   0x08000319   Thumb Code    18  memseta.o(.text)
    __aeabi_fadd                             0x0800032b   Thumb Code   164  fadd.o(.text)
    __aeabi_fsub                             0x080003cf   Thumb Code     6  fadd.o(.text)
    __aeabi_frsub                            0x080003d5   Thumb Code     6  fadd.o(.text)
    __aeabi_fdiv                             0x080003db   Thumb Code   124  fdiv.o(.text)
    __aeabi_ui2f                             0x08000457   Thumb Code    10  ffltui.o(.text)
    __aeabi_f2d                              0x08000461   Thumb Code    38  f2d.o(.text)
    __aeabi_cdcmpeq                          0x08000489   Thumb Code     0  cdcmple.o(.text)
    __aeabi_cdcmple                          0x08000489   Thumb Code    48  cdcmple.o(.text)
    __aeabi_cdrcmple                         0x080004b9   Thumb Code    48  cdrcmple.o(.text)
    __aeabi_llsl                             0x080004e9   Thumb Code    30  llshl.o(.text)
    _ll_shift_l                              0x080004e9   Thumb Code     0  llshl.o(.text)
    __aeabi_llsr                             0x08000507   Thumb Code    32  llushr.o(.text)
    _ll_ushift_r                             0x08000507   Thumb Code     0  llushr.o(.text)
    __I$use$fp                               0x08000527   Thumb Code     0  iusefp.o(.text)
    _float_round                             0x08000527   Thumb Code    18  fepilogue.o(.text)
    _float_epilogue                          0x08000539   Thumb Code    92  fepilogue.o(.text)
    __scatterload                            0x08000595   Thumb Code    28  init.o(.text)
    __scatterload_rt2                        0x08000595   Thumb Code     0  init.o(.text)
    __decompress                             0x080005b9   Thumb Code     0  __dczerorl2.o(.text)
    __decompress1                            0x080005b9   Thumb Code    86  __dczerorl2.o(.text)
    arm_mean_f32                             0x08000611   Thumb Code   134  arm_mean_f32.o(.text.arm_mean_f32)
    BusFault_Handler                         0x08000697   Thumb Code     4  stm32f4xx_it.o(i.BusFault_Handler)
    CAN1_RX0_IRQHandler                      0x0800069d   Thumb Code    10  stm32f4xx_it.o(i.CAN1_RX0_IRQHandler)
    CAN1_SCE_IRQHandler                      0x080006ad   Thumb Code    10  stm32f4xx_it.o(i.CAN1_SCE_IRQHandler)
    CAN2_RX1_IRQHandler                      0x080006bd   Thumb Code    10  stm32f4xx_it.o(i.CAN2_RX1_IRQHandler)
    CAN2_SCE_IRQHandler                      0x080006cd   Thumb Code    10  stm32f4xx_it.o(i.CAN2_SCE_IRQHandler)
    CAN_Init                                 0x080006dd   Thumb Code   146  can_bsp.o(i.CAN_Init)
    DMA1_Stream0_IRQHandler                  0x08000779   Thumb Code    10  stm32f4xx_it.o(i.DMA1_Stream0_IRQHandler)
    DebugMon_Handler                         0x08000893   Thumb Code     2  stm32f4xx_it.o(i.DebugMon_Handler)
    Error_Handler                            0x08000895   Thumb Code     6  main.o(i.Error_Handler)
    FabsD                                    0x0800089d   Thumb Code    78  rm3508.o(i.FabsD)
    HAL_CAN_ActivateNotification             0x080008f5   Thumb Code    42  stm32f4xx_hal_can.o(i.HAL_CAN_ActivateNotification)
    HAL_CAN_AddTxMessage                     0x0800091f   Thumb Code   342  stm32f4xx_hal_can.o(i.HAL_CAN_AddTxMessage)
    HAL_CAN_ConfigFilter                     0x08000a75   Thumb Code   286  stm32f4xx_hal_can.o(i.HAL_CAN_ConfigFilter)
    HAL_CAN_ErrorCallback                    0x08000b99   Thumb Code     2  stm32f4xx_hal_can.o(i.HAL_CAN_ErrorCallback)
    HAL_CAN_GetRxMessage                     0x08000b9b   Thumb Code   378  stm32f4xx_hal_can.o(i.HAL_CAN_GetRxMessage)
    HAL_CAN_GetTxMailboxesFreeLevel          0x08000d15   Thumb Code    54  stm32f4xx_hal_can.o(i.HAL_CAN_GetTxMailboxesFreeLevel)
    HAL_CAN_IRQHandler                       0x08000d4b   Thumb Code   590  stm32f4xx_hal_can.o(i.HAL_CAN_IRQHandler)
    HAL_CAN_Init                             0x08000f99   Thumb Code   372  stm32f4xx_hal_can.o(i.HAL_CAN_Init)
    HAL_CAN_MspInit                          0x0800110d   Thumb Code   364  can.o(i.HAL_CAN_MspInit)
    HAL_CAN_RxFifo0FullCallback              0x08001291   Thumb Code     2  stm32f4xx_hal_can.o(i.HAL_CAN_RxFifo0FullCallback)
    HAL_CAN_RxFifo0MsgPendingCallback        0x08001295   Thumb Code   228  dr_rm3508.o(i.HAL_CAN_RxFifo0MsgPendingCallback)
    HAL_CAN_RxFifo1FullCallback              0x0800139d   Thumb Code     2  stm32f4xx_hal_can.o(i.HAL_CAN_RxFifo1FullCallback)
    HAL_CAN_RxFifo1MsgPendingCallback        0x080013a1   Thumb Code    68  dr_rm3508.o(i.HAL_CAN_RxFifo1MsgPendingCallback)
    HAL_CAN_SleepCallback                    0x080013e9   Thumb Code     2  stm32f4xx_hal_can.o(i.HAL_CAN_SleepCallback)
    HAL_CAN_Start                            0x080013eb   Thumb Code    94  stm32f4xx_hal_can.o(i.HAL_CAN_Start)
    HAL_CAN_TxMailbox0AbortCallback          0x08001449   Thumb Code     2  stm32f4xx_hal_can.o(i.HAL_CAN_TxMailbox0AbortCallback)
    HAL_CAN_TxMailbox0CompleteCallback       0x0800144b   Thumb Code     2  stm32f4xx_hal_can.o(i.HAL_CAN_TxMailbox0CompleteCallback)
    HAL_CAN_TxMailbox1AbortCallback          0x0800144d   Thumb Code     2  stm32f4xx_hal_can.o(i.HAL_CAN_TxMailbox1AbortCallback)
    HAL_CAN_TxMailbox1CompleteCallback       0x0800144f   Thumb Code     2  stm32f4xx_hal_can.o(i.HAL_CAN_TxMailbox1CompleteCallback)
    HAL_CAN_TxMailbox2AbortCallback          0x08001451   Thumb Code     2  stm32f4xx_hal_can.o(i.HAL_CAN_TxMailbox2AbortCallback)
    HAL_CAN_TxMailbox2CompleteCallback       0x08001453   Thumb Code     2  stm32f4xx_hal_can.o(i.HAL_CAN_TxMailbox2CompleteCallback)
    HAL_CAN_WakeUpFromRxMsgCallback          0x08001455   Thumb Code     2  stm32f4xx_hal_can.o(i.HAL_CAN_WakeUpFromRxMsgCallback)
    HAL_DMA_Abort                            0x08001457   Thumb Code   172  stm32f4xx_hal_dma.o(i.HAL_DMA_Abort)
    HAL_DMA_Abort_IT                         0x08001503   Thumb Code    40  stm32f4xx_hal_dma.o(i.HAL_DMA_Abort_IT)
    HAL_DMA_IRQHandler                       0x0800152d   Thumb Code   570  stm32f4xx_hal_dma.o(i.HAL_DMA_IRQHandler)
    HAL_DMA_Init                             0x0800176d   Thumb Code   232  stm32f4xx_hal_dma.o(i.HAL_DMA_Init)
    HAL_DMA_Start_IT                         0x08001859   Thumb Code   146  stm32f4xx_hal_dma.o(i.HAL_DMA_Start_IT)
    HAL_GPIO_Init                            0x080018ed   Thumb Code   454  stm32f4xx_hal_gpio.o(i.HAL_GPIO_Init)
    HAL_GPIO_WritePin                        0x08001ae1   Thumb Code    12  stm32f4xx_hal_gpio.o(i.HAL_GPIO_WritePin)
    HAL_GetTick                              0x08001aed   Thumb Code     6  stm32f4xx_hal.o(i.HAL_GetTick)
    HAL_IncTick                              0x08001af9   Thumb Code    16  stm32f4xx_hal.o(i.HAL_IncTick)
    HAL_Init                                 0x08001b11   Thumb Code    54  stm32f4xx_hal.o(i.HAL_Init)
    HAL_InitTick                             0x08001b4d   Thumb Code   160  stm32f4xx_hal_timebase_tim.o(i.HAL_InitTick)
    HAL_MspInit                              0x08001c01   Thumb Code    78  stm32f4xx_hal_msp.o(i.HAL_MspInit)
    HAL_NVIC_EnableIRQ                       0x08001c55   Thumb Code    32  stm32f4xx_hal_cortex.o(i.HAL_NVIC_EnableIRQ)
    HAL_NVIC_SetPriority                     0x08001c75   Thumb Code   124  stm32f4xx_hal_cortex.o(i.HAL_NVIC_SetPriority)
    HAL_NVIC_SetPriorityGrouping             0x08001cf1   Thumb Code    32  stm32f4xx_hal_cortex.o(i.HAL_NVIC_SetPriorityGrouping)
    HAL_RCC_ClockConfig                      0x08001d19   Thumb Code   368  stm32f4xx_hal_rcc.o(i.HAL_RCC_ClockConfig)
    HAL_RCC_GetClockConfig                   0x08001e9d   Thumb Code    58  stm32f4xx_hal_rcc.o(i.HAL_RCC_GetClockConfig)
    HAL_RCC_GetHCLKFreq                      0x08001ee1   Thumb Code     6  stm32f4xx_hal_rcc.o(i.HAL_RCC_GetHCLKFreq)
    HAL_RCC_GetPCLK1Freq                     0x08001eed   Thumb Code    22  stm32f4xx_hal_rcc.o(i.HAL_RCC_GetPCLK1Freq)
    HAL_RCC_GetPCLK2Freq                     0x08001f0d   Thumb Code    22  stm32f4xx_hal_rcc.o(i.HAL_RCC_GetPCLK2Freq)
    HAL_RCC_GetSysClockFreq                  0x08001f2d   Thumb Code   162  stm32f4xx_hal_rcc.o(i.HAL_RCC_GetSysClockFreq)
    HAL_RCC_OscConfig                        0x08001fdd   Thumb Code  1172  stm32f4xx_hal_rcc.o(i.HAL_RCC_OscConfig)
    HAL_SPI_ErrorCallback                    0x08002479   Thumb Code     2  stm32f4xx_hal_spi.o(i.HAL_SPI_ErrorCallback)
    HAL_SPI_IRQHandler                       0x0800247d   Thumb Code   342  stm32f4xx_hal_spi.o(i.HAL_SPI_IRQHandler)
    HAL_SPI_Init                             0x080025d9   Thumb Code   200  stm32f4xx_hal_spi.o(i.HAL_SPI_Init)
    HAL_SPI_MspInit                          0x080026a1   Thumb Code   198  spi.o(i.HAL_SPI_MspInit)
    HAL_SPI_Receive                          0x08002779   Thumb Code   368  stm32f4xx_hal_spi.o(i.HAL_SPI_Receive)
    HAL_SPI_Transmit                         0x080028e9   Thumb Code   430  stm32f4xx_hal_spi.o(i.HAL_SPI_Transmit)
    HAL_SPI_TransmitReceive                  0x08002a97   Thumb Code   554  stm32f4xx_hal_spi.o(i.HAL_SPI_TransmitReceive)
    HAL_TIMEx_BreakCallback                  0x08002cc1   Thumb Code     2  stm32f4xx_hal_tim_ex.o(i.HAL_TIMEx_BreakCallback)
    HAL_TIMEx_CommutCallback                 0x08002cc3   Thumb Code     2  stm32f4xx_hal_tim_ex.o(i.HAL_TIMEx_CommutCallback)
    HAL_TIMEx_MasterConfigSynchronization    0x08002cc5   Thumb Code   150  stm32f4xx_hal_tim_ex.o(i.HAL_TIMEx_MasterConfigSynchronization)
    HAL_TIM_Base_Init                        0x08002d79   Thumb Code   102  stm32f4xx_hal_tim.o(i.HAL_TIM_Base_Init)
    HAL_TIM_Base_MspInit                     0x08002de1   Thumb Code   202  tim.o(i.HAL_TIM_Base_MspInit)
    HAL_TIM_Base_Start_IT                    0x08002ec1   Thumb Code   138  stm32f4xx_hal_tim.o(i.HAL_TIM_Base_Start_IT)
    HAL_TIM_ConfigClockSource                0x08002f69   Thumb Code   268  stm32f4xx_hal_tim.o(i.HAL_TIM_ConfigClockSource)
    HAL_TIM_ErrorCallback                    0x08003075   Thumb Code     2  stm32f4xx_hal_tim.o(i.HAL_TIM_ErrorCallback)
    HAL_TIM_IC_CaptureCallback               0x08003077   Thumb Code     2  stm32f4xx_hal_tim.o(i.HAL_TIM_IC_CaptureCallback)
    HAL_TIM_IRQHandler                       0x08003079   Thumb Code   406  stm32f4xx_hal_tim.o(i.HAL_TIM_IRQHandler)
    HAL_TIM_OC_DelayElapsedCallback          0x0800320f   Thumb Code     2  stm32f4xx_hal_tim.o(i.HAL_TIM_OC_DelayElapsedCallback)
    HAL_TIM_PWM_PulseFinishedCallback        0x08003211   Thumb Code   162  rgb.o(i.HAL_TIM_PWM_PulseFinishedCallback)
    HAL_TIM_PWM_PulseFinishedHalfCpltCallback 0x080032cd   Thumb Code     2  stm32f4xx_hal_tim.o(i.HAL_TIM_PWM_PulseFinishedHalfCpltCallback)
    HAL_TIM_PWM_Start_DMA                    0x080032d1   Thumb Code   544  stm32f4xx_hal_tim.o(i.HAL_TIM_PWM_Start_DMA)
    HAL_TIM_PWM_Stop_DMA                     0x08003519   Thumb Code   268  stm32f4xx_hal_tim.o(i.HAL_TIM_PWM_Stop_DMA)
    HAL_TIM_PeriodElapsedCallback            0x0800362d   Thumb Code    52  main.o(i.HAL_TIM_PeriodElapsedCallback)
    HAL_TIM_TriggerCallback                  0x08003671   Thumb Code     2  stm32f4xx_hal_tim.o(i.HAL_TIM_TriggerCallback)
    HAL_UARTEx_ReceiveToIdle_DMA             0x08003673   Thumb Code   130  stm32f4xx_hal_uart.o(i.HAL_UARTEx_ReceiveToIdle_DMA)
    HAL_UARTEx_RxEventCallback               0x080036f5   Thumb Code     2  stm32f4xx_hal_uart.o(i.HAL_UARTEx_RxEventCallback)
    HAL_UART_ErrorCallback                   0x080036f7   Thumb Code     2  stm32f4xx_hal_uart.o(i.HAL_UART_ErrorCallback)
    HAL_UART_IRQHandler                      0x080036f9   Thumb Code   732  stm32f4xx_hal_uart.o(i.HAL_UART_IRQHandler)
    HAL_UART_Init                            0x080039d9   Thumb Code   114  stm32f4xx_hal_uart.o(i.HAL_UART_Init)
    HAL_UART_MspInit                         0x08003a4d   Thumb Code   424  usart.o(i.HAL_UART_MspInit)
    HAL_UART_Receive_IT                      0x08003c15   Thumb Code    66  stm32f4xx_hal_uart.o(i.HAL_UART_Receive_IT)
    HAL_UART_RxCpltCallback                  0x08003c59   Thumb Code   106  myserial.o(i.HAL_UART_RxCpltCallback)
    HAL_UART_RxHalfCpltCallback              0x08003ced   Thumb Code     2  stm32f4xx_hal_uart.o(i.HAL_UART_RxHalfCpltCallback)
    HAL_UART_TxCpltCallback                  0x08003cef   Thumb Code     2  stm32f4xx_hal_uart.o(i.HAL_UART_TxCpltCallback)
    HardFault_Handler                        0x08003cf1   Thumb Code     4  stm32f4xx_it.o(i.HardFault_Handler)
    ICM42688_yaw_adjust                      0x08003cf5   Thumb Code   358  icm42688.o(i.ICM42688_yaw_adjust)
    KalmanFilter                             0x08003e75   Thumb Code   114  filt.o(i.KalmanFilter)
    MX_CAN1_Init                             0x08003ee9   Thumb Code    60  can.o(i.MX_CAN1_Init)
    MX_CAN2_Init                             0x08003f2d   Thumb Code    60  can.o(i.MX_CAN2_Init)
    MX_DMA_Init                              0x08003f71   Thumb Code    52  dma.o(i.MX_DMA_Init)
    MX_FREERTOS_Init                         0x08003fa9   Thumb Code   150  freertos.o(i.MX_FREERTOS_Init)
    MX_GPIO_Init                             0x0800405d   Thumb Code   258  gpio.o(i.MX_GPIO_Init)
    MX_SPI2_Init                             0x0800416d   Thumb Code    60  spi.o(i.MX_SPI2_Init)
    MX_TIM13_Init                            0x080041b1   Thumb Code    42  tim.o(i.MX_TIM13_Init)
    MX_TIM14_Init                            0x080041e5   Thumb Code    40  tim.o(i.MX_TIM14_Init)
    MX_TIM5_Init                             0x08004215   Thumb Code   102  tim.o(i.MX_TIM5_Init)
    MX_TIM6_Init                             0x08004285   Thumb Code    64  tim.o(i.MX_TIM6_Init)
    MX_UART4_Init                            0x080042cd   Thumb Code    46  usart.o(i.MX_UART4_Init)
    MX_UART5_Init                            0x08004305   Thumb Code    46  usart.o(i.MX_UART5_Init)
    MemManage_Handler                        0x0800433d   Thumb Code     4  stm32f4xx_it.o(i.MemManage_Handler)
    NMI_Handler                              0x08004341   Thumb Code     4  stm32f4xx_it.o(i.NMI_Handler)
    RGB_Cal_Color                            0x08004345   Thumb Code   148  rgb.o(i.RGB_Cal_Color)
    RM3508_CAN_Send_Data                     0x080043dd   Thumb Code    92  rm3508.o(i.RM3508_CAN_Send_Data)
    RM3508_Get_Feedback                      0x08004439   Thumb Code    58  rm3508.o(i.RM3508_Get_Feedback)
    RM3508_Get_Pos                           0x08004479   Thumb Code    12  rm3508.o(i.RM3508_Get_Pos)
    RM3508_Get_Speed                         0x08004489   Thumb Code    92  rm3508.o(i.RM3508_Get_Speed)
    RM3508_Pos_Rec                           0x080044e9   Thumb Code   140  rm3508.o(i.RM3508_Pos_Rec)
    RM3508_Set_I                             0x08004585   Thumb Code   132  rm3508.o(i.RM3508_Set_I)
    RM3508_Set_NowPos                        0x0800461d   Thumb Code    12  rm3508.o(i.RM3508_Set_NowPos)
    RM3508_Set_Pos                           0x0800462d   Thumb Code   654  rm3508.o(i.RM3508_Set_Pos)
    RM3508_Set_Speed                         0x080048c5   Thumb Code   666  rm3508.o(i.RM3508_Set_Speed)
    SPI2_IRQHandler                          0x08004b69   Thumb Code    10  stm32f4xx_it.o(i.SPI2_IRQHandler)
    StartDefaultTask                         0x08004d65   Thumb Code    10  freertos.o(i.StartDefaultTask)
    StartGetBall                             0x08004d71   Thumb Code   296  freertos.o(i.StartGetBall)
    StartReadyGetBall                        0x08004eb9   Thumb Code   266  freertos.o(i.StartReadyGetBall)
    StartReadyPutBall                        0x08004fd9   Thumb Code   298  freertos.o(i.StartReadyPutBall)
    StartTask02                              0x08005125   Thumb Code    10  freertos.o(i.StartTask02)
    StartTask03                              0x0800512f   Thumb Code    10  freertos.o(i.StartTask03)
    SysTick_Handler                          0x08005139   Thumb Code    46  port.o(i.SysTick_Handler)
    SystemClock_Config                       0x0800516d   Thumb Code   172  main.o(i.SystemClock_Config)
    SystemInit                               0x08005221   Thumb Code    14  system_stm32f4xx.o(i.SystemInit)
    TIM3_IRQHandler                          0x08005235   Thumb Code    10  stm32f4xx_it.o(i.TIM3_IRQHandler)
    TIM5_IRQHandler                          0x08005245   Thumb Code    10  stm32f4xx_it.o(i.TIM5_IRQHandler)
    TIM6_DAC_IRQHandler                      0x08005255   Thumb Code    10  stm32f4xx_it.o(i.TIM6_DAC_IRQHandler)
    TIM_Base_SetConfig                       0x08005265   Thumb Code   170  stm32f4xx_hal_tim.o(i.TIM_Base_SetConfig)
    TIM_CCxChannelCmd                        0x0800533d   Thumb Code    34  stm32f4xx_hal_tim.o(i.TIM_CCxChannelCmd)
    TIM_DMADelayPulseHalfCplt                0x080053c7   Thumb Code    64  stm32f4xx_hal_tim.o(i.TIM_DMADelayPulseHalfCplt)
    TIM_DMAError                             0x08005407   Thumb Code    94  stm32f4xx_hal_tim.o(i.TIM_DMAError)
    TIM_ETR_SetConfig                        0x08005465   Thumb Code    22  stm32f4xx_hal_tim.o(i.TIM_ETR_SetConfig)
    UART5_IRQHandler                         0x080054dd   Thumb Code    20  stm32f4xx_it.o(i.UART5_IRQHandler)
    UART_Start_Receive_DMA                   0x08005a05   Thumb Code   196  stm32f4xx_hal_uart.o(i.UART_Start_Receive_DMA)
    UART_Start_Receive_IT                    0x08005ad5   Thumb Code    74  stm32f4xx_hal_uart.o(i.UART_Start_Receive_IT)
    UsageFault_Handler                       0x08005b7f   Thumb Code     4  stm32f4xx_it.o(i.UsageFault_Handler)
    __hardfp_fabs                            0x08005bbd   Thumb Code    20  fabs.o(i.__hardfp_fabs)
    __scatterload_copy                       0x08005bd1   Thumb Code    14  handlers.o(i.__scatterload_copy)
    __scatterload_null                       0x08005bdf   Thumb Code     2  handlers.o(i.__scatterload_null)
    __scatterload_zeroinit                   0x08005be1   Thumb Code    14  handlers.o(i.__scatterload_zeroinit)
    getGyroDataZ                             0x08005bf1   Thumb Code    82  icm42688.o(i.getGyroDataZ)
    getICM42688data                          0x08005c51   Thumb Code    34  icm42688.o(i.getICM42688data)
    main                                     0x08005c75   Thumb Code    76  main.o(i.main)
    osDelay                                  0x08005cd7   Thumb Code    24  cmsis_os.o(i.osDelay)
    osKernelStart                            0x08005cef   Thumb Code    10  cmsis_os.o(i.osKernelStart)
    osThreadCreate                           0x08005cf9   Thumb Code    94  cmsis_os.o(i.osThreadCreate)
    pvPortMalloc                             0x08006231   Thumb Code   306  heap_4.o(i.pvPortMalloc)
    pxPortInitialiseStack                    0x0800637d   Thumb Code    38  port.o(i.pxPortInitialiseStack)
    readReg                                  0x080063a9   Thumb Code    62  icm42688.o(i.readReg)
    uxListRemove                             0x080063f1   Thumb Code    40  list.o(i.uxListRemove)
    vApplicationGetIdleTaskMemory            0x08006419   Thumb Code    14  freertos.o(i.vApplicationGetIdleTaskMemory)
    vListInitialise                          0x08006431   Thumb Code    26  list.o(i.vListInitialise)
    vListInitialiseItem                      0x0800644b   Thumb Code     6  list.o(i.vListInitialiseItem)
    vListInsert                              0x08006451   Thumb Code    52  list.o(i.vListInsert)
    vListInsertEnd                           0x08006485   Thumb Code    24  list.o(i.vListInsertEnd)
    vPortEnterCritical                       0x0800649d   Thumb Code    76  port.o(i.vPortEnterCritical)
    vPortExitCritical                        0x080064f1   Thumb Code    56  port.o(i.vPortExitCritical)
    vPortFree                                0x0800652d   Thumb Code   150  heap_4.o(i.vPortFree)
    vPortSetupTimerInterrupt                 0x080065d1   Thumb Code    36  port.o(i.vPortSetupTimerInterrupt)
    vTaskDelay                               0x080065f9   Thumb Code    82  tasks.o(i.vTaskDelay)
    vTaskResume                              0x08006655   Thumb Code   128  tasks.o(i.vTaskResume)
    vTaskStartScheduler                      0x080066e5   Thumb Code   146  tasks.o(i.vTaskStartScheduler)
    vTaskSuspend                             0x08006795   Thumb Code   210  tasks.o(i.vTaskSuspend)
    vTaskSuspendAll                          0x08006889   Thumb Code    12  tasks.o(i.vTaskSuspendAll)
    vTaskSwitchContext                       0x08006899   Thumb Code   118  tasks.o(i.vTaskSwitchContext)
    xPortStartScheduler                      0x08006925   Thumb Code   330  port.o(i.xPortStartScheduler)
    xTaskCreate                              0x08006a8d   Thumb Code   100  tasks.o(i.xTaskCreate)
    xTaskCreateStatic                        0x08006af1   Thumb Code   186  tasks.o(i.xTaskCreateStatic)
    xTaskIncrementTick                       0x08006bad   Thumb Code   282  tasks.o(i.xTaskIncrementTick)
    xTaskResumeAll                           0x08006cf5   Thumb Code   224  tasks.o(i.xTaskResumeAll)
    AHBPrescTable                            0x08006ea8   Data          16  system_stm32f4xx.o(.constdata)
    APBPrescTable                            0x08006eb8   Data           8  system_stm32f4xx.o(.constdata)
    Region$$Table$$Base                      0x08006f10   Number         0  anon$$obj.o(Region$$Table)
    Region$$Table$$Limit                     0x08006f30   Number         0  anon$$obj.o(Region$$Table)
    x                                        0x20000000   Data           4  freertos.o(.data)
    defaultTaskHandle                        0x20000004   Data           4  freertos.o(.data)
    myTask02Handle                           0x20000008   Data           4  freertos.o(.data)
    myTask03Handle                           0x2000000c   Data           4  freertos.o(.data)
    myGetBallHandle                          0x20000010   Data           4  freertos.o(.data)
    myReadyGetBallHandle                     0x20000014   Data           4  freertos.o(.data)
    myReadyPutBallHandle                     0x20000018   Data           4  freertos.o(.data)
    uwTick                                   0x20000020   Data           4  stm32f4xx_hal.o(.data)
    uwTickPrio                               0x20000024   Data           4  stm32f4xx_hal.o(.data)
    uwTickFreq                               0x20000028   Data           1  stm32f4xx_hal.o(.data)
    SystemCoreClock                          0x2000002c   Data           4  system_stm32f4xx.o(.data)
    M3508_Speed_Pid                          0x20000030   Data         512  rm3508.o(.data)
    M3508_Pos_Pid                            0x20000230   Data         512  rm3508.o(.data)
    RM3508_Sendbuf1                          0x20000430   Data           8  rm3508.o(.data)
    RM3508_Sendbuf2                          0x20000438   Data           8  rm3508.o(.data)
    Debug_speed_1                            0x20000440   Data           4  dr_rm3508.o(.data)
    Debug_Pos_1                              0x20000444   Data           4  dr_rm3508.o(.data)
    Debug_speed_2                            0x20000448   Data           4  dr_rm3508.o(.data)
    Debug_Pos_2                              0x2000044c   Data           4  dr_rm3508.o(.data)
    Debug_speed_3                            0x20000450   Data           4  dr_rm3508.o(.data)
    Debug_Pos_3                              0x20000454   Data           4  dr_rm3508.o(.data)
    Debug_speed_4                            0x20000458   Data           4  dr_rm3508.o(.data)
    Debug_Pos_4                              0x2000045c   Data           4  dr_rm3508.o(.data)
    Arm_Pos_5                                0x20000460   Data           4  dr_rm3508.o(.data)
    Arm_Pos_6                                0x20000464   Data           4  dr_rm3508.o(.data)
    Arm_Pos_7                                0x20000468   Data           4  dr_rm3508.o(.data)
    speed_1                                  0x2000046c   Data           4  dr_rm3508.o(.data)
    Pos_1                                    0x20000470   Data           4  dr_rm3508.o(.data)
    speed_2                                  0x20000474   Data           4  dr_rm3508.o(.data)
    Pos_2                                    0x20000478   Data           4  dr_rm3508.o(.data)
    speed_3                                  0x2000047c   Data           4  dr_rm3508.o(.data)
    Pos_3                                    0x20000480   Data           4  dr_rm3508.o(.data)
    speed_4                                  0x20000484   Data           4  dr_rm3508.o(.data)
    Pos_4                                    0x20000488   Data           4  dr_rm3508.o(.data)
    speed_5                                  0x2000048c   Data           4  dr_rm3508.o(.data)
    Pos_5                                    0x20000490   Data           4  dr_rm3508.o(.data)
    mode                                     0x20000494   Data           1  dr_rm3508.o(.data)
    RGB_TX_Flag                              0x20000496   Data           1  rgb.o(.data)
    RGB_TX_Finish_Flag                       0x20000497   Data           1  rgb.o(.data)
    RGB_Index                                0x20000498   Data           2  rgb.o(.data)
    Speed_RGB                                0x2000049a   Data           1  rgb.o(.data)
    k_filt                                   0x2000049c   Data          24  filt.o(.data)
    K_filt                                   0x200004b4   Data           4  filt.o(.data)
    k_filt1                                  0x200004b8   Data          24  filt.o(.data)
    K_filt1                                  0x200004d0   Data           4  filt.o(.data)
    gyro                                     0x200004d4   Data          16  icm42688.o(.data)
    Gyro_a                                   0x200004e4   Data           4  icm42688.o(.data)
    accel                                    0x200004e8   Data          16  icm42688.o(.data)
    Accel_a                                  0x200004f8   Data           4  icm42688.o(.data)
    G_yaw                                    0x200004fc   Data           4  icm42688.o(.data)
    ICM_ANGLE_DEATH                          0x20000500   Data           4  icm42688.o(.data)
    ICM_ACCELX_DEATH                         0x20000504   Data           4  icm42688.o(.data)
    ICM_VX_DEATH                             0x20000508   Data           4  icm42688.o(.data)
    _r                                       0x2000050c   Data           1  icm42688.o(.data)
    _g                                       0x2000050d   Data           1  icm42688.o(.data)
    _b                                       0x2000050e   Data           1  icm42688.o(.data)
    _mode                                    0x2000050f   Data           1  icm42688.o(.data)
    _tapNum                                  0x20000510   Data           1  icm42688.o(.data)
    _tapAxis                                 0x20000511   Data           1  icm42688.o(.data)
    _tapDir                                  0x20000512   Data           1  icm42688.o(.data)
    FIFOMode                                 0x20000513   Data           1  icm42688.o(.data)
    _gyroRange                               0x20000514   Data           4  icm42688.o(.data)
    _accelRange                              0x20000518   Data           4  icm42688.o(.data)
    _accelX                                  0x2000051c   Data           2  icm42688.o(.data)
    _accelY                                  0x2000051e   Data           2  icm42688.o(.data)
    _accelZ                                  0x20000520   Data           2  icm42688.o(.data)
    _gyroX                                   0x20000522   Data           2  icm42688.o(.data)
    _gyroZ                                   0x20000524   Data           2  icm42688.o(.data)
    _gyroY                                   0x20000526   Data           2  icm42688.o(.data)
    _temp                                    0x20000528   Data           1  icm42688.o(.data)
    _INTPin                                  0x20000529   Data           1  icm42688.o(.data)
    id                                       0x2000052a   Data           1  icm42688.o(.data)
    SignalPathReset                          0x2000052b   Data           1  icm42688.o(.data)
    accelConfig0                             0x2000052c   Data           1  icm42688.o(.data)
    PWRMgmt0                                 0x2000052d   Data           1  icm42688.o(.data)
    INTFConfig1                              0x2000052e   Data           1  icm42688.o(.data)
    accelConfig1                             0x2000052f   Data           1  icm42688.o(.data)
    gyroAccelConfig0                         0x20000530   Data           1  icm42688.o(.data)
    APEXConfig7                              0x20000531   Data           1  icm42688.o(.data)
    APEXConfig8                              0x20000532   Data           1  icm42688.o(.data)
    SMDConfig                                0x20000533   Data           1  icm42688.o(.data)
    gyroConfig1                              0x20000534   Data           1  icm42688.o(.data)
    FIFOConfig1                              0x20000535   Data           1  icm42688.o(.data)
    INTConfig                                0x20000536   Data           1  icm42688.o(.data)
    gyroConfig0                              0x20000537   Data           1  icm42688.o(.data)
    APEXConfig0                              0x20000538   Data           1  icm42688.o(.data)
    gyroConfigStatic9                        0x20000539   Data           1  icm42688.o(.data)
    gyroConfigStatic2                        0x2000053a   Data           1  icm42688.o(.data)
    gyroConfigStatic5                        0x2000053b   Data           1  icm42688.o(.data)
    accelConfigStatic2                       0x2000053c   Data           1  icm42688.o(.data)
    accelConfigStatic4                       0x2000053d   Data           1  icm42688.o(.data)
    INTSource                                0x2000053e   Data           1  icm42688.o(.data)
    aRxBuffer1                               0x20000540   Data           1  myserial.o(.data)
    Uart1_Rx_Cnt                             0x20000541   Data           1  myserial.o(.data)
    Uart1_RxFlag                             0x20000542   Data           1  myserial.o(.data)
    aRxBuffer2                               0x20000543   Data           1  myserial.o(.data)
    Uart2_Rx_Cnt                             0x20000544   Data           1  myserial.o(.data)
    Uart2_RxFlag                             0x20000545   Data           1  myserial.o(.data)
    left_row                                 0x20000548   Data           4  myserial.o(.data)
    left_pitch                               0x2000054c   Data           4  myserial.o(.data)
    right_row                                0x20000550   Data           4  myserial.o(.data)
    right_pitch                              0x20000554   Data           4  myserial.o(.data)
    row                                      0x20000558   Data           4  myserial.o(.data)
    pitch                                    0x2000055c   Data           4  myserial.o(.data)
    nohead_flag                              0x20000560   Data           1  myserial.o(.data)
    pxCurrentTCB                             0x20000564   Data           4  tasks.o(.data)
    hcan1                                    0x20000820   Data          40  can.o(.bss)
    hcan2                                    0x20000848   Data          40  can.o(.bss)
    hspi2                                    0x20000870   Data          88  spi.o(.bss)
    htim5                                    0x200008c8   Data          72  tim.o(.bss)
    htim6                                    0x20000910   Data          72  tim.o(.bss)
    htim13                                   0x20000958   Data          72  tim.o(.bss)
    htim14                                   0x200009a0   Data          72  tim.o(.bss)
    huart4                                   0x200009e8   Data          68  usart.o(.bss)
    huart5                                   0x20000a2c   Data          68  usart.o(.bss)
    hdma_uart5_rx                            0x20000a70   Data          96  usart.o(.bss)
    htim3                                    0x20000ad0   Data          72  stm32f4xx_hal_timebase_tim.o(.bss)
    RM3508_Feedback_Buf                      0x20000b18   Data          56  rm3508.o(.bss)
    RM3508_Pos                               0x20000b50   Data          32  rm3508.o(.bss)
    RGB_ResetBuf                             0x20000bb0   Data         460  rgb.o(.bss)
    ColorBuf_0                               0x20000d7c   Data          50  rgb.o(.bss)
    ColorBuf_1                               0x20000dae   Data          50  rgb.o(.bss)
    Color_360                                0x20000de0   Data         170  rgb.o(.bss)
    Color_RGB                                0x20000e8a   Data         510  rgb.o(.bss)
    More_RGB                                 0x20001088   Data         340  rgb.o(.bss)
    States_RGB                               0x200011dc   Data         340  rgb.o(.bss)
    States_RGB_Light                         0x20001330   Data         340  rgb.o(.bss)
    Get_yaw                                  0x20001484   Data         444  icm42688.o(.bss)
    Sample_Array                             0x20001640   Data        8000  icm42688.o(.bss)
    Sample_Array1                            0x20003580   Data        8000  icm42688.o(.bss)
    Sample_Array2                            0x200054c0   Data        8000  icm42688.o(.bss)
    Uart1_RxBuff                             0x20007400   Data         256  myserial.o(.bss)
    Uart2_RxBuff                             0x20007500   Data         256  myserial.o(.bss)
    Uart1_RxBuff1                            0x20007600   Data          10  i_serial.o(.bss)
    __initial_sp                             0x2000b700   Data           0  startup_stm32f405xx.o(STACK)



==============================================================================

Memory Map of the image

  Image Entry point : 0x08000189

  Load Region LR_IROM1 (Base: 0x08000000, Size: 0x000074fc, Max: 0x00100000, ABSOLUTE, COMPRESSED[0x0000702c])

    Execution Region ER_IROM1 (Exec base: 0x08000000, Load base: 0x08000000, Size: 0x00006f30, Max: 0x00100000, ABSOLUTE)

    Exec Addr    Load Addr    Size         Type   Attr      Idx    E Section Name        Object

    0x08000000   0x08000000   0x00000188   Data   RO            3    RESET               startup_stm32f405xx.o
    0x08000188   0x08000188   0x00000000   Code   RO         6264  * .ARM.Collect$$$$00000000  mc_w.l(entry.o)
    0x08000188   0x08000188   0x00000004   Code   RO         6620    .ARM.Collect$$$$00000001  mc_w.l(entry2.o)
    0x0800018c   0x0800018c   0x00000004   Code   RO         6623    .ARM.Collect$$$$00000004  mc_w.l(entry5.o)
    0x08000190   0x08000190   0x00000000   Code   RO         6625    .ARM.Collect$$$$00000008  mc_w.l(entry7b.o)
    0x08000190   0x08000190   0x00000000   Code   RO         6627    .ARM.Collect$$$$0000000A  mc_w.l(entry8b.o)
    0x08000190   0x08000190   0x00000008   Code   RO         6628    .ARM.Collect$$$$0000000B  mc_w.l(entry9a.o)
    0x08000198   0x08000198   0x00000000   Code   RO         6630    .ARM.Collect$$$$0000000D  mc_w.l(entry10a.o)
    0x08000198   0x08000198   0x00000000   Code   RO         6632    .ARM.Collect$$$$0000000F  mc_w.l(entry11a.o)
    0x08000198   0x08000198   0x00000004   Code   RO         6621    .ARM.Collect$$$$00002712  mc_w.l(entry2.o)
    0x0800019c   0x0800019c   0x000000be   Code   RO         6079    .emb_text           port.o
    0x0800025a   0x0800025a   0x00000002   PAD
    0x0800025c   0x0800025c   0x00000024   Code   RO            4    .text               startup_stm32f405xx.o
    0x08000280   0x08000280   0x00000062   Code   RO         6267    .text               mc_w.l(uldiv.o)
    0x080002e2   0x080002e2   0x00000024   Code   RO         6269    .text               mc_w.l(memcpya.o)
    0x08000306   0x08000306   0x00000024   Code   RO         6273    .text               mc_w.l(memseta.o)
    0x0800032a   0x0800032a   0x000000b0   Code   RO         6545    .text               mf_w.l(fadd.o)
    0x080003da   0x080003da   0x0000007c   Code   RO         6547    .text               mf_w.l(fdiv.o)
    0x08000456   0x08000456   0x0000000a   Code   RO         6557    .text               mf_w.l(ffltui.o)
    0x08000460   0x08000460   0x00000026   Code   RO         6565    .text               mf_w.l(f2d.o)
    0x08000486   0x08000486   0x00000002   PAD
    0x08000488   0x08000488   0x00000030   Code   RO         6567    .text               mf_w.l(cdcmple.o)
    0x080004b8   0x080004b8   0x00000030   Code   RO         6569    .text               mf_w.l(cdrcmple.o)
    0x080004e8   0x080004e8   0x0000001e   Code   RO         6637    .text               mc_w.l(llshl.o)
    0x08000506   0x08000506   0x00000020   Code   RO         6639    .text               mc_w.l(llushr.o)
    0x08000526   0x08000526   0x00000000   Code   RO         6656    .text               mc_w.l(iusefp.o)
    0x08000526   0x08000526   0x0000006e   Code   RO         6657    .text               mf_w.l(fepilogue.o)
    0x08000594   0x08000594   0x00000024   Code   RO         6671    .text               mc_w.l(init.o)
    0x080005b8   0x080005b8   0x00000056   Code   RO         6690    .text               mc_w.l(__dczerorl2.o)
    0x0800060e   0x0800060e   0x00000002   PAD
    0x08000610   0x08000610   0x00000086   Code   RO         6157    .text.arm_mean_f32  arm_cortexM4l_math.lib(arm_mean_f32.o)
    0x08000696   0x08000696   0x00000004   Code   RO          596    i.BusFault_Handler  stm32f4xx_it.o
    0x0800069a   0x0800069a   0x00000002   PAD
    0x0800069c   0x0800069c   0x00000010   Code   RO          597    i.CAN1_RX0_IRQHandler  stm32f4xx_it.o
    0x080006ac   0x080006ac   0x00000010   Code   RO          598    i.CAN1_SCE_IRQHandler  stm32f4xx_it.o
    0x080006bc   0x080006bc   0x00000010   Code   RO          599    i.CAN2_RX1_IRQHandler  stm32f4xx_it.o
    0x080006cc   0x080006cc   0x00000010   Code   RO          600    i.CAN2_SCE_IRQHandler  stm32f4xx_it.o
    0x080006dc   0x080006dc   0x0000009c   Code   RO         3911    i.CAN_Init          can_bsp.o
    0x08000778   0x08000778   0x00000010   Code   RO          601    i.DMA1_Stream0_IRQHandler  stm32f4xx_it.o
    0x08000788   0x08000788   0x00000034   Code   RO         1523    i.DMA_CalcBaseAndBitshift  stm32f4xx_hal_dma.o
    0x080007bc   0x080007bc   0x000000aa   Code   RO         1524    i.DMA_CheckFifoParam  stm32f4xx_hal_dma.o
    0x08000866   0x08000866   0x0000002c   Code   RO         1525    i.DMA_SetConfig     stm32f4xx_hal_dma.o
    0x08000892   0x08000892   0x00000002   Code   RO          602    i.DebugMon_Handler  stm32f4xx_it.o
    0x08000894   0x08000894   0x00000006   Code   RO           13    i.Error_Handler     main.o
    0x0800089a   0x0800089a   0x00000002   PAD
    0x0800089c   0x0800089c   0x00000058   Code   RO         3944    i.FabsD             rm3508.o
    0x080008f4   0x080008f4   0x0000002a   Code   RO          786    i.HAL_CAN_ActivateNotification  stm32f4xx_hal_can.o
    0x0800091e   0x0800091e   0x00000156   Code   RO          787    i.HAL_CAN_AddTxMessage  stm32f4xx_hal_can.o
    0x08000a74   0x08000a74   0x00000124   Code   RO          788    i.HAL_CAN_ConfigFilter  stm32f4xx_hal_can.o
    0x08000b98   0x08000b98   0x00000002   Code   RO          791    i.HAL_CAN_ErrorCallback  stm32f4xx_hal_can.o
    0x08000b9a   0x08000b9a   0x0000017a   Code   RO          794    i.HAL_CAN_GetRxMessage  stm32f4xx_hal_can.o
    0x08000d14   0x08000d14   0x00000036   Code   RO          796    i.HAL_CAN_GetTxMailboxesFreeLevel  stm32f4xx_hal_can.o
    0x08000d4a   0x08000d4a   0x0000024e   Code   RO          798    i.HAL_CAN_IRQHandler  stm32f4xx_hal_can.o
    0x08000f98   0x08000f98   0x00000174   Code   RO          799    i.HAL_CAN_Init      stm32f4xx_hal_can.o
    0x0800110c   0x0800110c   0x00000184   Code   RO          374    i.HAL_CAN_MspInit   can.o
    0x08001290   0x08001290   0x00000002   Code   RO          806    i.HAL_CAN_RxFifo0FullCallback  stm32f4xx_hal_can.o
    0x08001292   0x08001292   0x00000002   PAD
    0x08001294   0x08001294   0x00000108   Code   RO         4067    i.HAL_CAN_RxFifo0MsgPendingCallback  dr_rm3508.o
    0x0800139c   0x0800139c   0x00000002   Code   RO          808    i.HAL_CAN_RxFifo1FullCallback  stm32f4xx_hal_can.o
    0x0800139e   0x0800139e   0x00000002   PAD
    0x080013a0   0x080013a0   0x00000048   Code   RO         4068    i.HAL_CAN_RxFifo1MsgPendingCallback  dr_rm3508.o
    0x080013e8   0x080013e8   0x00000002   Code   RO          810    i.HAL_CAN_SleepCallback  stm32f4xx_hal_can.o
    0x080013ea   0x080013ea   0x0000005e   Code   RO          811    i.HAL_CAN_Start     stm32f4xx_hal_can.o
    0x08001448   0x08001448   0x00000002   Code   RO          813    i.HAL_CAN_TxMailbox0AbortCallback  stm32f4xx_hal_can.o
    0x0800144a   0x0800144a   0x00000002   Code   RO          814    i.HAL_CAN_TxMailbox0CompleteCallback  stm32f4xx_hal_can.o
    0x0800144c   0x0800144c   0x00000002   Code   RO          815    i.HAL_CAN_TxMailbox1AbortCallback  stm32f4xx_hal_can.o
    0x0800144e   0x0800144e   0x00000002   Code   RO          816    i.HAL_CAN_TxMailbox1CompleteCallback  stm32f4xx_hal_can.o
    0x08001450   0x08001450   0x00000002   Code   RO          817    i.HAL_CAN_TxMailbox2AbortCallback  stm32f4xx_hal_can.o
    0x08001452   0x08001452   0x00000002   Code   RO          818    i.HAL_CAN_TxMailbox2CompleteCallback  stm32f4xx_hal_can.o
    0x08001454   0x08001454   0x00000002   Code   RO          820    i.HAL_CAN_WakeUpFromRxMsgCallback  stm32f4xx_hal_can.o
    0x08001456   0x08001456   0x000000ac   Code   RO         1526    i.HAL_DMA_Abort     stm32f4xx_hal_dma.o
    0x08001502   0x08001502   0x00000028   Code   RO         1527    i.HAL_DMA_Abort_IT  stm32f4xx_hal_dma.o
    0x0800152a   0x0800152a   0x00000002   PAD
    0x0800152c   0x0800152c   0x00000240   Code   RO         1531    i.HAL_DMA_IRQHandler  stm32f4xx_hal_dma.o
    0x0800176c   0x0800176c   0x000000ec   Code   RO         1532    i.HAL_DMA_Init      stm32f4xx_hal_dma.o
    0x08001858   0x08001858   0x00000092   Code   RO         1536    i.HAL_DMA_Start_IT  stm32f4xx_hal_dma.o
    0x080018ea   0x080018ea   0x00000002   PAD
    0x080018ec   0x080018ec   0x000001f4   Code   RO         1419    i.HAL_GPIO_Init     stm32f4xx_hal_gpio.o
    0x08001ae0   0x08001ae0   0x0000000c   Code   RO         1423    i.HAL_GPIO_WritePin  stm32f4xx_hal_gpio.o
    0x08001aec   0x08001aec   0x0000000c   Code   RO         1956    i.HAL_GetTick       stm32f4xx_hal.o
    0x08001af8   0x08001af8   0x00000018   Code   RO         1962    i.HAL_IncTick       stm32f4xx_hal.o
    0x08001b10   0x08001b10   0x0000003c   Code   RO         1963    i.HAL_Init          stm32f4xx_hal.o
    0x08001b4c   0x08001b4c   0x000000b4   Code   RO          746    i.HAL_InitTick      stm32f4xx_hal_timebase_tim.o
    0x08001c00   0x08001c00   0x00000054   Code   RO          722    i.HAL_MspInit       stm32f4xx_hal_msp.o
    0x08001c54   0x08001c54   0x00000020   Code   RO         1808    i.HAL_NVIC_EnableIRQ  stm32f4xx_hal_cortex.o
    0x08001c74   0x08001c74   0x0000007c   Code   RO         1814    i.HAL_NVIC_SetPriority  stm32f4xx_hal_cortex.o
    0x08001cf0   0x08001cf0   0x00000028   Code   RO         1815    i.HAL_NVIC_SetPriorityGrouping  stm32f4xx_hal_cortex.o
    0x08001d18   0x08001d18   0x00000184   Code   RO         1020    i.HAL_RCC_ClockConfig  stm32f4xx_hal_rcc.o
    0x08001e9c   0x08001e9c   0x00000044   Code   RO         1024    i.HAL_RCC_GetClockConfig  stm32f4xx_hal_rcc.o
    0x08001ee0   0x08001ee0   0x0000000c   Code   RO         1025    i.HAL_RCC_GetHCLKFreq  stm32f4xx_hal_rcc.o
    0x08001eec   0x08001eec   0x00000020   Code   RO         1027    i.HAL_RCC_GetPCLK1Freq  stm32f4xx_hal_rcc.o
    0x08001f0c   0x08001f0c   0x00000020   Code   RO         1028    i.HAL_RCC_GetPCLK2Freq  stm32f4xx_hal_rcc.o
    0x08001f2c   0x08001f2c   0x000000b0   Code   RO         1029    i.HAL_RCC_GetSysClockFreq  stm32f4xx_hal_rcc.o
    0x08001fdc   0x08001fdc   0x0000049c   Code   RO         1032    i.HAL_RCC_OscConfig  stm32f4xx_hal_rcc.o
    0x08002478   0x08002478   0x00000002   Code   RO         2208    i.HAL_SPI_ErrorCallback  stm32f4xx_hal_spi.o
    0x0800247a   0x0800247a   0x00000002   PAD
    0x0800247c   0x0800247c   0x0000015c   Code   RO         2211    i.HAL_SPI_IRQHandler  stm32f4xx_hal_spi.o
    0x080025d8   0x080025d8   0x000000c8   Code   RO         2212    i.HAL_SPI_Init      stm32f4xx_hal_spi.o
    0x080026a0   0x080026a0   0x000000d8   Code   RO          447    i.HAL_SPI_MspInit   spi.o
    0x08002778   0x08002778   0x00000170   Code   RO         2215    i.HAL_SPI_Receive   stm32f4xx_hal_spi.o
    0x080028e8   0x080028e8   0x000001ae   Code   RO         2220    i.HAL_SPI_Transmit  stm32f4xx_hal_spi.o
    0x08002a96   0x08002a96   0x0000022a   Code   RO         2221    i.HAL_SPI_TransmitReceive  stm32f4xx_hal_spi.o
    0x08002cc0   0x08002cc0   0x00000002   Code   RO         3240    i.HAL_TIMEx_BreakCallback  stm32f4xx_hal_tim_ex.o
    0x08002cc2   0x08002cc2   0x00000002   Code   RO         3241    i.HAL_TIMEx_CommutCallback  stm32f4xx_hal_tim_ex.o
    0x08002cc4   0x08002cc4   0x000000b4   Code   RO         3259    i.HAL_TIMEx_MasterConfigSynchronization  stm32f4xx_hal_tim_ex.o
    0x08002d78   0x08002d78   0x00000066   Code   RO         2525    i.HAL_TIM_Base_Init  stm32f4xx_hal_tim.o
    0x08002dde   0x08002dde   0x00000002   PAD
    0x08002de0   0x08002de0   0x000000e0   Code   RO          489    i.HAL_TIM_Base_MspInit  tim.o
    0x08002ec0   0x08002ec0   0x000000a8   Code   RO         2530    i.HAL_TIM_Base_Start_IT  stm32f4xx_hal_tim.o
    0x08002f68   0x08002f68   0x0000010c   Code   RO         2534    i.HAL_TIM_ConfigClockSource  stm32f4xx_hal_tim.o
    0x08003074   0x08003074   0x00000002   Code   RO         2555    i.HAL_TIM_ErrorCallback  stm32f4xx_hal_tim.o
    0x08003076   0x08003076   0x00000002   Code   RO         2559    i.HAL_TIM_IC_CaptureCallback  stm32f4xx_hal_tim.o
    0x08003078   0x08003078   0x00000196   Code   RO         2573    i.HAL_TIM_IRQHandler  stm32f4xx_hal_tim.o
    0x0800320e   0x0800320e   0x00000002   Code   RO         2576    i.HAL_TIM_OC_DelayElapsedCallback  stm32f4xx_hal_tim.o
    0x08003210   0x08003210   0x000000bc   Code   RO         4120    i.HAL_TIM_PWM_PulseFinishedCallback  rgb.o
    0x080032cc   0x080032cc   0x00000002   Code   RO         2604    i.HAL_TIM_PWM_PulseFinishedHalfCpltCallback  stm32f4xx_hal_tim.o
    0x080032ce   0x080032ce   0x00000002   PAD
    0x080032d0   0x080032d0   0x00000248   Code   RO         2606    i.HAL_TIM_PWM_Start_DMA  stm32f4xx_hal_tim.o
    0x08003518   0x08003518   0x00000114   Code   RO         2609    i.HAL_TIM_PWM_Stop_DMA  stm32f4xx_hal_tim.o
    0x0800362c   0x0800362c   0x00000044   Code   RO           14    i.HAL_TIM_PeriodElapsedCallback  main.o
    0x08003670   0x08003670   0x00000002   Code   RO         2616    i.HAL_TIM_TriggerCallback  stm32f4xx_hal_tim.o
    0x08003672   0x08003672   0x00000082   Code   RO         3516    i.HAL_UARTEx_ReceiveToIdle_DMA  stm32f4xx_hal_uart.o
    0x080036f4   0x080036f4   0x00000002   Code   RO         3518    i.HAL_UARTEx_RxEventCallback  stm32f4xx_hal_uart.o
    0x080036f6   0x080036f6   0x00000002   Code   RO         3532    i.HAL_UART_ErrorCallback  stm32f4xx_hal_uart.o
    0x080036f8   0x080036f8   0x000002e0   Code   RO         3535    i.HAL_UART_IRQHandler  stm32f4xx_hal_uart.o
    0x080039d8   0x080039d8   0x00000072   Code   RO         3536    i.HAL_UART_Init     stm32f4xx_hal_uart.o
    0x08003a4a   0x08003a4a   0x00000002   PAD
    0x08003a4c   0x08003a4c   0x000001c8   Code   RO          549    i.HAL_UART_MspInit  usart.o
    0x08003c14   0x08003c14   0x00000042   Code   RO         3541    i.HAL_UART_Receive_IT  stm32f4xx_hal_uart.o
    0x08003c56   0x08003c56   0x00000002   PAD
    0x08003c58   0x08003c58   0x00000094   Code   RO         4566    i.HAL_UART_RxCpltCallback  myserial.o
    0x08003cec   0x08003cec   0x00000002   Code   RO         3543    i.HAL_UART_RxHalfCpltCallback  stm32f4xx_hal_uart.o
    0x08003cee   0x08003cee   0x00000002   Code   RO         3547    i.HAL_UART_TxCpltCallback  stm32f4xx_hal_uart.o
    0x08003cf0   0x08003cf0   0x00000004   Code   RO          603    i.HardFault_Handler  stm32f4xx_it.o
    0x08003cf4   0x08003cf4   0x00000180   Code   RO         4221    i.ICM42688_yaw_adjust  icm42688.o
    0x08003e74   0x08003e74   0x00000072   Code   RO         4181    i.KalmanFilter      filt.o
    0x08003ee6   0x08003ee6   0x00000002   PAD
    0x08003ee8   0x08003ee8   0x00000044   Code   RO          375    i.MX_CAN1_Init      can.o
    0x08003f2c   0x08003f2c   0x00000044   Code   RO          376    i.MX_CAN2_Init      can.o
    0x08003f70   0x08003f70   0x00000038   Code   RO          422    i.MX_DMA_Init       dma.o
    0x08003fa8   0x08003fa8   0x000000b4   Code   RO          289    i.MX_FREERTOS_Init  freertos.o
    0x0800405c   0x0800405c   0x00000110   Code   RO          265    i.MX_GPIO_Init      gpio.o
    0x0800416c   0x0800416c   0x00000044   Code   RO          448    i.MX_SPI2_Init      spi.o
    0x080041b0   0x080041b0   0x00000034   Code   RO          490    i.MX_TIM13_Init     tim.o
    0x080041e4   0x080041e4   0x00000030   Code   RO          491    i.MX_TIM14_Init     tim.o
    0x08004214   0x08004214   0x00000070   Code   RO          492    i.MX_TIM5_Init      tim.o
    0x08004284   0x08004284   0x00000048   Code   RO          493    i.MX_TIM6_Init      tim.o
    0x080042cc   0x080042cc   0x00000038   Code   RO          550    i.MX_UART4_Init     usart.o
    0x08004304   0x08004304   0x00000038   Code   RO          551    i.MX_UART5_Init     usart.o
    0x0800433c   0x0800433c   0x00000004   Code   RO          604    i.MemManage_Handler  stm32f4xx_it.o
    0x08004340   0x08004340   0x00000004   Code   RO          605    i.NMI_Handler       stm32f4xx_it.o
    0x08004344   0x08004344   0x00000098   Code   RO         4121    i.RGB_Cal_Color     rgb.o
    0x080043dc   0x080043dc   0x0000005c   Code   RO         3947    i.RM3508_CAN_Send_Data  rm3508.o
    0x08004438   0x08004438   0x00000040   Code   RO         3949    i.RM3508_Get_Feedback  rm3508.o
    0x08004478   0x08004478   0x00000010   Code   RO         3950    i.RM3508_Get_Pos    rm3508.o
    0x08004488   0x08004488   0x00000060   Code   RO         3951    i.RM3508_Get_Speed  rm3508.o
    0x080044e8   0x080044e8   0x0000009c   Code   RO         3953    i.RM3508_Pos_Rec    rm3508.o
    0x08004584   0x08004584   0x00000098   Code   RO         3955    i.RM3508_Set_I      rm3508.o
    0x0800461c   0x0800461c   0x00000010   Code   RO         3956    i.RM3508_Set_NowPos  rm3508.o
    0x0800462c   0x0800462c   0x00000298   Code   RO         3957    i.RM3508_Set_Pos    rm3508.o
    0x080048c4   0x080048c4   0x000002a4   Code   RO         3958    i.RM3508_Set_Speed  rm3508.o
    0x08004b68   0x08004b68   0x00000010   Code   RO          606    i.SPI2_IRQHandler   stm32f4xx_it.o
    0x08004b78   0x08004b78   0x00000014   Code   RO         2239    i.SPI_DMAAbortOnError  stm32f4xx_hal_spi.o
    0x08004b8c   0x08004b8c   0x00000094   Code   RO         2249    i.SPI_EndRxTransaction  stm32f4xx_hal_spi.o
    0x08004c20   0x08004c20   0x0000006c   Code   RO         2250    i.SPI_EndRxTxTransaction  stm32f4xx_hal_spi.o
    0x08004c8c   0x08004c8c   0x000000d8   Code   RO         2255    i.SPI_WaitFlagStateUntilTimeout  stm32f4xx_hal_spi.o
    0x08004d64   0x08004d64   0x0000000a   Code   RO          290    i.StartDefaultTask  freertos.o
    0x08004d6e   0x08004d6e   0x00000002   PAD
    0x08004d70   0x08004d70   0x00000148   Code   RO          291    i.StartGetBall      freertos.o
    0x08004eb8   0x08004eb8   0x00000120   Code   RO          292    i.StartReadyGetBall  freertos.o
    0x08004fd8   0x08004fd8   0x0000014c   Code   RO          293    i.StartReadyPutBall  freertos.o
    0x08005124   0x08005124   0x0000000a   Code   RO          294    i.StartTask02       freertos.o
    0x0800512e   0x0800512e   0x0000000a   Code   RO          295    i.StartTask03       freertos.o
    0x08005138   0x08005138   0x00000034   Code   RO         6080    i.SysTick_Handler   port.o
    0x0800516c   0x0800516c   0x000000b4   Code   RO           15    i.SystemClock_Config  main.o
    0x08005220   0x08005220   0x00000014   Code   RO         3875    i.SystemInit        system_stm32f4xx.o
    0x08005234   0x08005234   0x00000010   Code   RO          607    i.TIM3_IRQHandler   stm32f4xx_it.o
    0x08005244   0x08005244   0x00000010   Code   RO          608    i.TIM5_IRQHandler   stm32f4xx_it.o
    0x08005254   0x08005254   0x00000010   Code   RO          609    i.TIM6_DAC_IRQHandler  stm32f4xx_it.o
    0x08005264   0x08005264   0x000000d8   Code   RO         2618    i.TIM_Base_SetConfig  stm32f4xx_hal_tim.o
    0x0800533c   0x0800533c   0x00000022   Code   RO         2619    i.TIM_CCxChannelCmd  stm32f4xx_hal_tim.o
    0x0800535e   0x0800535e   0x00000068   Code   RO         2622    i.TIM_DMADelayPulseCplt  stm32f4xx_hal_tim.o
    0x080053c6   0x080053c6   0x00000040   Code   RO         2623    i.TIM_DMADelayPulseHalfCplt  stm32f4xx_hal_tim.o
    0x08005406   0x08005406   0x0000005e   Code   RO         2624    i.TIM_DMAError      stm32f4xx_hal_tim.o
    0x08005464   0x08005464   0x00000016   Code   RO         2629    i.TIM_ETR_SetConfig  stm32f4xx_hal_tim.o
    0x0800547a   0x0800547a   0x00000012   Code   RO         2630    i.TIM_ITRx_SetConfig  stm32f4xx_hal_tim.o
    0x0800548c   0x0800548c   0x00000026   Code   RO         2636    i.TIM_TI1_ConfigInputStage  stm32f4xx_hal_tim.o
    0x080054b2   0x080054b2   0x00000028   Code   RO         2638    i.TIM_TI2_ConfigInputStage  stm32f4xx_hal_tim.o
    0x080054da   0x080054da   0x00000002   PAD
    0x080054dc   0x080054dc   0x0000001c   Code   RO          610    i.UART5_IRQHandler  stm32f4xx_it.o
    0x080054f8   0x080054f8   0x00000014   Code   RO         3549    i.UART_DMAAbortOnError  stm32f4xx_hal_uart.o
    0x0800550c   0x0800550c   0x00000050   Code   RO         3550    i.UART_DMAError     stm32f4xx_hal_uart.o
    0x0800555c   0x0800555c   0x000000b0   Code   RO         3551    i.UART_DMAReceiveCplt  stm32f4xx_hal_uart.o
    0x0800560c   0x0800560c   0x00000020   Code   RO         3553    i.UART_DMARxHalfCplt  stm32f4xx_hal_uart.o
    0x0800562c   0x0800562c   0x0000006c   Code   RO         3559    i.UART_EndRxTransfer  stm32f4xx_hal_uart.o
    0x08005698   0x08005698   0x00000020   Code   RO         3560    i.UART_EndTransmit_IT  stm32f4xx_hal_uart.o
    0x080056b8   0x080056b8   0x00000026   Code   RO         3561    i.UART_EndTxTransfer  stm32f4xx_hal_uart.o
    0x080056de   0x080056de   0x000000f8   Code   RO         3562    i.UART_Receive_IT   stm32f4xx_hal_uart.o
    0x080057d6   0x080057d6   0x00000002   PAD
    0x080057d8   0x080057d8   0x0000022c   Code   RO         3563    i.UART_SetConfig    stm32f4xx_hal_uart.o
    0x08005a04   0x08005a04   0x000000d0   Code   RO         3564    i.UART_Start_Receive_DMA  stm32f4xx_hal_uart.o
    0x08005ad4   0x08005ad4   0x0000004a   Code   RO         3565    i.UART_Start_Receive_IT  stm32f4xx_hal_uart.o
    0x08005b1e   0x08005b1e   0x00000060   Code   RO         3566    i.UART_Transmit_IT  stm32f4xx_hal_uart.o
    0x08005b7e   0x08005b7e   0x00000004   Code   RO          611    i.UsageFault_Handler  stm32f4xx_it.o
    0x08005b82   0x08005b82   0x00000002   PAD
    0x08005b84   0x08005b84   0x00000010   Code   RO         1821    i.__NVIC_GetPriorityGrouping  stm32f4xx_hal_cortex.o
    0x08005b94   0x08005b94   0x00000028   Code   RO         1822    i.__NVIC_SetPriority  stm32f4xx_hal_cortex.o
    0x08005bbc   0x08005bbc   0x00000014   Code   RO         6204    i.__hardfp_fabs     m_wm.l(fabs.o)
    0x08005bd0   0x08005bd0   0x0000000e   Code   RO         6684    i.__scatterload_copy  mc_w.l(handlers.o)
    0x08005bde   0x08005bde   0x00000002   Code   RO         6685    i.__scatterload_null  mc_w.l(handlers.o)
    0x08005be0   0x08005be0   0x0000000e   Code   RO         6686    i.__scatterload_zeroinit  mc_w.l(handlers.o)
    0x08005bee   0x08005bee   0x00000002   PAD
    0x08005bf0   0x08005bf0   0x00000060   Code   RO         4233    i.getGyroDataZ      icm42688.o
    0x08005c50   0x08005c50   0x00000022   Code   RO         4234    i.getICM42688data   icm42688.o
    0x08005c72   0x08005c72   0x00000002   PAD
    0x08005c74   0x08005c74   0x00000054   Code   RO           16    i.main              main.o
    0x08005cc8   0x08005cc8   0x0000000e   Code   RO         5645    i.makeFreeRtosPriority  cmsis_os.o
    0x08005cd6   0x08005cd6   0x00000018   Code   RO         5647    i.osDelay           cmsis_os.o
    0x08005cee   0x08005cee   0x0000000a   Code   RO         5650    i.osKernelStart     cmsis_os.o
    0x08005cf8   0x08005cf8   0x0000005e   Code   RO         5684    i.osThreadCreate    cmsis_os.o
    0x08005d56   0x08005d56   0x00000002   PAD
    0x08005d58   0x08005d58   0x00000098   Code   RO         5316    i.prvAddCurrentTaskToDelayedList  tasks.o
    0x08005df0   0x08005df0   0x000000b4   Code   RO         5317    i.prvAddNewTaskToReadyList  tasks.o
    0x08005ea4   0x08005ea4   0x00000048   Code   RO         5318    i.prvCheckTasksWaitingTermination  tasks.o
    0x08005eec   0x08005eec   0x00000050   Code   RO         5319    i.prvDeleteTCB      tasks.o
    0x08005f3c   0x08005f3c   0x0000007c   Code   RO         6012    i.prvHeapInit       heap_4.o
    0x08005fb8   0x08005fb8   0x00000028   Code   RO         5320    i.prvIdleTask       tasks.o
    0x08005fe0   0x08005fe0   0x000000b4   Code   RO         5321    i.prvInitialiseNewTask  tasks.o
    0x08006094   0x08006094   0x00000068   Code   RO         5322    i.prvInitialiseTaskLists  tasks.o
    0x080060fc   0x080060fc   0x00000068   Code   RO         6013    i.prvInsertBlockIntoFreeList  heap_4.o
    0x08006164   0x08006164   0x00000034   Code   RO         5323    i.prvResetNextTaskUnblockTime  tasks.o
    0x08006198   0x08006198   0x00000040   Code   RO         6081    i.prvTaskExitError  port.o
    0x080061d8   0x080061d8   0x00000058   Code   RO         5324    i.prvTaskIsTaskSuspended  tasks.o
    0x08006230   0x08006230   0x0000014c   Code   RO         6014    i.pvPortMalloc      heap_4.o
    0x0800637c   0x0800637c   0x0000002c   Code   RO         6082    i.pxPortInitialiseStack  port.o
    0x080063a8   0x080063a8   0x00000048   Code   RO         4240    i.readReg           icm42688.o
    0x080063f0   0x080063f0   0x00000028   Code   RO         4942    i.uxListRemove      list.o
    0x08006418   0x08006418   0x00000018   Code   RO          296    i.vApplicationGetIdleTaskMemory  freertos.o
    0x08006430   0x08006430   0x0000001a   Code   RO         4943    i.vListInitialise   list.o
    0x0800644a   0x0800644a   0x00000006   Code   RO         4944    i.vListInitialiseItem  list.o
    0x08006450   0x08006450   0x00000034   Code   RO         4945    i.vListInsert       list.o
    0x08006484   0x08006484   0x00000018   Code   RO         4946    i.vListInsertEnd    list.o
    0x0800649c   0x0800649c   0x00000054   Code   RO         6084    i.vPortEnterCritical  port.o
    0x080064f0   0x080064f0   0x0000003c   Code   RO         6085    i.vPortExitCritical  port.o
    0x0800652c   0x0800652c   0x000000a4   Code   RO         6015    i.vPortFree         heap_4.o
    0x080065d0   0x080065d0   0x00000028   Code   RO         6086    i.vPortSetupTimerInterrupt  port.o
    0x080065f8   0x080065f8   0x0000005c   Code   RO         5332    i.vTaskDelay        tasks.o
    0x08006654   0x08006654   0x00000090   Code   RO         5343    i.vTaskResume       tasks.o
    0x080066e4   0x080066e4   0x000000b0   Code   RO         5345    i.vTaskStartScheduler  tasks.o
    0x08006794   0x08006794   0x000000f4   Code   RO         5346    i.vTaskSuspend      tasks.o
    0x08006888   0x08006888   0x00000010   Code   RO         5347    i.vTaskSuspendAll   tasks.o
    0x08006898   0x08006898   0x0000008c   Code   RO         5348    i.vTaskSwitchContext  tasks.o
    0x08006924   0x08006924   0x00000168   Code   RO         6088    i.xPortStartScheduler  port.o
    0x08006a8c   0x08006a8c   0x00000064   Code   RO         5351    i.xTaskCreate       tasks.o
    0x08006af0   0x08006af0   0x000000ba   Code   RO         5352    i.xTaskCreateStatic  tasks.o
    0x08006baa   0x08006baa   0x00000002   PAD
    0x08006bac   0x08006bac   0x00000148   Code   RO         5359    i.xTaskIncrementTick  tasks.o
    0x08006cf4   0x08006cf4   0x00000104   Code   RO         5365    i.xTaskResumeAll    tasks.o
    0x08006df8   0x08006df8   0x000000a8   Data   RO          298    .constdata          freertos.o
    0x08006ea0   0x08006ea0   0x00000008   Data   RO         1538    .constdata          stm32f4xx_hal_dma.o
    0x08006ea8   0x08006ea8   0x00000018   Data   RO         3876    .constdata          system_stm32f4xx.o
    0x08006ec0   0x08006ec0   0x0000004f   Data   RO          299    .conststring        freertos.o
    0x08006f0f   0x08006f0f   0x00000001   PAD
    0x08006f10   0x08006f10   0x00000020   Data   RO         6682    Region$$Table       anon$$obj.o


    Execution Region RW_IRAM1 (Exec base: 0x20000000, Load base: 0x08006f30, Size: 0x0000b700, Max: 0x0001c000, ABSOLUTE, COMPRESSED[0x000000fc])

    Exec Addr    Load Addr    Size         Type   Attr      Idx    E Section Name        Object

    0x20000000   COMPRESSED   0x0000001c   Data   RW          300    .data               freertos.o
    0x2000001c   COMPRESSED   0x00000004   Data   RW          378    .data               can.o
    0x20000020   COMPRESSED   0x00000009   Data   RW         1970    .data               stm32f4xx_hal.o
    0x20000029   COMPRESSED   0x00000003   PAD
    0x2000002c   COMPRESSED   0x00000004   Data   RW         3877    .data               system_stm32f4xx.o
    0x20000030   COMPRESSED   0x00000410   Data   RW         3962    .data               rm3508.o
    0x20000440   COMPRESSED   0x00000055   Data   RW         4071    .data               dr_rm3508.o
    0x20000495   COMPRESSED   0x00000001   PAD
    0x20000496   COMPRESSED   0x00000005   Data   RW         4127    .data               rgb.o
    0x2000049b   COMPRESSED   0x00000001   PAD
    0x2000049c   COMPRESSED   0x00000038   Data   RW         4182    .data               filt.o
    0x200004d4   COMPRESSED   0x0000006b   Data   RW         4261    .data               icm42688.o
    0x2000053f   COMPRESSED   0x00000001   PAD
    0x20000540   COMPRESSED   0x00000021   Data   RW         4572    .data               myserial.o
    0x20000561   COMPRESSED   0x00000003   PAD
    0x20000564   COMPRESSED   0x0000003c   Data   RW         5368    .data               tasks.o
    0x200005a0   COMPRESSED   0x00000020   Data   RW         6021    .data               heap_4.o
    0x200005c0   COMPRESSED   0x0000000c   Data   RW         6089    .data               port.o
    0x200005cc        -       0x00000254   Zero   RW          297    .bss                freertos.o
    0x20000820        -       0x00000050   Zero   RW          377    .bss                can.o
    0x20000870        -       0x00000058   Zero   RW          449    .bss                spi.o
    0x200008c8        -       0x00000120   Zero   RW          494    .bss                tim.o
    0x200009e8        -       0x000000e8   Zero   RW          552    .bss                usart.o
    0x20000ad0        -       0x00000048   Zero   RW          749    .bss                stm32f4xx_hal_timebase_tim.o
    0x20000b18        -       0x00000098   Zero   RW         3960    .bss                rm3508.o
    0x20000bb0        -       0x000008d4   Zero   RW         4126    .bss                rgb.o
    0x20001484        -       0x00005f7c   Zero   RW         4260    .bss                icm42688.o
    0x20007400        -       0x00000200   Zero   RW         4571    .bss                myserial.o
    0x20007600        -       0x0000000a   Zero   RW         4807    .bss                i_serial.o
    0x2000760a   COMPRESSED   0x00000002   PAD
    0x2000760c        -       0x000000f0   Zero   RW         5367    .bss                tasks.o
    0x200076fc        -       0x00003c00   Zero   RW         6020    .bss                heap_4.o
    0x2000b2fc   COMPRESSED   0x00000004   PAD
    0x2000b300        -       0x00000400   Zero   RW            1    STACK               startup_stm32f405xx.o


    Execution Region RW_IRAM2 (Exec base: 0x2001c000, Load base: 0x0800702c, Size: 0x00000000, Max: 0x00004000, ABSOLUTE)

    **** No section assigned to this execution region ****


==============================================================================

Image component sizes


      Code (inc. data)   RO Data    RW Data    ZI Data      Debug   Object Name

       524         40          0          4         80       2422   can.o
       156         10          0          0          0        987   can_bsp.o
       142          0          0          0          0      22983   cmsis_os.o
        56          4          0          0          0        746   dma.o
       336         40          0         85          0       2831   dr_rm3508.o
         0          0          0          0          0      16924   event_groups.o
       114          0          0         56          0       1747   filt.o
      1182        128        247         28        596       6183   freertos.o
       272         14          0          0          0       1035   gpio.o
       724         74          0         32      15360       7375   heap_4.o
         0          0          0          0         10        684   i_serial.o
       586         50          0        107      24444      15014   icm42688.o
       148          0          0          0          0       3534   list.o
       338         32          0          0          0     693760   main.o
       148         42          0         33        512       1844   myserial.o
       894         78          0         12          0      11052   port.o
       340         30          0          5       2260       2621   rgb.o
      2020         84          0       1040        152       8776   rm3508.o
       284         26          0          0         88       1709   spi.o
        36          8        392          0       1024        828   startup_stm32f405xx.o
        96         20          0          9          0       8030   stm32f4xx_hal.o
      2186          6          0          0          0      14257   stm32f4xx_hal_can.o
       252         22          0          0          0      33650   stm32f4xx_hal_cortex.o
      1436         16          8          0          0       6954   stm32f4xx_hal_dma.o
       512         46          0          0          0       2084   stm32f4xx_hal_gpio.o
        84          6          0          0          0        842   stm32f4xx_hal_msp.o
      1888         94          0          0          0       6205   stm32f4xx_hal_rcc.o
      2394         20          0          0          0      10055   stm32f4xx_hal_spi.o
      2444        124          0          0          0      14893   stm32f4xx_hal_tim.o
       184         30          0          0          0       2461   stm32f4xx_hal_tim_ex.o
       180         20          0          0         72       1439   stm32f4xx_hal_timebase_tim.o
      2722         26          0          0          0      15578   stm32f4xx_hal_uart.o
       194         62          0          0          0       7646   stm32f4xx_it.o
         0          0          0          0          0        432   stream_buffer.o
        20          6         24          4          0       1103   system_stm32f4xx.o
      2634        328          0         60        240      22850   tasks.o
       508         58          0          0        288       3429   tim.o
       568         52          0          0        232       2521   usart.o

    ----------------------------------------------------------------------
     26642       1596        704       1484      45364     957484   Object Totals
         0          0         32          0          0          0   (incl. Generated)
        40          0          1          9          6          0   (incl. Padding)

    ----------------------------------------------------------------------

      Code (inc. data)   RO Data    RW Data    ZI Data      Debug   Library Member Name

       134          0          0          0          0       1069   arm_mean_f32.o
        20          0          0          0          0        124   fabs.o
        86          0          0          0          0          0   __dczerorl2.o
         0          0          0          0          0          0   entry.o
         0          0          0          0          0          0   entry10a.o
         0          0          0          0          0          0   entry11a.o
         8          4          0          0          0          0   entry2.o
         4          0          0          0          0          0   entry5.o
         0          0          0          0          0          0   entry7b.o
         0          0          0          0          0          0   entry8b.o
         8          4          0          0          0          0   entry9a.o
        30          0          0          0          0          0   handlers.o
        36          8          0          0          0         68   init.o
         0          0          0          0          0          0   iusefp.o
        30          0          0          0          0         68   llshl.o
        32          0          0          0          0         68   llushr.o
        36          0          0          0          0         68   memcpya.o
        36          0          0          0          0        108   memseta.o
        98          0          0          0          0         92   uldiv.o
        48          0          0          0          0         68   cdcmple.o
        48          0          0          0          0         68   cdrcmple.o
        38          0          0          0          0         68   f2d.o
       176          0          0          0          0        140   fadd.o
       124          0          0          0          0         88   fdiv.o
       110          0          0          0          0        168   fepilogue.o
        10          0          0          0          0         68   ffltui.o

    ----------------------------------------------------------------------
      1118         16          0          0          0       2333   Library Totals
         6          0          0          0          0          0   (incl. Padding)

    ----------------------------------------------------------------------

      Code (inc. data)   RO Data    RW Data    ZI Data      Debug   Library Name

       134          0          0          0          0       1069   arm_cortexM4l_math.lib
        20          0          0          0          0        124   m_wm.l
       404         16          0          0          0        472   mc_w.l
       554          0          0          0          0        668   mf_w.l

    ----------------------------------------------------------------------
      1118         16          0          0          0       2333   Library Totals

    ----------------------------------------------------------------------

==============================================================================


      Code (inc. data)   RO Data    RW Data    ZI Data      Debug   

     27760       1612        704       1484      45364     939833   Grand Totals
     27760       1612        704        252      45364     939833   ELF Image Totals (compressed)
     27760       1612        704        252          0          0   ROM Totals

==============================================================================

    Total RO  Size (Code + RO Data)                28464 (  27.80kB)
    Total RW  Size (RW Data + ZI Data)             46848 (  45.75kB)
    Total ROM Size (Code + RO Data + RW Data)      28716 (  28.04kB)

==============================================================================

